<html>
<body>
<pre>
<h1>µVision Build Log</h1>
<h2>Tool Versions:</h2>
IDE-Version: £gVision V5.29.0.0
Copyright (C) 2019 ARM Ltd and ARM Germany GmbH. All rights reserved.
License Information: Lizzie Tsai, None, LIC=----
 
Tool Versions:
Toolchain:       MDK-Lite  Version: 5.29.0.0
Toolchain Path:  C:\Keil_v5\ARM\ARMCC\Bin
C Compiler:      Armcc.exe V5.06 update 6 (build 750)
Assembler:       Armasm.exe V5.06 update 6 (build 750)
Linker/Locator:  ArmLink.exe V5.06 update 6 (build 750)
Library Manager: ArmAr.exe V5.06 update 6 (build 750)
Hex Converter:   FromElf.exe V5.06 update 6 (build 750)
CPU DLL:         SARMCM3.DLL V5.29.0.0
Dialog DLL:      DCM.DLL V1.17.3.0
Target DLL:      STLink\ST-LINKIII-KEIL_SWO.dll V3.0.7.0
Dialog DLL:      TCM.DLL V1.36.5.0
 
<h2>Project:</h2>
C:\Users\Lizzie0930\Desktop\ARM\Lora\07_lora_txrx_led_beep_lcd_lm75_key\MDK-ARM\LED_Test.uvprojx
Project File Date:  11/03/2024

<h2>Output:</h2>
*** Using Compiler 'V5.06 update 6 (build 750)', folder: 'C:\Keil_v5\ARM\ARMCC\Bin'
Build target 'project'
assembling startup_stm32h743xx.s...
compiling stm32h7xx_hal_flash_ex.c...
../Drivers/STM32H7xx_HAL_Driver/Inc/stm32h7xx_ll_fmc.h(860): warning:  #47-D: incompatible redefinition of macro "FMC_NAND_WAIT_FEATURE_DISABLE"  (declared at line 391 of "../Drivers/STM32H7xx_HAL_Driver/Inc/Legacy/stm32_hal_legacy.h")
  #define FMC_NAND_WAIT_FEATURE_DISABLE           ((uint32_t)0x00000000U)
../Drivers/STM32H7xx_HAL_Driver/Inc/stm32h7xx_ll_fmc.h(861): warning:  #47-D: incompatible redefinition of macro "FMC_NAND_WAIT_FEATURE_ENABLE"  (declared at line 392 of "../Drivers/STM32H7xx_HAL_Driver/Inc/Legacy/stm32_hal_legacy.h")
  #define FMC_NAND_WAIT_FEATURE_ENABLE            ((uint32_t)0x00000002U)
../Drivers/STM32H7xx_HAL_Driver/Inc/stm32h7xx_ll_fmc.h(877): warning:  #47-D: incompatible redefinition of macro "FMC_NAND_MEM_BUS_WIDTH_8"  (declared at line 393 of "../Drivers/STM32H7xx_HAL_Driver/Inc/Legacy/stm32_hal_legacy.h")
  #define FMC_NAND_MEM_BUS_WIDTH_8                ((uint32_t)0x00000000U)
../Drivers/STM32H7xx_HAL_Driver/Inc/stm32h7xx_ll_fmc.h(878): warning:  #47-D: incompatible redefinition of macro "FMC_NAND_MEM_BUS_WIDTH_16"  (declared at line 394 of "../Drivers/STM32H7xx_HAL_Driver/Inc/Legacy/stm32_hal_legacy.h")
  #define FMC_NAND_MEM_BUS_WIDTH_16               ((uint32_t)0x00000010U)
../Drivers/STM32H7xx_HAL_Driver/Src/stm32h7xx_hal_flash_ex.c: 4 warnings, 0 errors
compiling stm32h7xx_hal_gpio.c...
../Drivers/STM32H7xx_HAL_Driver/Inc/stm32h7xx_ll_fmc.h(860): warning:  #47-D: incompatible redefinition of macro "FMC_NAND_WAIT_FEATURE_DISABLE"  (declared at line 391 of "../Drivers/STM32H7xx_HAL_Driver/Inc/Legacy/stm32_hal_legacy.h")
  #define FMC_NAND_WAIT_FEATURE_DISABLE           ((uint32_t)0x00000000U)
../Drivers/STM32H7xx_HAL_Driver/Inc/stm32h7xx_ll_fmc.h(861): warning:  #47-D: incompatible redefinition of macro "FMC_NAND_WAIT_FEATURE_ENABLE"  (declared at line 392 of "../Drivers/STM32H7xx_HAL_Driver/Inc/Legacy/stm32_hal_legacy.h")
  #define FMC_NAND_WAIT_FEATURE_ENABLE            ((uint32_t)0x00000002U)
../Drivers/STM32H7xx_HAL_Driver/Inc/stm32h7xx_ll_fmc.h(877): warning:  #47-D: incompatible redefinition of macro "FMC_NAND_MEM_BUS_WIDTH_8"  (declared at line 393 of "../Drivers/STM32H7xx_HAL_Driver/Inc/Legacy/stm32_hal_legacy.h")
  #define FMC_NAND_MEM_BUS_WIDTH_8                ((uint32_t)0x00000000U)
../Drivers/STM32H7xx_HAL_Driver/Inc/stm32h7xx_ll_fmc.h(878): warning:  #47-D: incompatible redefinition of macro "FMC_NAND_MEM_BUS_WIDTH_16"  (declared at line 394 of "../Drivers/STM32H7xx_HAL_Driver/Inc/Legacy/stm32_hal_legacy.h")
  #define FMC_NAND_MEM_BUS_WIDTH_16               ((uint32_t)0x00000010U)
../Drivers/STM32H7xx_HAL_Driver/Src/stm32h7xx_hal_gpio.c: 4 warnings, 0 errors
compiling stm32h7xx_hal_tim.c...
../Drivers/STM32H7xx_HAL_Driver/Inc/stm32h7xx_ll_fmc.h(860): warning:  #47-D: incompatible redefinition of macro "FMC_NAND_WAIT_FEATURE_DISABLE"  (declared at line 391 of "../Drivers/STM32H7xx_HAL_Driver/Inc/Legacy/stm32_hal_legacy.h")
  #define FMC_NAND_WAIT_FEATURE_DISABLE           ((uint32_t)0x00000000U)
../Drivers/STM32H7xx_HAL_Driver/Inc/stm32h7xx_ll_fmc.h(861): warning:  #47-D: incompatible redefinition of macro "FMC_NAND_WAIT_FEATURE_ENABLE"  (declared at line 392 of "../Drivers/STM32H7xx_HAL_Driver/Inc/Legacy/stm32_hal_legacy.h")
  #define FMC_NAND_WAIT_FEATURE_ENABLE            ((uint32_t)0x00000002U)
../Drivers/STM32H7xx_HAL_Driver/Inc/stm32h7xx_ll_fmc.h(877): warning:  #47-D: incompatible redefinition of macro "FMC_NAND_MEM_BUS_WIDTH_8"  (declared at line 393 of "../Drivers/STM32H7xx_HAL_Driver/Inc/Legacy/stm32_hal_legacy.h")
  #define FMC_NAND_MEM_BUS_WIDTH_8                ((uint32_t)0x00000000U)
../Drivers/STM32H7xx_HAL_Driver/Inc/stm32h7xx_ll_fmc.h(878): warning:  #47-D: incompatible redefinition of macro "FMC_NAND_MEM_BUS_WIDTH_16"  (declared at line 394 of "../Drivers/STM32H7xx_HAL_Driver/Inc/Legacy/stm32_hal_legacy.h")
  #define FMC_NAND_MEM_BUS_WIDTH_16               ((uint32_t)0x00000010U)
../Drivers/STM32H7xx_HAL_Driver/Src/stm32h7xx_hal_tim.c: 4 warnings, 0 errors
compiling stm32h7xx_hal_hsem.c...
../Drivers/STM32H7xx_HAL_Driver/Inc/stm32h7xx_ll_fmc.h(860): warning:  #47-D: incompatible redefinition of macro "FMC_NAND_WAIT_FEATURE_DISABLE"  (declared at line 391 of "../Drivers/STM32H7xx_HAL_Driver/Inc/Legacy/stm32_hal_legacy.h")
  #define FMC_NAND_WAIT_FEATURE_DISABLE           ((uint32_t)0x00000000U)
../Drivers/STM32H7xx_HAL_Driver/Inc/stm32h7xx_ll_fmc.h(861): warning:  #47-D: incompatible redefinition of macro "FMC_NAND_WAIT_FEATURE_ENABLE"  (declared at line 392 of "../Drivers/STM32H7xx_HAL_Driver/Inc/Legacy/stm32_hal_legacy.h")
  #define FMC_NAND_WAIT_FEATURE_ENABLE            ((uint32_t)0x00000002U)
../Drivers/STM32H7xx_HAL_Driver/Inc/stm32h7xx_ll_fmc.h(877): warning:  #47-D: incompatible redefinition of macro "FMC_NAND_MEM_BUS_WIDTH_8"  (declared at line 393 of "../Drivers/STM32H7xx_HAL_Driver/Inc/Legacy/stm32_hal_legacy.h")
  #define FMC_NAND_MEM_BUS_WIDTH_8                ((uint32_t)0x00000000U)
../Drivers/STM32H7xx_HAL_Driver/Inc/stm32h7xx_ll_fmc.h(878): warning:  #47-D: incompatible redefinition of macro "FMC_NAND_MEM_BUS_WIDTH_16"  (declared at line 394 of "../Drivers/STM32H7xx_HAL_Driver/Inc/Legacy/stm32_hal_legacy.h")
  #define FMC_NAND_MEM_BUS_WIDTH_16               ((uint32_t)0x00000010U)
../Drivers/STM32H7xx_HAL_Driver/Src/stm32h7xx_hal_hsem.c: 4 warnings, 0 errors
compiling stm32h7xx_hal_cortex.c...
../Drivers/STM32H7xx_HAL_Driver/Inc/stm32h7xx_ll_fmc.h(860): warning:  #47-D: incompatible redefinition of macro "FMC_NAND_WAIT_FEATURE_DISABLE"  (declared at line 391 of "../Drivers/STM32H7xx_HAL_Driver/Inc/Legacy/stm32_hal_legacy.h")
  #define FMC_NAND_WAIT_FEATURE_DISABLE           ((uint32_t)0x00000000U)
../Drivers/STM32H7xx_HAL_Driver/Inc/stm32h7xx_ll_fmc.h(861): warning:  #47-D: incompatible redefinition of macro "FMC_NAND_WAIT_FEATURE_ENABLE"  (declared at line 392 of "../Drivers/STM32H7xx_HAL_Driver/Inc/Legacy/stm32_hal_legacy.h")
  #define FMC_NAND_WAIT_FEATURE_ENABLE            ((uint32_t)0x00000002U)
../Drivers/STM32H7xx_HAL_Driver/Inc/stm32h7xx_ll_fmc.h(877): warning:  #47-D: incompatible redefinition of macro "FMC_NAND_MEM_BUS_WIDTH_8"  (declared at line 393 of "../Drivers/STM32H7xx_HAL_Driver/Inc/Legacy/stm32_hal_legacy.h")
  #define FMC_NAND_MEM_BUS_WIDTH_8                ((uint32_t)0x00000000U)
../Drivers/STM32H7xx_HAL_Driver/Inc/stm32h7xx_ll_fmc.h(878): warning:  #47-D: incompatible redefinition of macro "FMC_NAND_MEM_BUS_WIDTH_16"  (declared at line 394 of "../Drivers/STM32H7xx_HAL_Driver/Inc/Legacy/stm32_hal_legacy.h")
  #define FMC_NAND_MEM_BUS_WIDTH_16               ((uint32_t)0x00000010U)
../Drivers/STM32H7xx_HAL_Driver/Src/stm32h7xx_hal_cortex.c: 4 warnings, 0 errors
compiling stm32h7xx_hal_msp.c...
../Drivers/STM32H7xx_HAL_Driver/Inc/stm32h7xx_ll_fmc.h(860): warning:  #47-D: incompatible redefinition of macro "FMC_NAND_WAIT_FEATURE_DISABLE"  (declared at line 391 of "../Drivers/STM32H7xx_HAL_Driver/Inc/Legacy/stm32_hal_legacy.h")
  #define FMC_NAND_WAIT_FEATURE_DISABLE           ((uint32_t)0x00000000U)
../Drivers/STM32H7xx_HAL_Driver/Inc/stm32h7xx_ll_fmc.h(861): warning:  #47-D: incompatible redefinition of macro "FMC_NAND_WAIT_FEATURE_ENABLE"  (declared at line 392 of "../Drivers/STM32H7xx_HAL_Driver/Inc/Legacy/stm32_hal_legacy.h")
  #define FMC_NAND_WAIT_FEATURE_ENABLE            ((uint32_t)0x00000002U)
../Drivers/STM32H7xx_HAL_Driver/Inc/stm32h7xx_ll_fmc.h(877): warning:  #47-D: incompatible redefinition of macro "FMC_NAND_MEM_BUS_WIDTH_8"  (declared at line 393 of "../Drivers/STM32H7xx_HAL_Driver/Inc/Legacy/stm32_hal_legacy.h")
  #define FMC_NAND_MEM_BUS_WIDTH_8                ((uint32_t)0x00000000U)
../Drivers/STM32H7xx_HAL_Driver/Inc/stm32h7xx_ll_fmc.h(878): warning:  #47-D: incompatible redefinition of macro "FMC_NAND_MEM_BUS_WIDTH_16"  (declared at line 394 of "../Drivers/STM32H7xx_HAL_Driver/Inc/Legacy/stm32_hal_legacy.h")
  #define FMC_NAND_MEM_BUS_WIDTH_16               ((uint32_t)0x00000010U)
../Src/stm32h7xx_hal_msp.c: 4 warnings, 0 errors
compiling stm32h7xx_hal_tim_ex.c...
../Drivers/STM32H7xx_HAL_Driver/Inc/stm32h7xx_ll_fmc.h(860): warning:  #47-D: incompatible redefinition of macro "FMC_NAND_WAIT_FEATURE_DISABLE"  (declared at line 391 of "../Drivers/STM32H7xx_HAL_Driver/Inc/Legacy/stm32_hal_legacy.h")
  #define FMC_NAND_WAIT_FEATURE_DISABLE           ((uint32_t)0x00000000U)
../Drivers/STM32H7xx_HAL_Driver/Inc/stm32h7xx_ll_fmc.h(861): warning:  #47-D: incompatible redefinition of macro "FMC_NAND_WAIT_FEATURE_ENABLE"  (declared at line 392 of "../Drivers/STM32H7xx_HAL_Driver/Inc/Legacy/stm32_hal_legacy.h")
  #define FMC_NAND_WAIT_FEATURE_ENABLE            ((uint32_t)0x00000002U)
../Drivers/STM32H7xx_HAL_Driver/Inc/stm32h7xx_ll_fmc.h(877): warning:  #47-D: incompatible redefinition of macro "FMC_NAND_MEM_BUS_WIDTH_8"  (declared at line 393 of "../Drivers/STM32H7xx_HAL_Driver/Inc/Legacy/stm32_hal_legacy.h")
  #define FMC_NAND_MEM_BUS_WIDTH_8                ((uint32_t)0x00000000U)
../Drivers/STM32H7xx_HAL_Driver/Inc/stm32h7xx_ll_fmc.h(878): warning:  #47-D: incompatible redefinition of macro "FMC_NAND_MEM_BUS_WIDTH_16"  (declared at line 394 of "../Drivers/STM32H7xx_HAL_Driver/Inc/Legacy/stm32_hal_legacy.h")
  #define FMC_NAND_MEM_BUS_WIDTH_16               ((uint32_t)0x00000010U)
../Drivers/STM32H7xx_HAL_Driver/Src/stm32h7xx_hal_tim_ex.c: 4 warnings, 0 errors
compiling stm32h7xx_it.c...
../Drivers/STM32H7xx_HAL_Driver/Inc/stm32h7xx_ll_fmc.h(860): warning:  #47-D: incompatible redefinition of macro "FMC_NAND_WAIT_FEATURE_DISABLE"  (declared at line 391 of "../Drivers/STM32H7xx_HAL_Driver/Inc/Legacy/stm32_hal_legacy.h")
  #define FMC_NAND_WAIT_FEATURE_DISABLE           ((uint32_t)0x00000000U)
../Drivers/STM32H7xx_HAL_Driver/Inc/stm32h7xx_ll_fmc.h(861): warning:  #47-D: incompatible redefinition of macro "FMC_NAND_WAIT_FEATURE_ENABLE"  (declared at line 392 of "../Drivers/STM32H7xx_HAL_Driver/Inc/Legacy/stm32_hal_legacy.h")
  #define FMC_NAND_WAIT_FEATURE_ENABLE            ((uint32_t)0x00000002U)
../Drivers/STM32H7xx_HAL_Driver/Inc/stm32h7xx_ll_fmc.h(877): warning:  #47-D: incompatible redefinition of macro "FMC_NAND_MEM_BUS_WIDTH_8"  (declared at line 393 of "../Drivers/STM32H7xx_HAL_Driver/Inc/Legacy/stm32_hal_legacy.h")
  #define FMC_NAND_MEM_BUS_WIDTH_8                ((uint32_t)0x00000000U)
../Drivers/STM32H7xx_HAL_Driver/Inc/stm32h7xx_ll_fmc.h(878): warning:  #47-D: incompatible redefinition of macro "FMC_NAND_MEM_BUS_WIDTH_16"  (declared at line 394 of "../Drivers/STM32H7xx_HAL_Driver/Inc/Legacy/stm32_hal_legacy.h")
  #define FMC_NAND_MEM_BUS_WIDTH_16               ((uint32_t)0x00000010U)
../Src/stm32h7xx_it.c: 4 warnings, 0 errors
compiling stm32h7xx_hal_flash.c...
../Drivers/STM32H7xx_HAL_Driver/Inc/stm32h7xx_ll_fmc.h(860): warning:  #47-D: incompatible redefinition of macro "FMC_NAND_WAIT_FEATURE_DISABLE"  (declared at line 391 of "../Drivers/STM32H7xx_HAL_Driver/Inc/Legacy/stm32_hal_legacy.h")
  #define FMC_NAND_WAIT_FEATURE_DISABLE           ((uint32_t)0x00000000U)
../Drivers/STM32H7xx_HAL_Driver/Inc/stm32h7xx_ll_fmc.h(861): warning:  #47-D: incompatible redefinition of macro "FMC_NAND_WAIT_FEATURE_ENABLE"  (declared at line 392 of "../Drivers/STM32H7xx_HAL_Driver/Inc/Legacy/stm32_hal_legacy.h")
  #define FMC_NAND_WAIT_FEATURE_ENABLE            ((uint32_t)0x00000002U)
../Drivers/STM32H7xx_HAL_Driver/Inc/stm32h7xx_ll_fmc.h(877): warning:  #47-D: incompatible redefinition of macro "FMC_NAND_MEM_BUS_WIDTH_8"  (declared at line 393 of "../Drivers/STM32H7xx_HAL_Driver/Inc/Legacy/stm32_hal_legacy.h")
  #define FMC_NAND_MEM_BUS_WIDTH_8                ((uint32_t)0x00000000U)
../Drivers/STM32H7xx_HAL_Driver/Inc/stm32h7xx_ll_fmc.h(878): warning:  #47-D: incompatible redefinition of macro "FMC_NAND_MEM_BUS_WIDTH_16"  (declared at line 394 of "../Drivers/STM32H7xx_HAL_Driver/Inc/Legacy/stm32_hal_legacy.h")
  #define FMC_NAND_MEM_BUS_WIDTH_16               ((uint32_t)0x00000010U)
../Drivers/STM32H7xx_HAL_Driver/Src/stm32h7xx_hal_flash.c: 4 warnings, 0 errors
compiling stm32h7xx_hal_dma.c...
../Drivers/STM32H7xx_HAL_Driver/Inc/stm32h7xx_ll_fmc.h(860): warning:  #47-D: incompatible redefinition of macro "FMC_NAND_WAIT_FEATURE_DISABLE"  (declared at line 391 of "../Drivers/STM32H7xx_HAL_Driver/Inc/Legacy/stm32_hal_legacy.h")
  #define FMC_NAND_WAIT_FEATURE_DISABLE           ((uint32_t)0x00000000U)
../Drivers/STM32H7xx_HAL_Driver/Inc/stm32h7xx_ll_fmc.h(861): warning:  #47-D: incompatible redefinition of macro "FMC_NAND_WAIT_FEATURE_ENABLE"  (declared at line 392 of "../Drivers/STM32H7xx_HAL_Driver/Inc/Legacy/stm32_hal_legacy.h")
  #define FMC_NAND_WAIT_FEATURE_ENABLE            ((uint32_t)0x00000002U)
../Drivers/STM32H7xx_HAL_Driver/Inc/stm32h7xx_ll_fmc.h(877): warning:  #47-D: incompatible redefinition of macro "FMC_NAND_MEM_BUS_WIDTH_8"  (declared at line 393 of "../Drivers/STM32H7xx_HAL_Driver/Inc/Legacy/stm32_hal_legacy.h")
  #define FMC_NAND_MEM_BUS_WIDTH_8                ((uint32_t)0x00000000U)
../Drivers/STM32H7xx_HAL_Driver/Inc/stm32h7xx_ll_fmc.h(878): warning:  #47-D: incompatible redefinition of macro "FMC_NAND_MEM_BUS_WIDTH_16"  (declared at line 394 of "../Drivers/STM32H7xx_HAL_Driver/Inc/Legacy/stm32_hal_legacy.h")
  #define FMC_NAND_MEM_BUS_WIDTH_16               ((uint32_t)0x00000010U)
../Drivers/STM32H7xx_HAL_Driver/Src/stm32h7xx_hal_dma.c: 4 warnings, 0 errors
compiling stm32h7xx_hal_dma_ex.c...
../Drivers/STM32H7xx_HAL_Driver/Inc/stm32h7xx_ll_fmc.h(860): warning:  #47-D: incompatible redefinition of macro "FMC_NAND_WAIT_FEATURE_DISABLE"  (declared at line 391 of "../Drivers/STM32H7xx_HAL_Driver/Inc/Legacy/stm32_hal_legacy.h")
  #define FMC_NAND_WAIT_FEATURE_DISABLE           ((uint32_t)0x00000000U)
../Drivers/STM32H7xx_HAL_Driver/Inc/stm32h7xx_ll_fmc.h(861): warning:  #47-D: incompatible redefinition of macro "FMC_NAND_WAIT_FEATURE_ENABLE"  (declared at line 392 of "../Drivers/STM32H7xx_HAL_Driver/Inc/Legacy/stm32_hal_legacy.h")
  #define FMC_NAND_WAIT_FEATURE_ENABLE            ((uint32_t)0x00000002U)
../Drivers/STM32H7xx_HAL_Driver/Inc/stm32h7xx_ll_fmc.h(877): warning:  #47-D: incompatible redefinition of macro "FMC_NAND_MEM_BUS_WIDTH_8"  (declared at line 393 of "../Drivers/STM32H7xx_HAL_Driver/Inc/Legacy/stm32_hal_legacy.h")
  #define FMC_NAND_MEM_BUS_WIDTH_8                ((uint32_t)0x00000000U)
../Drivers/STM32H7xx_HAL_Driver/Inc/stm32h7xx_ll_fmc.h(878): warning:  #47-D: incompatible redefinition of macro "FMC_NAND_MEM_BUS_WIDTH_16"  (declared at line 394 of "../Drivers/STM32H7xx_HAL_Driver/Inc/Legacy/stm32_hal_legacy.h")
  #define FMC_NAND_MEM_BUS_WIDTH_16               ((uint32_t)0x00000010U)
../Drivers/STM32H7xx_HAL_Driver/Src/stm32h7xx_hal_dma_ex.c: 4 warnings, 0 errors
compiling stm32h7xx_hal_rcc.c...
../Drivers/STM32H7xx_HAL_Driver/Inc/stm32h7xx_ll_fmc.h(860): warning:  #47-D: incompatible redefinition of macro "FMC_NAND_WAIT_FEATURE_DISABLE"  (declared at line 391 of "../Drivers/STM32H7xx_HAL_Driver/Inc/Legacy/stm32_hal_legacy.h")
  #define FMC_NAND_WAIT_FEATURE_DISABLE           ((uint32_t)0x00000000U)
../Drivers/STM32H7xx_HAL_Driver/Inc/stm32h7xx_ll_fmc.h(861): warning:  #47-D: incompatible redefinition of macro "FMC_NAND_WAIT_FEATURE_ENABLE"  (declared at line 392 of "../Drivers/STM32H7xx_HAL_Driver/Inc/Legacy/stm32_hal_legacy.h")
  #define FMC_NAND_WAIT_FEATURE_ENABLE            ((uint32_t)0x00000002U)
../Drivers/STM32H7xx_HAL_Driver/Inc/stm32h7xx_ll_fmc.h(877): warning:  #47-D: incompatible redefinition of macro "FMC_NAND_MEM_BUS_WIDTH_8"  (declared at line 393 of "../Drivers/STM32H7xx_HAL_Driver/Inc/Legacy/stm32_hal_legacy.h")
  #define FMC_NAND_MEM_BUS_WIDTH_8                ((uint32_t)0x00000000U)
../Drivers/STM32H7xx_HAL_Driver/Inc/stm32h7xx_ll_fmc.h(878): warning:  #47-D: incompatible redefinition of macro "FMC_NAND_MEM_BUS_WIDTH_16"  (declared at line 394 of "../Drivers/STM32H7xx_HAL_Driver/Inc/Legacy/stm32_hal_legacy.h")
  #define FMC_NAND_MEM_BUS_WIDTH_16               ((uint32_t)0x00000010U)
../Drivers/STM32H7xx_HAL_Driver/Src/stm32h7xx_hal_rcc.c: 4 warnings, 0 errors
compiling stm32h7xx_hal_rcc_ex.c...
../Drivers/STM32H7xx_HAL_Driver/Inc/stm32h7xx_ll_fmc.h(860): warning:  #47-D: incompatible redefinition of macro "FMC_NAND_WAIT_FEATURE_DISABLE"  (declared at line 391 of "../Drivers/STM32H7xx_HAL_Driver/Inc/Legacy/stm32_hal_legacy.h")
  #define FMC_NAND_WAIT_FEATURE_DISABLE           ((uint32_t)0x00000000U)
../Drivers/STM32H7xx_HAL_Driver/Inc/stm32h7xx_ll_fmc.h(861): warning:  #47-D: incompatible redefinition of macro "FMC_NAND_WAIT_FEATURE_ENABLE"  (declared at line 392 of "../Drivers/STM32H7xx_HAL_Driver/Inc/Legacy/stm32_hal_legacy.h")
  #define FMC_NAND_WAIT_FEATURE_ENABLE            ((uint32_t)0x00000002U)
../Drivers/STM32H7xx_HAL_Driver/Inc/stm32h7xx_ll_fmc.h(877): warning:  #47-D: incompatible redefinition of macro "FMC_NAND_MEM_BUS_WIDTH_8"  (declared at line 393 of "../Drivers/STM32H7xx_HAL_Driver/Inc/Legacy/stm32_hal_legacy.h")
  #define FMC_NAND_MEM_BUS_WIDTH_8                ((uint32_t)0x00000000U)
../Drivers/STM32H7xx_HAL_Driver/Inc/stm32h7xx_ll_fmc.h(878): warning:  #47-D: incompatible redefinition of macro "FMC_NAND_MEM_BUS_WIDTH_16"  (declared at line 394 of "../Drivers/STM32H7xx_HAL_Driver/Inc/Legacy/stm32_hal_legacy.h")
  #define FMC_NAND_MEM_BUS_WIDTH_16               ((uint32_t)0x00000010U)
../Drivers/STM32H7xx_HAL_Driver/Src/stm32h7xx_hal_rcc_ex.c: 4 warnings, 0 errors
compiling system_stm32h7xx.c...
compiling led.c...
compiling stm32h7xx_hal.c...
../Drivers/STM32H7xx_HAL_Driver/Inc/stm32h7xx_ll_fmc.h(860): warning:  #47-D: incompatible redefinition of macro "FMC_NAND_WAIT_FEATURE_DISABLE"  (declared at line 391 of "../Drivers/STM32H7xx_HAL_Driver/Inc/Legacy/stm32_hal_legacy.h")
  #define FMC_NAND_WAIT_FEATURE_DISABLE           ((uint32_t)0x00000000U)
../Drivers/STM32H7xx_HAL_Driver/Inc/stm32h7xx_ll_fmc.h(861): warning:  #47-D: incompatible redefinition of macro "FMC_NAND_WAIT_FEATURE_ENABLE"  (declared at line 392 of "../Drivers/STM32H7xx_HAL_Driver/Inc/Legacy/stm32_hal_legacy.h")
  #define FMC_NAND_WAIT_FEATURE_ENABLE            ((uint32_t)0x00000002U)
../Drivers/STM32H7xx_HAL_Driver/Inc/stm32h7xx_ll_fmc.h(877): warning:  #47-D: incompatible redefinition of macro "FMC_NAND_MEM_BUS_WIDTH_8"  (declared at line 393 of "../Drivers/STM32H7xx_HAL_Driver/Inc/Legacy/stm32_hal_legacy.h")
  #define FMC_NAND_MEM_BUS_WIDTH_8                ((uint32_t)0x00000000U)
../Drivers/STM32H7xx_HAL_Driver/Inc/stm32h7xx_ll_fmc.h(878): warning:  #47-D: incompatible redefinition of macro "FMC_NAND_MEM_BUS_WIDTH_16"  (declared at line 394 of "../Drivers/STM32H7xx_HAL_Driver/Inc/Legacy/stm32_hal_legacy.h")
  #define FMC_NAND_MEM_BUS_WIDTH_16               ((uint32_t)0x00000010U)
../Drivers/STM32H7xx_HAL_Driver/Src/stm32h7xx_hal.c: 4 warnings, 0 errors
compiling stm32h7xx_hal_i2c_ex.c...
../Drivers/STM32H7xx_HAL_Driver/Inc/stm32h7xx_ll_fmc.h(860): warning:  #47-D: incompatible redefinition of macro "FMC_NAND_WAIT_FEATURE_DISABLE"  (declared at line 391 of "../Drivers/STM32H7xx_HAL_Driver/Inc/Legacy/stm32_hal_legacy.h")
  #define FMC_NAND_WAIT_FEATURE_DISABLE           ((uint32_t)0x00000000U)
../Drivers/STM32H7xx_HAL_Driver/Inc/stm32h7xx_ll_fmc.h(861): warning:  #47-D: incompatible redefinition of macro "FMC_NAND_WAIT_FEATURE_ENABLE"  (declared at line 392 of "../Drivers/STM32H7xx_HAL_Driver/Inc/Legacy/stm32_hal_legacy.h")
  #define FMC_NAND_WAIT_FEATURE_ENABLE            ((uint32_t)0x00000002U)
../Drivers/STM32H7xx_HAL_Driver/Inc/stm32h7xx_ll_fmc.h(877): warning:  #47-D: incompatible redefinition of macro "FMC_NAND_MEM_BUS_WIDTH_8"  (declared at line 393 of "../Drivers/STM32H7xx_HAL_Driver/Inc/Legacy/stm32_hal_legacy.h")
  #define FMC_NAND_MEM_BUS_WIDTH_8                ((uint32_t)0x00000000U)
../Drivers/STM32H7xx_HAL_Driver/Inc/stm32h7xx_ll_fmc.h(878): warning:  #47-D: incompatible redefinition of macro "FMC_NAND_MEM_BUS_WIDTH_16"  (declared at line 394 of "../Drivers/STM32H7xx_HAL_Driver/Inc/Legacy/stm32_hal_legacy.h")
  #define FMC_NAND_MEM_BUS_WIDTH_16               ((uint32_t)0x00000010U)
../Drivers/STM32H7xx_HAL_Driver/Src/stm32h7xx_hal_i2c_ex.c: 4 warnings, 0 errors
compiling stm32h7xx_hal_spi_ex.c...
../Drivers/STM32H7xx_HAL_Driver/Inc/stm32h7xx_ll_fmc.h(860): warning:  #47-D: incompatible redefinition of macro "FMC_NAND_WAIT_FEATURE_DISABLE"  (declared at line 391 of "../Drivers/STM32H7xx_HAL_Driver/Inc/Legacy/stm32_hal_legacy.h")
  #define FMC_NAND_WAIT_FEATURE_DISABLE           ((uint32_t)0x00000000U)
../Drivers/STM32H7xx_HAL_Driver/Inc/stm32h7xx_ll_fmc.h(861): warning:  #47-D: incompatible redefinition of macro "FMC_NAND_WAIT_FEATURE_ENABLE"  (declared at line 392 of "../Drivers/STM32H7xx_HAL_Driver/Inc/Legacy/stm32_hal_legacy.h")
  #define FMC_NAND_WAIT_FEATURE_ENABLE            ((uint32_t)0x00000002U)
../Drivers/STM32H7xx_HAL_Driver/Inc/stm32h7xx_ll_fmc.h(877): warning:  #47-D: incompatible redefinition of macro "FMC_NAND_MEM_BUS_WIDTH_8"  (declared at line 393 of "../Drivers/STM32H7xx_HAL_Driver/Inc/Legacy/stm32_hal_legacy.h")
  #define FMC_NAND_MEM_BUS_WIDTH_8                ((uint32_t)0x00000000U)
../Drivers/STM32H7xx_HAL_Driver/Inc/stm32h7xx_ll_fmc.h(878): warning:  #47-D: incompatible redefinition of macro "FMC_NAND_MEM_BUS_WIDTH_16"  (declared at line 394 of "../Drivers/STM32H7xx_HAL_Driver/Inc/Legacy/stm32_hal_legacy.h")
  #define FMC_NAND_MEM_BUS_WIDTH_16               ((uint32_t)0x00000010U)
..\Drivers\STM32H7xx_HAL_Driver\Src\stm32h7xx_hal_spi_ex.c: 4 warnings, 0 errors
compiling stm32h7xx_hal_sram.c...
../Drivers/STM32H7xx_HAL_Driver/Inc/stm32h7xx_ll_fmc.h(860): warning:  #47-D: incompatible redefinition of macro "FMC_NAND_WAIT_FEATURE_DISABLE"  (declared at line 391 of "../Drivers/STM32H7xx_HAL_Driver/Inc/Legacy/stm32_hal_legacy.h")
  #define FMC_NAND_WAIT_FEATURE_DISABLE           ((uint32_t)0x00000000U)
../Drivers/STM32H7xx_HAL_Driver/Inc/stm32h7xx_ll_fmc.h(861): warning:  #47-D: incompatible redefinition of macro "FMC_NAND_WAIT_FEATURE_ENABLE"  (declared at line 392 of "../Drivers/STM32H7xx_HAL_Driver/Inc/Legacy/stm32_hal_legacy.h")
  #define FMC_NAND_WAIT_FEATURE_ENABLE            ((uint32_t)0x00000002U)
../Drivers/STM32H7xx_HAL_Driver/Inc/stm32h7xx_ll_fmc.h(877): warning:  #47-D: incompatible redefinition of macro "FMC_NAND_MEM_BUS_WIDTH_8"  (declared at line 393 of "../Drivers/STM32H7xx_HAL_Driver/Inc/Legacy/stm32_hal_legacy.h")
  #define FMC_NAND_MEM_BUS_WIDTH_8                ((uint32_t)0x00000000U)
../Drivers/STM32H7xx_HAL_Driver/Inc/stm32h7xx_ll_fmc.h(878): warning:  #47-D: incompatible redefinition of macro "FMC_NAND_MEM_BUS_WIDTH_16"  (declared at line 394 of "../Drivers/STM32H7xx_HAL_Driver/Inc/Legacy/stm32_hal_legacy.h")
  #define FMC_NAND_MEM_BUS_WIDTH_16               ((uint32_t)0x00000010U)
..\Drivers\STM32H7xx_HAL_Driver\Src\stm32h7xx_hal_sram.c: 4 warnings, 0 errors
compiling AsciiLib.c...
compiling stm32h7xx_hal_mdma.c...
../Drivers/STM32H7xx_HAL_Driver/Inc/stm32h7xx_ll_fmc.h(860): warning:  #47-D: incompatible redefinition of macro "FMC_NAND_WAIT_FEATURE_DISABLE"  (declared at line 391 of "../Drivers/STM32H7xx_HAL_Driver/Inc/Legacy/stm32_hal_legacy.h")
  #define FMC_NAND_WAIT_FEATURE_DISABLE           ((uint32_t)0x00000000U)
../Drivers/STM32H7xx_HAL_Driver/Inc/stm32h7xx_ll_fmc.h(861): warning:  #47-D: incompatible redefinition of macro "FMC_NAND_WAIT_FEATURE_ENABLE"  (declared at line 392 of "../Drivers/STM32H7xx_HAL_Driver/Inc/Legacy/stm32_hal_legacy.h")
  #define FMC_NAND_WAIT_FEATURE_ENABLE            ((uint32_t)0x00000002U)
../Drivers/STM32H7xx_HAL_Driver/Inc/stm32h7xx_ll_fmc.h(877): warning:  #47-D: incompatible redefinition of macro "FMC_NAND_MEM_BUS_WIDTH_8"  (declared at line 393 of "../Drivers/STM32H7xx_HAL_Driver/Inc/Legacy/stm32_hal_legacy.h")
  #define FMC_NAND_MEM_BUS_WIDTH_8                ((uint32_t)0x00000000U)
../Drivers/STM32H7xx_HAL_Driver/Inc/stm32h7xx_ll_fmc.h(878): warning:  #47-D: incompatible redefinition of macro "FMC_NAND_MEM_BUS_WIDTH_16"  (declared at line 394 of "../Drivers/STM32H7xx_HAL_Driver/Inc/Legacy/stm32_hal_legacy.h")
  #define FMC_NAND_MEM_BUS_WIDTH_16               ((uint32_t)0x00000010U)
../Drivers/STM32H7xx_HAL_Driver/Src/stm32h7xx_hal_mdma.c: 4 warnings, 0 errors
compiling stm32h7xx_hal_i2c.c...
../Drivers/STM32H7xx_HAL_Driver/Inc/stm32h7xx_ll_fmc.h(860): warning:  #47-D: incompatible redefinition of macro "FMC_NAND_WAIT_FEATURE_DISABLE"  (declared at line 391 of "../Drivers/STM32H7xx_HAL_Driver/Inc/Legacy/stm32_hal_legacy.h")
  #define FMC_NAND_WAIT_FEATURE_DISABLE           ((uint32_t)0x00000000U)
../Drivers/STM32H7xx_HAL_Driver/Inc/stm32h7xx_ll_fmc.h(861): warning:  #47-D: incompatible redefinition of macro "FMC_NAND_WAIT_FEATURE_ENABLE"  (declared at line 392 of "../Drivers/STM32H7xx_HAL_Driver/Inc/Legacy/stm32_hal_legacy.h")
  #define FMC_NAND_WAIT_FEATURE_ENABLE            ((uint32_t)0x00000002U)
../Drivers/STM32H7xx_HAL_Driver/Inc/stm32h7xx_ll_fmc.h(877): warning:  #47-D: incompatible redefinition of macro "FMC_NAND_MEM_BUS_WIDTH_8"  (declared at line 393 of "../Drivers/STM32H7xx_HAL_Driver/Inc/Legacy/stm32_hal_legacy.h")
  #define FMC_NAND_MEM_BUS_WIDTH_8                ((uint32_t)0x00000000U)
../Drivers/STM32H7xx_HAL_Driver/Inc/stm32h7xx_ll_fmc.h(878): warning:  #47-D: incompatible redefinition of macro "FMC_NAND_MEM_BUS_WIDTH_16"  (declared at line 394 of "../Drivers/STM32H7xx_HAL_Driver/Inc/Legacy/stm32_hal_legacy.h")
  #define FMC_NAND_MEM_BUS_WIDTH_16               ((uint32_t)0x00000010U)
../Drivers/STM32H7xx_HAL_Driver/Src/stm32h7xx_hal_i2c.c: 4 warnings, 0 errors
compiling stm32h7xx_hal_pwr.c...
../Drivers/STM32H7xx_HAL_Driver/Inc/stm32h7xx_ll_fmc.h(860): warning:  #47-D: incompatible redefinition of macro "FMC_NAND_WAIT_FEATURE_DISABLE"  (declared at line 391 of "../Drivers/STM32H7xx_HAL_Driver/Inc/Legacy/stm32_hal_legacy.h")
  #define FMC_NAND_WAIT_FEATURE_DISABLE           ((uint32_t)0x00000000U)
../Drivers/STM32H7xx_HAL_Driver/Inc/stm32h7xx_ll_fmc.h(861): warning:  #47-D: incompatible redefinition of macro "FMC_NAND_WAIT_FEATURE_ENABLE"  (declared at line 392 of "../Drivers/STM32H7xx_HAL_Driver/Inc/Legacy/stm32_hal_legacy.h")
  #define FMC_NAND_WAIT_FEATURE_ENABLE            ((uint32_t)0x00000002U)
../Drivers/STM32H7xx_HAL_Driver/Inc/stm32h7xx_ll_fmc.h(877): warning:  #47-D: incompatible redefinition of macro "FMC_NAND_MEM_BUS_WIDTH_8"  (declared at line 393 of "../Drivers/STM32H7xx_HAL_Driver/Inc/Legacy/stm32_hal_legacy.h")
  #define FMC_NAND_MEM_BUS_WIDTH_8                ((uint32_t)0x00000000U)
../Drivers/STM32H7xx_HAL_Driver/Inc/stm32h7xx_ll_fmc.h(878): warning:  #47-D: incompatible redefinition of macro "FMC_NAND_MEM_BUS_WIDTH_16"  (declared at line 394 of "../Drivers/STM32H7xx_HAL_Driver/Inc/Legacy/stm32_hal_legacy.h")
  #define FMC_NAND_MEM_BUS_WIDTH_16               ((uint32_t)0x00000010U)
../Drivers/STM32H7xx_HAL_Driver/Src/stm32h7xx_hal_pwr.c: 4 warnings, 0 errors
compiling stm32h7xx_hal_uart_ex.c...
../Drivers/STM32H7xx_HAL_Driver/Inc/stm32h7xx_ll_fmc.h(860): warning:  #47-D: incompatible redefinition of macro "FMC_NAND_WAIT_FEATURE_DISABLE"  (declared at line 391 of "../Drivers/STM32H7xx_HAL_Driver/Inc/Legacy/stm32_hal_legacy.h")
  #define FMC_NAND_WAIT_FEATURE_DISABLE           ((uint32_t)0x00000000U)
../Drivers/STM32H7xx_HAL_Driver/Inc/stm32h7xx_ll_fmc.h(861): warning:  #47-D: incompatible redefinition of macro "FMC_NAND_WAIT_FEATURE_ENABLE"  (declared at line 392 of "../Drivers/STM32H7xx_HAL_Driver/Inc/Legacy/stm32_hal_legacy.h")
  #define FMC_NAND_WAIT_FEATURE_ENABLE            ((uint32_t)0x00000002U)
../Drivers/STM32H7xx_HAL_Driver/Inc/stm32h7xx_ll_fmc.h(877): warning:  #47-D: incompatible redefinition of macro "FMC_NAND_MEM_BUS_WIDTH_8"  (declared at line 393 of "../Drivers/STM32H7xx_HAL_Driver/Inc/Legacy/stm32_hal_legacy.h")
  #define FMC_NAND_MEM_BUS_WIDTH_8                ((uint32_t)0x00000000U)
../Drivers/STM32H7xx_HAL_Driver/Inc/stm32h7xx_ll_fmc.h(878): warning:  #47-D: incompatible redefinition of macro "FMC_NAND_MEM_BUS_WIDTH_16"  (declared at line 394 of "../Drivers/STM32H7xx_HAL_Driver/Inc/Legacy/stm32_hal_legacy.h")
  #define FMC_NAND_MEM_BUS_WIDTH_16               ((uint32_t)0x00000010U)
..\Drivers\STM32H7xx_HAL_Driver\Src\stm32h7xx_hal_uart_ex.c: 4 warnings, 0 errors
compiling stm32h7xx_hal_pwr_ex.c...
../Drivers/STM32H7xx_HAL_Driver/Inc/stm32h7xx_ll_fmc.h(860): warning:  #47-D: incompatible redefinition of macro "FMC_NAND_WAIT_FEATURE_DISABLE"  (declared at line 391 of "../Drivers/STM32H7xx_HAL_Driver/Inc/Legacy/stm32_hal_legacy.h")
  #define FMC_NAND_WAIT_FEATURE_DISABLE           ((uint32_t)0x00000000U)
../Drivers/STM32H7xx_HAL_Driver/Inc/stm32h7xx_ll_fmc.h(861): warning:  #47-D: incompatible redefinition of macro "FMC_NAND_WAIT_FEATURE_ENABLE"  (declared at line 392 of "../Drivers/STM32H7xx_HAL_Driver/Inc/Legacy/stm32_hal_legacy.h")
  #define FMC_NAND_WAIT_FEATURE_ENABLE            ((uint32_t)0x00000002U)
../Drivers/STM32H7xx_HAL_Driver/Inc/stm32h7xx_ll_fmc.h(877): warning:  #47-D: incompatible redefinition of macro "FMC_NAND_MEM_BUS_WIDTH_8"  (declared at line 393 of "../Drivers/STM32H7xx_HAL_Driver/Inc/Legacy/stm32_hal_legacy.h")
  #define FMC_NAND_MEM_BUS_WIDTH_8                ((uint32_t)0x00000000U)
../Drivers/STM32H7xx_HAL_Driver/Inc/stm32h7xx_ll_fmc.h(878): warning:  #47-D: incompatible redefinition of macro "FMC_NAND_MEM_BUS_WIDTH_16"  (declared at line 394 of "../Drivers/STM32H7xx_HAL_Driver/Inc/Legacy/stm32_hal_legacy.h")
  #define FMC_NAND_MEM_BUS_WIDTH_16               ((uint32_t)0x00000010U)
../Drivers/STM32H7xx_HAL_Driver/Src/stm32h7xx_hal_pwr_ex.c: 4 warnings, 0 errors
compiling stm32h7xx_hal_uart.c...
../Drivers/STM32H7xx_HAL_Driver/Inc/stm32h7xx_ll_fmc.h(860): warning:  #47-D: incompatible redefinition of macro "FMC_NAND_WAIT_FEATURE_DISABLE"  (declared at line 391 of "../Drivers/STM32H7xx_HAL_Driver/Inc/Legacy/stm32_hal_legacy.h")
  #define FMC_NAND_WAIT_FEATURE_DISABLE           ((uint32_t)0x00000000U)
../Drivers/STM32H7xx_HAL_Driver/Inc/stm32h7xx_ll_fmc.h(861): warning:  #47-D: incompatible redefinition of macro "FMC_NAND_WAIT_FEATURE_ENABLE"  (declared at line 392 of "../Drivers/STM32H7xx_HAL_Driver/Inc/Legacy/stm32_hal_legacy.h")
  #define FMC_NAND_WAIT_FEATURE_ENABLE            ((uint32_t)0x00000002U)
../Drivers/STM32H7xx_HAL_Driver/Inc/stm32h7xx_ll_fmc.h(877): warning:  #47-D: incompatible redefinition of macro "FMC_NAND_MEM_BUS_WIDTH_8"  (declared at line 393 of "../Drivers/STM32H7xx_HAL_Driver/Inc/Legacy/stm32_hal_legacy.h")
  #define FMC_NAND_MEM_BUS_WIDTH_8                ((uint32_t)0x00000000U)
../Drivers/STM32H7xx_HAL_Driver/Inc/stm32h7xx_ll_fmc.h(878): warning:  #47-D: incompatible redefinition of macro "FMC_NAND_MEM_BUS_WIDTH_16"  (declared at line 394 of "../Drivers/STM32H7xx_HAL_Driver/Inc/Legacy/stm32_hal_legacy.h")
  #define FMC_NAND_MEM_BUS_WIDTH_16               ((uint32_t)0x00000010U)
..\Drivers\STM32H7xx_HAL_Driver\Src\stm32h7xx_hal_uart.c: 4 warnings, 0 errors
compiling stm32h7xx_ll_fmc.c...
../Drivers/STM32H7xx_HAL_Driver/Inc/stm32h7xx_ll_fmc.h(860): warning:  #47-D: incompatible redefinition of macro "FMC_NAND_WAIT_FEATURE_DISABLE"  (declared at line 391 of "../Drivers/STM32H7xx_HAL_Driver/Inc/Legacy/stm32_hal_legacy.h")
  #define FMC_NAND_WAIT_FEATURE_DISABLE           ((uint32_t)0x00000000U)
../Drivers/STM32H7xx_HAL_Driver/Inc/stm32h7xx_ll_fmc.h(861): warning:  #47-D: incompatible redefinition of macro "FMC_NAND_WAIT_FEATURE_ENABLE"  (declared at line 392 of "../Drivers/STM32H7xx_HAL_Driver/Inc/Legacy/stm32_hal_legacy.h")
  #define FMC_NAND_WAIT_FEATURE_ENABLE            ((uint32_t)0x00000002U)
../Drivers/STM32H7xx_HAL_Driver/Inc/stm32h7xx_ll_fmc.h(877): warning:  #47-D: incompatible redefinition of macro "FMC_NAND_MEM_BUS_WIDTH_8"  (declared at line 393 of "../Drivers/STM32H7xx_HAL_Driver/Inc/Legacy/stm32_hal_legacy.h")
  #define FMC_NAND_MEM_BUS_WIDTH_8                ((uint32_t)0x00000000U)
../Drivers/STM32H7xx_HAL_Driver/Inc/stm32h7xx_ll_fmc.h(878): warning:  #47-D: incompatible redefinition of macro "FMC_NAND_MEM_BUS_WIDTH_16"  (declared at line 394 of "../Drivers/STM32H7xx_HAL_Driver/Inc/Legacy/stm32_hal_legacy.h")
  #define FMC_NAND_MEM_BUS_WIDTH_16               ((uint32_t)0x00000010U)
..\Drivers\STM32H7xx_HAL_Driver\Src\stm32h7xx_ll_fmc.c: 4 warnings, 0 errors
compiling stm32h7xx_hal_spi.c...
../Drivers/STM32H7xx_HAL_Driver/Inc/stm32h7xx_ll_fmc.h(860): warning:  #47-D: incompatible redefinition of macro "FMC_NAND_WAIT_FEATURE_DISABLE"  (declared at line 391 of "../Drivers/STM32H7xx_HAL_Driver/Inc/Legacy/stm32_hal_legacy.h")
  #define FMC_NAND_WAIT_FEATURE_DISABLE           ((uint32_t)0x00000000U)
../Drivers/STM32H7xx_HAL_Driver/Inc/stm32h7xx_ll_fmc.h(861): warning:  #47-D: incompatible redefinition of macro "FMC_NAND_WAIT_FEATURE_ENABLE"  (declared at line 392 of "../Drivers/STM32H7xx_HAL_Driver/Inc/Legacy/stm32_hal_legacy.h")
  #define FMC_NAND_WAIT_FEATURE_ENABLE            ((uint32_t)0x00000002U)
../Drivers/STM32H7xx_HAL_Driver/Inc/stm32h7xx_ll_fmc.h(877): warning:  #47-D: incompatible redefinition of macro "FMC_NAND_MEM_BUS_WIDTH_8"  (declared at line 393 of "../Drivers/STM32H7xx_HAL_Driver/Inc/Legacy/stm32_hal_legacy.h")
  #define FMC_NAND_MEM_BUS_WIDTH_8                ((uint32_t)0x00000000U)
../Drivers/STM32H7xx_HAL_Driver/Inc/stm32h7xx_ll_fmc.h(878): warning:  #47-D: incompatible redefinition of macro "FMC_NAND_MEM_BUS_WIDTH_16"  (declared at line 394 of "../Drivers/STM32H7xx_HAL_Driver/Inc/Legacy/stm32_hal_legacy.h")
  #define FMC_NAND_MEM_BUS_WIDTH_16               ((uint32_t)0x00000010U)
..\Drivers\STM32H7xx_HAL_Driver\Src\stm32h7xx_hal_spi.c: 4 warnings, 0 errors
compiling key.c...
compiling sx1272-Hal.c...
../Drivers/STM32H7xx_HAL_Driver/Inc/stm32h7xx_ll_fmc.h(860): warning:  #47-D: incompatible redefinition of macro "FMC_NAND_WAIT_FEATURE_DISABLE"  (declared at line 391 of "../Drivers/STM32H7xx_HAL_Driver/Inc/Legacy/stm32_hal_legacy.h")
  #define FMC_NAND_WAIT_FEATURE_DISABLE           ((uint32_t)0x00000000U)
../Drivers/STM32H7xx_HAL_Driver/Inc/stm32h7xx_ll_fmc.h(861): warning:  #47-D: incompatible redefinition of macro "FMC_NAND_WAIT_FEATURE_ENABLE"  (declared at line 392 of "../Drivers/STM32H7xx_HAL_Driver/Inc/Legacy/stm32_hal_legacy.h")
  #define FMC_NAND_WAIT_FEATURE_ENABLE            ((uint32_t)0x00000002U)
../Drivers/STM32H7xx_HAL_Driver/Inc/stm32h7xx_ll_fmc.h(877): warning:  #47-D: incompatible redefinition of macro "FMC_NAND_MEM_BUS_WIDTH_8"  (declared at line 393 of "../Drivers/STM32H7xx_HAL_Driver/Inc/Legacy/stm32_hal_legacy.h")
  #define FMC_NAND_MEM_BUS_WIDTH_8                ((uint32_t)0x00000000U)
../Drivers/STM32H7xx_HAL_Driver/Inc/stm32h7xx_ll_fmc.h(878): warning:  #47-D: incompatible redefinition of macro "FMC_NAND_MEM_BUS_WIDTH_16"  (declared at line 394 of "../Drivers/STM32H7xx_HAL_Driver/Inc/Legacy/stm32_hal_legacy.h")
  #define FMC_NAND_MEM_BUS_WIDTH_16               ((uint32_t)0x00000010U)
..\Src\SX1278\platform\sx12xxEiger\sx1272-Hal.c: 4 warnings, 0 errors
compiling sx1276-Hal.c...
../Drivers/STM32H7xx_HAL_Driver/Inc/stm32h7xx_ll_fmc.h(860): warning:  #47-D: incompatible redefinition of macro "FMC_NAND_WAIT_FEATURE_DISABLE"  (declared at line 391 of "../Drivers/STM32H7xx_HAL_Driver/Inc/Legacy/stm32_hal_legacy.h")
  #define FMC_NAND_WAIT_FEATURE_DISABLE           ((uint32_t)0x00000000U)
../Drivers/STM32H7xx_HAL_Driver/Inc/stm32h7xx_ll_fmc.h(861): warning:  #47-D: incompatible redefinition of macro "FMC_NAND_WAIT_FEATURE_ENABLE"  (declared at line 392 of "../Drivers/STM32H7xx_HAL_Driver/Inc/Legacy/stm32_hal_legacy.h")
  #define FMC_NAND_WAIT_FEATURE_ENABLE            ((uint32_t)0x00000002U)
../Drivers/STM32H7xx_HAL_Driver/Inc/stm32h7xx_ll_fmc.h(877): warning:  #47-D: incompatible redefinition of macro "FMC_NAND_MEM_BUS_WIDTH_8"  (declared at line 393 of "../Drivers/STM32H7xx_HAL_Driver/Inc/Legacy/stm32_hal_legacy.h")
  #define FMC_NAND_MEM_BUS_WIDTH_8                ((uint32_t)0x00000000U)
../Drivers/STM32H7xx_HAL_Driver/Inc/stm32h7xx_ll_fmc.h(878): warning:  #47-D: incompatible redefinition of macro "FMC_NAND_MEM_BUS_WIDTH_16"  (declared at line 394 of "../Drivers/STM32H7xx_HAL_Driver/Inc/Legacy/stm32_hal_legacy.h")
  #define FMC_NAND_MEM_BUS_WIDTH_16               ((uint32_t)0x00000010U)
..\Src\SX1278\platform\sx12xxEiger\sx1276-Hal.c(243): warning:  #223-D: function "SpiInOut" declared implicitly
      SpiInOut( addr | 0x80 );
..\Src\SX1278\platform\sx12xxEiger\sx1276-Hal.c(268): warning:  #223-D: function "SpiInOut" declared implicitly
      SpiInOut( addr & 0x7F );
..\Src\SX1278\platform\sx12xxEiger\sx1276-Hal.c(302): warning:  #940-D: missing return statement at end of non-void function "SX1276ReadDio0" 
  }
..\Src\SX1278\platform\sx12xxEiger\sx1276-Hal.c: 7 warnings, 0 errors
compiling usart.c...
compiling fifo.c...
../Drivers/STM32H7xx_HAL_Driver/Inc/stm32h7xx_ll_fmc.h(860): warning:  #47-D: incompatible redefinition of macro "FMC_NAND_WAIT_FEATURE_DISABLE"  (declared at line 391 of "../Drivers/STM32H7xx_HAL_Driver/Inc/Legacy/stm32_hal_legacy.h")
  #define FMC_NAND_WAIT_FEATURE_DISABLE           ((uint32_t)0x00000000U)
../Drivers/STM32H7xx_HAL_Driver/Inc/stm32h7xx_ll_fmc.h(861): warning:  #47-D: incompatible redefinition of macro "FMC_NAND_WAIT_FEATURE_ENABLE"  (declared at line 392 of "../Drivers/STM32H7xx_HAL_Driver/Inc/Legacy/stm32_hal_legacy.h")
  #define FMC_NAND_WAIT_FEATURE_ENABLE            ((uint32_t)0x00000002U)
../Drivers/STM32H7xx_HAL_Driver/Inc/stm32h7xx_ll_fmc.h(877): warning:  #47-D: incompatible redefinition of macro "FMC_NAND_MEM_BUS_WIDTH_8"  (declared at line 393 of "../Drivers/STM32H7xx_HAL_Driver/Inc/Legacy/stm32_hal_legacy.h")
  #define FMC_NAND_MEM_BUS_WIDTH_8                ((uint32_t)0x00000000U)
../Drivers/STM32H7xx_HAL_Driver/Inc/stm32h7xx_ll_fmc.h(878): warning:  #47-D: incompatible redefinition of macro "FMC_NAND_MEM_BUS_WIDTH_16"  (declared at line 394 of "../Drivers/STM32H7xx_HAL_Driver/Inc/Legacy/stm32_hal_legacy.h")
  #define FMC_NAND_MEM_BUS_WIDTH_16               ((uint32_t)0x00000010U)
..\Src\SX1278\platform\sx12xxEiger\fifo.c: 4 warnings, 0 errors
compiling sx12xxEiger.c...
..\Src\SX1278\platform\sx12xxEiger\sx12xxEiger.c(41): warning:  #223-D: function "SpiInit" declared implicitly
  			SpiInit(MASTER );
..\Src\SX1278\platform\sx12xxEiger\sx12xxEiger.c(43): warning:  #223-D: function "SpiInit" declared implicitly
  			SpiInit(SLAVE);
..\Src\SX1278\platform\sx12xxEiger\sx12xxEiger.c: 2 warnings, 0 errors
compiling spi.c...
compiling radio.c...
../Drivers/STM32H7xx_HAL_Driver/Inc/stm32h7xx_ll_fmc.h(860): warning:  #47-D: incompatible redefinition of macro "FMC_NAND_WAIT_FEATURE_DISABLE"  (declared at line 391 of "../Drivers/STM32H7xx_HAL_Driver/Inc/Legacy/stm32_hal_legacy.h")
  #define FMC_NAND_WAIT_FEATURE_DISABLE           ((uint32_t)0x00000000U)
../Drivers/STM32H7xx_HAL_Driver/Inc/stm32h7xx_ll_fmc.h(861): warning:  #47-D: incompatible redefinition of macro "FMC_NAND_WAIT_FEATURE_ENABLE"  (declared at line 392 of "../Drivers/STM32H7xx_HAL_Driver/Inc/Legacy/stm32_hal_legacy.h")
  #define FMC_NAND_WAIT_FEATURE_ENABLE            ((uint32_t)0x00000002U)
../Drivers/STM32H7xx_HAL_Driver/Inc/stm32h7xx_ll_fmc.h(877): warning:  #47-D: incompatible redefinition of macro "FMC_NAND_MEM_BUS_WIDTH_8"  (declared at line 393 of "../Drivers/STM32H7xx_HAL_Driver/Inc/Legacy/stm32_hal_legacy.h")
  #define FMC_NAND_MEM_BUS_WIDTH_8                ((uint32_t)0x00000000U)
../Drivers/STM32H7xx_HAL_Driver/Inc/stm32h7xx_ll_fmc.h(878): warning:  #47-D: incompatible redefinition of macro "FMC_NAND_MEM_BUS_WIDTH_16"  (declared at line 394 of "../Drivers/STM32H7xx_HAL_Driver/Inc/Legacy/stm32_hal_legacy.h")
  #define FMC_NAND_MEM_BUS_WIDTH_16               ((uint32_t)0x00000010U)
..\Src\SX1278\radio\radio.c: 4 warnings, 0 errors
compiling sx1232-Hal.c...
../Drivers/STM32H7xx_HAL_Driver/Inc/stm32h7xx_ll_fmc.h(860): warning:  #47-D: incompatible redefinition of macro "FMC_NAND_WAIT_FEATURE_DISABLE"  (declared at line 391 of "../Drivers/STM32H7xx_HAL_Driver/Inc/Legacy/stm32_hal_legacy.h")
  #define FMC_NAND_WAIT_FEATURE_DISABLE           ((uint32_t)0x00000000U)
../Drivers/STM32H7xx_HAL_Driver/Inc/stm32h7xx_ll_fmc.h(861): warning:  #47-D: incompatible redefinition of macro "FMC_NAND_WAIT_FEATURE_ENABLE"  (declared at line 392 of "../Drivers/STM32H7xx_HAL_Driver/Inc/Legacy/stm32_hal_legacy.h")
  #define FMC_NAND_WAIT_FEATURE_ENABLE            ((uint32_t)0x00000002U)
../Drivers/STM32H7xx_HAL_Driver/Inc/stm32h7xx_ll_fmc.h(877): warning:  #47-D: incompatible redefinition of macro "FMC_NAND_MEM_BUS_WIDTH_8"  (declared at line 393 of "../Drivers/STM32H7xx_HAL_Driver/Inc/Legacy/stm32_hal_legacy.h")
  #define FMC_NAND_MEM_BUS_WIDTH_8                ((uint32_t)0x00000000U)
../Drivers/STM32H7xx_HAL_Driver/Inc/stm32h7xx_ll_fmc.h(878): warning:  #47-D: incompatible redefinition of macro "FMC_NAND_MEM_BUS_WIDTH_16"  (declared at line 394 of "../Drivers/STM32H7xx_HAL_Driver/Inc/Legacy/stm32_hal_legacy.h")
  #define FMC_NAND_MEM_BUS_WIDTH_16               ((uint32_t)0x00000010U)
..\Src\SX1278\platform\sx12xxEiger\sx1232-Hal.c: 4 warnings, 0 errors
compiling sx1232.c...
../Drivers/STM32H7xx_HAL_Driver/Inc/stm32h7xx_ll_fmc.h(860): warning:  #47-D: incompatible redefinition of macro "FMC_NAND_WAIT_FEATURE_DISABLE"  (declared at line 391 of "../Drivers/STM32H7xx_HAL_Driver/Inc/Legacy/stm32_hal_legacy.h")
  #define FMC_NAND_WAIT_FEATURE_DISABLE           ((uint32_t)0x00000000U)
../Drivers/STM32H7xx_HAL_Driver/Inc/stm32h7xx_ll_fmc.h(861): warning:  #47-D: incompatible redefinition of macro "FMC_NAND_WAIT_FEATURE_ENABLE"  (declared at line 392 of "../Drivers/STM32H7xx_HAL_Driver/Inc/Legacy/stm32_hal_legacy.h")
  #define FMC_NAND_WAIT_FEATURE_ENABLE            ((uint32_t)0x00000002U)
../Drivers/STM32H7xx_HAL_Driver/Inc/stm32h7xx_ll_fmc.h(877): warning:  #47-D: incompatible redefinition of macro "FMC_NAND_MEM_BUS_WIDTH_8"  (declared at line 393 of "../Drivers/STM32H7xx_HAL_Driver/Inc/Legacy/stm32_hal_legacy.h")
  #define FMC_NAND_MEM_BUS_WIDTH_8                ((uint32_t)0x00000000U)
../Drivers/STM32H7xx_HAL_Driver/Inc/stm32h7xx_ll_fmc.h(878): warning:  #47-D: incompatible redefinition of macro "FMC_NAND_MEM_BUS_WIDTH_16"  (declared at line 394 of "../Drivers/STM32H7xx_HAL_Driver/Inc/Legacy/stm32_hal_legacy.h")
  #define FMC_NAND_MEM_BUS_WIDTH_16               ((uint32_t)0x00000010U)
..\Src\SX1278\radio\sx1232.c: 4 warnings, 0 errors
compiling spisx1278.c...
../Drivers/STM32H7xx_HAL_Driver/Inc/stm32h7xx_ll_fmc.h(860): warning:  #47-D: incompatible redefinition of macro "FMC_NAND_WAIT_FEATURE_DISABLE"  (declared at line 391 of "../Drivers/STM32H7xx_HAL_Driver/Inc/Legacy/stm32_hal_legacy.h")
  #define FMC_NAND_WAIT_FEATURE_DISABLE           ((uint32_t)0x00000000U)
../Drivers/STM32H7xx_HAL_Driver/Inc/stm32h7xx_ll_fmc.h(861): warning:  #47-D: incompatible redefinition of macro "FMC_NAND_WAIT_FEATURE_ENABLE"  (declared at line 392 of "../Drivers/STM32H7xx_HAL_Driver/Inc/Legacy/stm32_hal_legacy.h")
  #define FMC_NAND_WAIT_FEATURE_ENABLE            ((uint32_t)0x00000002U)
../Drivers/STM32H7xx_HAL_Driver/Inc/stm32h7xx_ll_fmc.h(877): warning:  #47-D: incompatible redefinition of macro "FMC_NAND_MEM_BUS_WIDTH_8"  (declared at line 393 of "../Drivers/STM32H7xx_HAL_Driver/Inc/Legacy/stm32_hal_legacy.h")
  #define FMC_NAND_MEM_BUS_WIDTH_8                ((uint32_t)0x00000000U)
../Drivers/STM32H7xx_HAL_Driver/Inc/stm32h7xx_ll_fmc.h(878): warning:  #47-D: incompatible redefinition of macro "FMC_NAND_MEM_BUS_WIDTH_16"  (declared at line 394 of "../Drivers/STM32H7xx_HAL_Driver/Inc/Legacy/stm32_hal_legacy.h")
  #define FMC_NAND_MEM_BUS_WIDTH_16               ((uint32_t)0x00000010U)
..\Src\SX1278\platform\sx12xxEiger\spisx1278.c(50): warning:  #550-D: variable "ret"  was set but never used
  	uint8_t ret;
..\Src\SX1278\platform\sx12xxEiger\spisx1278.c: 5 warnings, 0 errors
compiling i2c.c...
compiling LCD.c...
../Drivers/STM32H7xx_HAL_Driver/Inc/stm32h7xx_ll_fmc.h(860): warning:  #47-D: incompatible redefinition of macro "FMC_NAND_WAIT_FEATURE_DISABLE"  (declared at line 391 of "../Drivers/STM32H7xx_HAL_Driver/Inc/Legacy/stm32_hal_legacy.h")
  #define FMC_NAND_WAIT_FEATURE_DISABLE           ((uint32_t)0x00000000U)
../Drivers/STM32H7xx_HAL_Driver/Inc/stm32h7xx_ll_fmc.h(861): warning:  #47-D: incompatible redefinition of macro "FMC_NAND_WAIT_FEATURE_ENABLE"  (declared at line 392 of "../Drivers/STM32H7xx_HAL_Driver/Inc/Legacy/stm32_hal_legacy.h")
  #define FMC_NAND_WAIT_FEATURE_ENABLE            ((uint32_t)0x00000002U)
../Drivers/STM32H7xx_HAL_Driver/Inc/stm32h7xx_ll_fmc.h(877): warning:  #47-D: incompatible redefinition of macro "FMC_NAND_MEM_BUS_WIDTH_8"  (declared at line 393 of "../Drivers/STM32H7xx_HAL_Driver/Inc/Legacy/stm32_hal_legacy.h")
  #define FMC_NAND_MEM_BUS_WIDTH_8                ((uint32_t)0x00000000U)
../Drivers/STM32H7xx_HAL_Driver/Inc/stm32h7xx_ll_fmc.h(878): warning:  #47-D: incompatible redefinition of macro "FMC_NAND_MEM_BUS_WIDTH_16"  (declared at line 394 of "../Drivers/STM32H7xx_HAL_Driver/Inc/Legacy/stm32_hal_legacy.h")
  #define FMC_NAND_MEM_BUS_WIDTH_16               ((uint32_t)0x00000010U)
..\Src\LCD\LCD.c(47): warning:  #177-D: variable "temp"  was declared but never referenced
  	uint16_t temp;  
..\Src\LCD\LCD.c(48): warning:  #177-D: variable "xsize"  was declared but never referenced
  	uint16_t xsize,ysize;
..\Src\LCD\LCD.c(48): warning:  #177-D: variable "ysize"  was declared but never referenced
  	uint16_t xsize,ysize;
..\Src\LCD\LCD.c: 7 warnings, 0 errors
compiling sx1272-Fsk.c...
../Drivers/STM32H7xx_HAL_Driver/Inc/stm32h7xx_ll_fmc.h(860): warning:  #47-D: incompatible redefinition of macro "FMC_NAND_WAIT_FEATURE_DISABLE"  (declared at line 391 of "../Drivers/STM32H7xx_HAL_Driver/Inc/Legacy/stm32_hal_legacy.h")
  #define FMC_NAND_WAIT_FEATURE_DISABLE           ((uint32_t)0x00000000U)
../Drivers/STM32H7xx_HAL_Driver/Inc/stm32h7xx_ll_fmc.h(861): warning:  #47-D: incompatible redefinition of macro "FMC_NAND_WAIT_FEATURE_ENABLE"  (declared at line 392 of "../Drivers/STM32H7xx_HAL_Driver/Inc/Legacy/stm32_hal_legacy.h")
  #define FMC_NAND_WAIT_FEATURE_ENABLE            ((uint32_t)0x00000002U)
../Drivers/STM32H7xx_HAL_Driver/Inc/stm32h7xx_ll_fmc.h(877): warning:  #47-D: incompatible redefinition of macro "FMC_NAND_MEM_BUS_WIDTH_8"  (declared at line 393 of "../Drivers/STM32H7xx_HAL_Driver/Inc/Legacy/stm32_hal_legacy.h")
  #define FMC_NAND_MEM_BUS_WIDTH_8                ((uint32_t)0x00000000U)
../Drivers/STM32H7xx_HAL_Driver/Inc/stm32h7xx_ll_fmc.h(878): warning:  #47-D: incompatible redefinition of macro "FMC_NAND_MEM_BUS_WIDTH_16"  (declared at line 394 of "../Drivers/STM32H7xx_HAL_Driver/Inc/Legacy/stm32_hal_legacy.h")
  #define FMC_NAND_MEM_BUS_WIDTH_16               ((uint32_t)0x00000010U)
..\Src\SX1278\radio\sx1272-Fsk.c: 4 warnings, 0 errors
compiling sx1272-FskMisc.c...
../Drivers/STM32H7xx_HAL_Driver/Inc/stm32h7xx_ll_fmc.h(860): warning:  #47-D: incompatible redefinition of macro "FMC_NAND_WAIT_FEATURE_DISABLE"  (declared at line 391 of "../Drivers/STM32H7xx_HAL_Driver/Inc/Legacy/stm32_hal_legacy.h")
  #define FMC_NAND_WAIT_FEATURE_DISABLE           ((uint32_t)0x00000000U)
../Drivers/STM32H7xx_HAL_Driver/Inc/stm32h7xx_ll_fmc.h(861): warning:  #47-D: incompatible redefinition of macro "FMC_NAND_WAIT_FEATURE_ENABLE"  (declared at line 392 of "../Drivers/STM32H7xx_HAL_Driver/Inc/Legacy/stm32_hal_legacy.h")
  #define FMC_NAND_WAIT_FEATURE_ENABLE            ((uint32_t)0x00000002U)
../Drivers/STM32H7xx_HAL_Driver/Inc/stm32h7xx_ll_fmc.h(877): warning:  #47-D: incompatible redefinition of macro "FMC_NAND_MEM_BUS_WIDTH_8"  (declared at line 393 of "../Drivers/STM32H7xx_HAL_Driver/Inc/Legacy/stm32_hal_legacy.h")
  #define FMC_NAND_MEM_BUS_WIDTH_8                ((uint32_t)0x00000000U)
../Drivers/STM32H7xx_HAL_Driver/Inc/stm32h7xx_ll_fmc.h(878): warning:  #47-D: incompatible redefinition of macro "FMC_NAND_MEM_BUS_WIDTH_16"  (declared at line 394 of "../Drivers/STM32H7xx_HAL_Driver/Inc/Legacy/stm32_hal_legacy.h")
  #define FMC_NAND_MEM_BUS_WIDTH_16               ((uint32_t)0x00000010U)
..\Src\SX1278\radio\sx1272-FskMisc.c: 4 warnings, 0 errors
compiling sx1272.c...
../Drivers/STM32H7xx_HAL_Driver/Inc/stm32h7xx_ll_fmc.h(860): warning:  #47-D: incompatible redefinition of macro "FMC_NAND_WAIT_FEATURE_DISABLE"  (declared at line 391 of "../Drivers/STM32H7xx_HAL_Driver/Inc/Legacy/stm32_hal_legacy.h")
  #define FMC_NAND_WAIT_FEATURE_DISABLE           ((uint32_t)0x00000000U)
../Drivers/STM32H7xx_HAL_Driver/Inc/stm32h7xx_ll_fmc.h(861): warning:  #47-D: incompatible redefinition of macro "FMC_NAND_WAIT_FEATURE_ENABLE"  (declared at line 392 of "../Drivers/STM32H7xx_HAL_Driver/Inc/Legacy/stm32_hal_legacy.h")
  #define FMC_NAND_WAIT_FEATURE_ENABLE            ((uint32_t)0x00000002U)
../Drivers/STM32H7xx_HAL_Driver/Inc/stm32h7xx_ll_fmc.h(877): warning:  #47-D: incompatible redefinition of macro "FMC_NAND_MEM_BUS_WIDTH_8"  (declared at line 393 of "../Drivers/STM32H7xx_HAL_Driver/Inc/Legacy/stm32_hal_legacy.h")
  #define FMC_NAND_MEM_BUS_WIDTH_8                ((uint32_t)0x00000000U)
../Drivers/STM32H7xx_HAL_Driver/Inc/stm32h7xx_ll_fmc.h(878): warning:  #47-D: incompatible redefinition of macro "FMC_NAND_MEM_BUS_WIDTH_16"  (declared at line 394 of "../Drivers/STM32H7xx_HAL_Driver/Inc/Legacy/stm32_hal_legacy.h")
  #define FMC_NAND_MEM_BUS_WIDTH_16               ((uint32_t)0x00000010U)
..\Src\SX1278\radio\sx1272.c: 4 warnings, 0 errors
compiling sx1232-Misc.c...
../Drivers/STM32H7xx_HAL_Driver/Inc/stm32h7xx_ll_fmc.h(860): warning:  #47-D: incompatible redefinition of macro "FMC_NAND_WAIT_FEATURE_DISABLE"  (declared at line 391 of "../Drivers/STM32H7xx_HAL_Driver/Inc/Legacy/stm32_hal_legacy.h")
  #define FMC_NAND_WAIT_FEATURE_DISABLE           ((uint32_t)0x00000000U)
../Drivers/STM32H7xx_HAL_Driver/Inc/stm32h7xx_ll_fmc.h(861): warning:  #47-D: incompatible redefinition of macro "FMC_NAND_WAIT_FEATURE_ENABLE"  (declared at line 392 of "../Drivers/STM32H7xx_HAL_Driver/Inc/Legacy/stm32_hal_legacy.h")
  #define FMC_NAND_WAIT_FEATURE_ENABLE            ((uint32_t)0x00000002U)
../Drivers/STM32H7xx_HAL_Driver/Inc/stm32h7xx_ll_fmc.h(877): warning:  #47-D: incompatible redefinition of macro "FMC_NAND_MEM_BUS_WIDTH_8"  (declared at line 393 of "../Drivers/STM32H7xx_HAL_Driver/Inc/Legacy/stm32_hal_legacy.h")
  #define FMC_NAND_MEM_BUS_WIDTH_8                ((uint32_t)0x00000000U)
../Drivers/STM32H7xx_HAL_Driver/Inc/stm32h7xx_ll_fmc.h(878): warning:  #47-D: incompatible redefinition of macro "FMC_NAND_MEM_BUS_WIDTH_16"  (declared at line 394 of "../Drivers/STM32H7xx_HAL_Driver/Inc/Legacy/stm32_hal_legacy.h")
  #define FMC_NAND_MEM_BUS_WIDTH_16               ((uint32_t)0x00000010U)
..\Src\SX1278\radio\sx1232-Misc.c: 4 warnings, 0 errors
compiling sx1272-LoRa.c...
../Drivers/STM32H7xx_HAL_Driver/Inc/stm32h7xx_ll_fmc.h(860): warning:  #47-D: incompatible redefinition of macro "FMC_NAND_WAIT_FEATURE_DISABLE"  (declared at line 391 of "../Drivers/STM32H7xx_HAL_Driver/Inc/Legacy/stm32_hal_legacy.h")
  #define FMC_NAND_WAIT_FEATURE_DISABLE           ((uint32_t)0x00000000U)
../Drivers/STM32H7xx_HAL_Driver/Inc/stm32h7xx_ll_fmc.h(861): warning:  #47-D: incompatible redefinition of macro "FMC_NAND_WAIT_FEATURE_ENABLE"  (declared at line 392 of "../Drivers/STM32H7xx_HAL_Driver/Inc/Legacy/stm32_hal_legacy.h")
  #define FMC_NAND_WAIT_FEATURE_ENABLE            ((uint32_t)0x00000002U)
../Drivers/STM32H7xx_HAL_Driver/Inc/stm32h7xx_ll_fmc.h(877): warning:  #47-D: incompatible redefinition of macro "FMC_NAND_MEM_BUS_WIDTH_8"  (declared at line 393 of "../Drivers/STM32H7xx_HAL_Driver/Inc/Legacy/stm32_hal_legacy.h")
  #define FMC_NAND_MEM_BUS_WIDTH_8                ((uint32_t)0x00000000U)
../Drivers/STM32H7xx_HAL_Driver/Inc/stm32h7xx_ll_fmc.h(878): warning:  #47-D: incompatible redefinition of macro "FMC_NAND_MEM_BUS_WIDTH_16"  (declared at line 394 of "../Drivers/STM32H7xx_HAL_Driver/Inc/Legacy/stm32_hal_legacy.h")
  #define FMC_NAND_MEM_BUS_WIDTH_16               ((uint32_t)0x00000010U)
..\Src\SX1278\radio\sx1272-LoRa.c: 4 warnings, 0 errors
compiling sx1272-LoRaMisc.c...
../Drivers/STM32H7xx_HAL_Driver/Inc/stm32h7xx_ll_fmc.h(860): warning:  #47-D: incompatible redefinition of macro "FMC_NAND_WAIT_FEATURE_DISABLE"  (declared at line 391 of "../Drivers/STM32H7xx_HAL_Driver/Inc/Legacy/stm32_hal_legacy.h")
  #define FMC_NAND_WAIT_FEATURE_DISABLE           ((uint32_t)0x00000000U)
../Drivers/STM32H7xx_HAL_Driver/Inc/stm32h7xx_ll_fmc.h(861): warning:  #47-D: incompatible redefinition of macro "FMC_NAND_WAIT_FEATURE_ENABLE"  (declared at line 392 of "../Drivers/STM32H7xx_HAL_Driver/Inc/Legacy/stm32_hal_legacy.h")
  #define FMC_NAND_WAIT_FEATURE_ENABLE            ((uint32_t)0x00000002U)
../Drivers/STM32H7xx_HAL_Driver/Inc/stm32h7xx_ll_fmc.h(877): warning:  #47-D: incompatible redefinition of macro "FMC_NAND_MEM_BUS_WIDTH_8"  (declared at line 393 of "../Drivers/STM32H7xx_HAL_Driver/Inc/Legacy/stm32_hal_legacy.h")
  #define FMC_NAND_MEM_BUS_WIDTH_8                ((uint32_t)0x00000000U)
../Drivers/STM32H7xx_HAL_Driver/Inc/stm32h7xx_ll_fmc.h(878): warning:  #47-D: incompatible redefinition of macro "FMC_NAND_MEM_BUS_WIDTH_16"  (declared at line 394 of "../Drivers/STM32H7xx_HAL_Driver/Inc/Legacy/stm32_hal_legacy.h")
  #define FMC_NAND_MEM_BUS_WIDTH_16               ((uint32_t)0x00000010U)
..\Src\SX1278\radio\sx1272-LoRaMisc.c: 4 warnings, 0 errors
compiling sx1276-LoRaMisc.c...
../Drivers/STM32H7xx_HAL_Driver/Inc/stm32h7xx_ll_fmc.h(860): warning:  #47-D: incompatible redefinition of macro "FMC_NAND_WAIT_FEATURE_DISABLE"  (declared at line 391 of "../Drivers/STM32H7xx_HAL_Driver/Inc/Legacy/stm32_hal_legacy.h")
  #define FMC_NAND_WAIT_FEATURE_DISABLE           ((uint32_t)0x00000000U)
../Drivers/STM32H7xx_HAL_Driver/Inc/stm32h7xx_ll_fmc.h(861): warning:  #47-D: incompatible redefinition of macro "FMC_NAND_WAIT_FEATURE_ENABLE"  (declared at line 392 of "../Drivers/STM32H7xx_HAL_Driver/Inc/Legacy/stm32_hal_legacy.h")
  #define FMC_NAND_WAIT_FEATURE_ENABLE            ((uint32_t)0x00000002U)
../Drivers/STM32H7xx_HAL_Driver/Inc/stm32h7xx_ll_fmc.h(877): warning:  #47-D: incompatible redefinition of macro "FMC_NAND_MEM_BUS_WIDTH_8"  (declared at line 393 of "../Drivers/STM32H7xx_HAL_Driver/Inc/Legacy/stm32_hal_legacy.h")
  #define FMC_NAND_MEM_BUS_WIDTH_8                ((uint32_t)0x00000000U)
../Drivers/STM32H7xx_HAL_Driver/Inc/stm32h7xx_ll_fmc.h(878): warning:  #47-D: incompatible redefinition of macro "FMC_NAND_MEM_BUS_WIDTH_16"  (declared at line 394 of "../Drivers/STM32H7xx_HAL_Driver/Inc/Legacy/stm32_hal_legacy.h")
  #define FMC_NAND_MEM_BUS_WIDTH_16               ((uint32_t)0x00000010U)
..\Src\SX1278\radio\sx1276-LoRaMisc.c: 4 warnings, 0 errors
compiling sx1276-LoRa.c...
../Drivers/STM32H7xx_HAL_Driver/Inc/stm32h7xx_ll_fmc.h(860): warning:  #47-D: incompatible redefinition of macro "FMC_NAND_WAIT_FEATURE_DISABLE"  (declared at line 391 of "../Drivers/STM32H7xx_HAL_Driver/Inc/Legacy/stm32_hal_legacy.h")
  #define FMC_NAND_WAIT_FEATURE_DISABLE           ((uint32_t)0x00000000U)
../Drivers/STM32H7xx_HAL_Driver/Inc/stm32h7xx_ll_fmc.h(861): warning:  #47-D: incompatible redefinition of macro "FMC_NAND_WAIT_FEATURE_ENABLE"  (declared at line 392 of "../Drivers/STM32H7xx_HAL_Driver/Inc/Legacy/stm32_hal_legacy.h")
  #define FMC_NAND_WAIT_FEATURE_ENABLE            ((uint32_t)0x00000002U)
../Drivers/STM32H7xx_HAL_Driver/Inc/stm32h7xx_ll_fmc.h(877): warning:  #47-D: incompatible redefinition of macro "FMC_NAND_MEM_BUS_WIDTH_8"  (declared at line 393 of "../Drivers/STM32H7xx_HAL_Driver/Inc/Legacy/stm32_hal_legacy.h")
  #define FMC_NAND_MEM_BUS_WIDTH_8                ((uint32_t)0x00000000U)
../Drivers/STM32H7xx_HAL_Driver/Inc/stm32h7xx_ll_fmc.h(878): warning:  #47-D: incompatible redefinition of macro "FMC_NAND_MEM_BUS_WIDTH_16"  (declared at line 394 of "../Drivers/STM32H7xx_HAL_Driver/Inc/Legacy/stm32_hal_legacy.h")
  #define FMC_NAND_MEM_BUS_WIDTH_16               ((uint32_t)0x00000010U)
..\Src\SX1278\radio\sx1276-LoRa.c: 4 warnings, 0 errors
compiling sx1276-FskMisc.c...
../Drivers/STM32H7xx_HAL_Driver/Inc/stm32h7xx_ll_fmc.h(860): warning:  #47-D: incompatible redefinition of macro "FMC_NAND_WAIT_FEATURE_DISABLE"  (declared at line 391 of "../Drivers/STM32H7xx_HAL_Driver/Inc/Legacy/stm32_hal_legacy.h")
  #define FMC_NAND_WAIT_FEATURE_DISABLE           ((uint32_t)0x00000000U)
../Drivers/STM32H7xx_HAL_Driver/Inc/stm32h7xx_ll_fmc.h(861): warning:  #47-D: incompatible redefinition of macro "FMC_NAND_WAIT_FEATURE_ENABLE"  (declared at line 392 of "../Drivers/STM32H7xx_HAL_Driver/Inc/Legacy/stm32_hal_legacy.h")
  #define FMC_NAND_WAIT_FEATURE_ENABLE            ((uint32_t)0x00000002U)
../Drivers/STM32H7xx_HAL_Driver/Inc/stm32h7xx_ll_fmc.h(877): warning:  #47-D: incompatible redefinition of macro "FMC_NAND_MEM_BUS_WIDTH_8"  (declared at line 393 of "../Drivers/STM32H7xx_HAL_Driver/Inc/Legacy/stm32_hal_legacy.h")
  #define FMC_NAND_MEM_BUS_WIDTH_8                ((uint32_t)0x00000000U)
../Drivers/STM32H7xx_HAL_Driver/Inc/stm32h7xx_ll_fmc.h(878): warning:  #47-D: incompatible redefinition of macro "FMC_NAND_MEM_BUS_WIDTH_16"  (declared at line 394 of "../Drivers/STM32H7xx_HAL_Driver/Inc/Legacy/stm32_hal_legacy.h")
  #define FMC_NAND_MEM_BUS_WIDTH_16               ((uint32_t)0x00000010U)
..\Src\SX1278\radio\sx1276-FskMisc.c: 4 warnings, 0 errors
compiling sx1276.c...
../Drivers/STM32H7xx_HAL_Driver/Inc/stm32h7xx_ll_fmc.h(860): warning:  #47-D: incompatible redefinition of macro "FMC_NAND_WAIT_FEATURE_DISABLE"  (declared at line 391 of "../Drivers/STM32H7xx_HAL_Driver/Inc/Legacy/stm32_hal_legacy.h")
  #define FMC_NAND_WAIT_FEATURE_DISABLE           ((uint32_t)0x00000000U)
../Drivers/STM32H7xx_HAL_Driver/Inc/stm32h7xx_ll_fmc.h(861): warning:  #47-D: incompatible redefinition of macro "FMC_NAND_WAIT_FEATURE_ENABLE"  (declared at line 392 of "../Drivers/STM32H7xx_HAL_Driver/Inc/Legacy/stm32_hal_legacy.h")
  #define FMC_NAND_WAIT_FEATURE_ENABLE            ((uint32_t)0x00000002U)
../Drivers/STM32H7xx_HAL_Driver/Inc/stm32h7xx_ll_fmc.h(877): warning:  #47-D: incompatible redefinition of macro "FMC_NAND_MEM_BUS_WIDTH_8"  (declared at line 393 of "../Drivers/STM32H7xx_HAL_Driver/Inc/Legacy/stm32_hal_legacy.h")
  #define FMC_NAND_MEM_BUS_WIDTH_8                ((uint32_t)0x00000000U)
../Drivers/STM32H7xx_HAL_Driver/Inc/stm32h7xx_ll_fmc.h(878): warning:  #47-D: incompatible redefinition of macro "FMC_NAND_MEM_BUS_WIDTH_16"  (declared at line 394 of "../Drivers/STM32H7xx_HAL_Driver/Inc/Legacy/stm32_hal_legacy.h")
  #define FMC_NAND_MEM_BUS_WIDTH_16               ((uint32_t)0x00000010U)
..\Src\SX1278\radio\sx1276.c(63): warning:  #167-D: argument of type "uint8_t *" is incompatible with parameter of type "char *restrict"
  	sprintf(buf,"%x",TempReg);
..\Src\SX1278\radio\sx1276.c(94): warning:  #177-D: variable "startTick"  was declared but never referenced
  	uint32_t startTick;  
..\Src\SX1278\radio\sx1276.c: 6 warnings, 0 errors
compiling sx1276-Fsk.c...
../Drivers/STM32H7xx_HAL_Driver/Inc/stm32h7xx_ll_fmc.h(860): warning:  #47-D: incompatible redefinition of macro "FMC_NAND_WAIT_FEATURE_DISABLE"  (declared at line 391 of "../Drivers/STM32H7xx_HAL_Driver/Inc/Legacy/stm32_hal_legacy.h")
  #define FMC_NAND_WAIT_FEATURE_DISABLE           ((uint32_t)0x00000000U)
../Drivers/STM32H7xx_HAL_Driver/Inc/stm32h7xx_ll_fmc.h(861): warning:  #47-D: incompatible redefinition of macro "FMC_NAND_WAIT_FEATURE_ENABLE"  (declared at line 392 of "../Drivers/STM32H7xx_HAL_Driver/Inc/Legacy/stm32_hal_legacy.h")
  #define FMC_NAND_WAIT_FEATURE_ENABLE            ((uint32_t)0x00000002U)
../Drivers/STM32H7xx_HAL_Driver/Inc/stm32h7xx_ll_fmc.h(877): warning:  #47-D: incompatible redefinition of macro "FMC_NAND_MEM_BUS_WIDTH_8"  (declared at line 393 of "../Drivers/STM32H7xx_HAL_Driver/Inc/Legacy/stm32_hal_legacy.h")
  #define FMC_NAND_MEM_BUS_WIDTH_8                ((uint32_t)0x00000000U)
../Drivers/STM32H7xx_HAL_Driver/Inc/stm32h7xx_ll_fmc.h(878): warning:  #47-D: incompatible redefinition of macro "FMC_NAND_MEM_BUS_WIDTH_16"  (declared at line 394 of "../Drivers/STM32H7xx_HAL_Driver/Inc/Legacy/stm32_hal_legacy.h")
  #define FMC_NAND_MEM_BUS_WIDTH_16               ((uint32_t)0x00000010U)
..\Src\SX1278\radio\sx1276-Fsk.c: 4 warnings, 0 errors
linking...
Program Size: Code=28056 RO-data=2716 RW-data=240 ZI-data=2112  
FromELF: creating hex file...
"LED_Test\LED_Test.axf" - 0 Error(s), 187 Warning(s).

<h2>Software Packages used:</h2>

Package Vendor: ARM
                http://www.keil.com/pack/ARM.CMSIS.5.6.0.pack
                ARM.CMSIS.5.6.0
                CMSIS (Cortex Microcontroller Software Interface Standard)
   * Component: CORE Version: 5.3.0

Package Vendor: Keil
                https://www.keil.com/pack/Keil.STM32H7xx_DFP.3.1.1.pack
                Keil.STM32H7xx_DFP.3.1.1
                STMicroelectronics STM32H7 Series Device Support and Examples

<h2>Collection of Component include folders:</h2>
  .\RTE\_project
  C:\Users\Lizzie0930\AppData\Local\Arm\Packs\ARM\CMSIS\5.6.0\CMSIS\Core\Include
  C:\Users\Lizzie0930\AppData\Local\Arm\Packs\Keil\STM32H7xx_DFP\3.1.1\Drivers\CMSIS\Device\ST\STM32H7xx\Include

<h2>Collection of Component Files used:</h2>

   * Component: ARM::CMSIS:CORE:5.3.0
Build Time Elapsed:  00:00:47
</pre>
</body>
</html>
