Component: ARM Compiler 5.06 update 6 (build 750) Tool: armlink [4d35ed]

==============================================================================

Section Cross References

    startup_stm32h743xx.o(RESET) refers to startup_stm32h743xx.o(STACK) for __initial_sp
    startup_stm32h743xx.o(RESET) refers to startup_stm32h743xx.o(.text) for Reset_Handler
    startup_stm32h743xx.o(RESET) refers to stm32h7xx_it.o(i.NMI_Handler) for NMI_Handler
    startup_stm32h743xx.o(RESET) refers to stm32h7xx_it.o(i.HardFault_Handler) for HardFault_Handler
    startup_stm32h743xx.o(RESET) refers to stm32h7xx_it.o(i.MemManage_Handler) for MemManage_Handler
    startup_stm32h743xx.o(RESET) refers to stm32h7xx_it.o(i.BusFault_Handler) for BusFault_Handler
    startup_stm32h743xx.o(RESET) refers to stm32h7xx_it.o(i.UsageFault_Handler) for UsageFault_Handler
    startup_stm32h743xx.o(RESET) refers to stm32h7xx_it.o(i.SVC_Handler) for SVC_Handler
    startup_stm32h743xx.o(RESET) refers to stm32h7xx_it.o(i.DebugMon_Handler) for DebugMon_Handler
    startup_stm32h743xx.o(RESET) refers to stm32h7xx_it.o(i.PendSV_Handler) for PendSV_Handler
    startup_stm32h743xx.o(RESET) refers to stm32h7xx_it.o(i.SysTick_Handler) for SysTick_Handler
    startup_stm32h743xx.o(RESET) refers to stm32h7xx_it.o(i.EXTI0_IRQHandler) for EXTI0_IRQHandler
    startup_stm32h743xx.o(RESET) refers to stm32h7xx_it.o(i.EXTI2_IRQHandler) for EXTI2_IRQHandler
    startup_stm32h743xx.o(RESET) refers to stm32h7xx_it.o(i.EXTI3_IRQHandler) for EXTI3_IRQHandler
    startup_stm32h743xx.o(RESET) refers to stm32h7xx_it.o(i.EXTI4_IRQHandler) for EXTI4_IRQHandler
    startup_stm32h743xx.o(.text) refers to system_stm32h7xx.o(i.SystemInit) for SystemInit
    startup_stm32h743xx.o(.text) refers to entry.o(.ARM.Collect$$$$00000000) for __main
    main.o(i.LCDBanner) refers to printfa.o(i.__0printf) for __2printf
    main.o(i.LCDBanner) refers to lcd.o(i.LCD_Clear) for LCD_Clear
    main.o(i.LCDBanner) refers to lcd.o(i.GUI_Text) for GUI_Text
    main.o(i.LCDBanner) refers to printfa.o(i.__0sprintf) for __2sprintf
    main.o(i.LEDOff) refers to main.o(.constdata) for .constdata
    main.o(i.LEDOff) refers to main.o(.data) for .data
    main.o(i.LEDOn) refers to main.o(.constdata) for .constdata
    main.o(i.LEDOn) refers to main.o(.data) for .data
    main.o(i.LEDToggle) refers to main.o(.data) for .data
    main.o(i.LEDToggle) refers to main.o(.constdata) for .constdata
    main.o(i.MPU_Config) refers to stm32h7xx_hal_cortex.o(i.HAL_MPU_ConfigRegion) for HAL_MPU_ConfigRegion
    main.o(i.MX_GPIO_Init) refers to stm32h7xx_hal_gpio.o(i.HAL_GPIO_WritePin) for HAL_GPIO_WritePin
    main.o(i.MX_GPIO_Init) refers to stm32h7xx_hal_gpio.o(i.HAL_GPIO_Init) for HAL_GPIO_Init
    main.o(i.OnSlave) refers to printfa.o(i.__0printf) for __2printf
    main.o(i.OnSlave) refers to main.o(i.LEDToggle) for LEDToggle
    main.o(i.OnSlave) refers to strncmp.o(.text) for strncmp
    main.o(i.OnSlave) refers to main.o(i.LEDOn) for LEDOn
    main.o(i.OnSlave) refers to main.o(i.LEDOff) for LEDOff
    main.o(i.OnSlave) refers to lcd.o(i.LCD_Clear) for LCD_Clear
    main.o(i.OnSlave) refers to lcd.o(i.GUI_Text) for GUI_Text
    main.o(i.OnSlave) refers to memseta.o(.text) for __aeabi_memclr
    main.o(i.OnSlave) refers to main.o(i.readtemp) for readtemp
    main.o(i.OnSlave) refers to key.o(i.STM_EVAL_PBGetState) for STM_EVAL_PBGetState
    main.o(i.OnSlave) refers to main.o(.data) for .data
    main.o(i.OnSlave) refers to main.o(.bss) for .bss
    main.o(i.Soft_delay_ms) refers to stm32h7xx_hal.o(i.HAL_Delay) for HAL_Delay
    main.o(i.SystemClock_Config) refers to stm32h7xx_hal_rcc.o(i.HAL_RCC_OscConfig) for HAL_RCC_OscConfig
    main.o(i.SystemClock_Config) refers to stm32h7xx_hal_rcc.o(i.HAL_RCC_ClockConfig) for HAL_RCC_ClockConfig
    main.o(i.SystemClock_Config) refers to stm32h7xx_hal_cortex.o(i.HAL_SYSTICK_Config) for HAL_SYSTICK_Config
    main.o(i.SystemClock_Config) refers to stm32h7xx_hal_cortex.o(i.HAL_SYSTICK_CLKSourceConfig) for HAL_SYSTICK_CLKSourceConfig
    main.o(i.SystemClock_Config) refers to stm32h7xx_hal_cortex.o(i.HAL_NVIC_SetPriority) for HAL_NVIC_SetPriority
    main.o(i.SystemClock_Config) refers to system_stm32h7xx.o(.data) for SystemCoreClock
    main.o(i.main) refers to main.o(i.MPU_Config) for MPU_Config
    main.o(i.main) refers to stm32h7xx_hal.o(i.HAL_Init) for HAL_Init
    main.o(i.main) refers to main.o(i.SystemClock_Config) for SystemClock_Config
    main.o(i.main) refers to main.o(i.MX_GPIO_Init) for MX_GPIO_Init
    main.o(i.main) refers to usart.o(i.MX_USART1_UART_Init) for MX_USART1_UART_Init
    main.o(i.main) refers to spi.o(i.MX_SPI1_SPI_Init) for MX_SPI1_SPI_Init
    main.o(i.main) refers to i2c.o(i.I2C_EE_Init) for I2C_EE_Init
    main.o(i.main) refers to key.o(i.EXTI_Key_Config) for EXTI_Key_Config
    main.o(i.main) refers to lcd.o(i.LCD_Initializtion) for LCD_Initializtion
    main.o(i.main) refers to lcd.o(i.LCD_Clear) for LCD_Clear
[...]
    i.STM_EVAL_PBGetState                    0x08004994   Section        0  key.o(i.STM_EVAL_PBGetState)
    i.SVC_Handler                            0x080049ac   Section        0  stm32h7xx_it.o(i.SVC_Handler)
    i.SX1276FskGetPacketPayloadSize          0x080049b0   Section        0  sx1276-fsk.o(i.SX1276FskGetPacketPayloadSize)
    i.SX1276FskGetRxPacket                   0x080049ec   Section        0  sx1276-fsk.o(i.SX1276FskGetRxPacket)
    i.SX1276FskProcess                       0x08004a0c   Section        0  sx1276-fsk.o(i.SX1276FskProcess)
    i.SX1276FskReadAfc                       0x08004d7c   Section        0  sx1276-fsk.o(i.SX1276FskReadAfc)
    i.SX1276FskReadRssi                      0x08004dbc   Section        0  sx1276-fsk.o(i.SX1276FskReadRssi)
    i.SX1276FskReadRxGain                    0x08004de4   Section        0  sx1276-fsk.o(i.SX1276FskReadRxGain)
    i.SX1276FskSetOpMode                     0x08004e00   Section        0  sx1276-fsk.o(i.SX1276FskSetOpMode)
    i.SX1276FskSetRFState                    0x08004e44   Section        0  sx1276-fsk.o(i.SX1276FskSetRFState)
    i.SX1276FskSetTxPacket                   0x08004e50   Section        0  sx1276-fsk.o(i.SX1276FskSetTxPacket)
    i.SX1276GetRxPacket                      0x08004e70   Section        0  sx1276.o(i.SX1276GetRxPacket)
    i.SX1276Init                             0x08004e84   Section        0  sx1276.o(i.SX1276Init)
    i.SX1276InitIo                           0x08004f10   Section        0  sx1276-hal.o(i.SX1276InitIo)
    i.SX1276LoRaGetErrorCoding               0x08004f58   Section        0  sx1276-loramisc.o(i.SX1276LoRaGetErrorCoding)
    i.SX1276LoRaGetRFFrequency               0x08004f7c   Section        0  sx1276-loramisc.o(i.SX1276LoRaGetRFFrequency)
    i.SX1276LoRaGetRFPower                   0x08004fcc   Section        0  sx1276-loramisc.o(i.SX1276LoRaGetRFPower)
    i.SX1276LoRaGetRxPacket                  0x08005018   Section        0  sx1276-lora.o(i.SX1276LoRaGetRxPacket)
    i.SX1276LoRaGetRxPacketTimeout           0x08005034   Section        0  sx1276-loramisc.o(i.SX1276LoRaGetRxPacketTimeout)
    i.SX1276LoRaGetSignalBandwidth           0x08005040   Section        0  sx1276-loramisc.o(i.SX1276LoRaGetSignalBandwidth)
    i.SX1276LoRaGetSpreadingFactor           0x08005064   Section        0  sx1276-loramisc.o(i.SX1276LoRaGetSpreadingFactor)
    i.SX1276LoRaGetTxPacketTimeout           0x08005088   Section        0  sx1276-loramisc.o(i.SX1276LoRaGetTxPacketTimeout)
    i.SX1276LoRaInit                         0x08005094   Section        0  sx1276-lora.o(i.SX1276LoRaInit)
    i.SX1276LoRaProcess                      0x0800513c   Section        0  sx1276-lora.o(i.SX1276LoRaProcess)
    i.SX1276LoRaReadRxGain                   0x080055a4   Section        0  sx1276-lora.o(i.SX1276LoRaReadRxGain)
    i.SX1276LoRaSetDefaults                  0x080055c0   Section        0  sx1276-lora.o(i.SX1276LoRaSetDefaults)
    i.SX1276LoRaSetErrorCoding               0x080055d0   Section        0  sx1276-loramisc.o(i.SX1276LoRaSetErrorCoding)
    i.SX1276LoRaSetImplicitHeaderOn          0x08005604   Section        0  sx1276-loramisc.o(i.SX1276LoRaSetImplicitHeaderOn)
    i.SX1276LoRaSetLowDatarateOptimize       0x08005634   Section        0  sx1276-loramisc.o(i.SX1276LoRaSetLowDatarateOptimize)
    i.SX1276LoRaSetNbTrigPeaks               0x08005664   Section        0  sx1276-loramisc.o(i.SX1276LoRaSetNbTrigPeaks)
    i.SX1276LoRaSetOpMode                    0x08005694   Section        0  sx1276-lora.o(i.SX1276LoRaSetOpMode)
    i.SX1276LoRaSetPAOutput                  0x080056d8   Section        0  sx1276-loramisc.o(i.SX1276LoRaSetPAOutput)
    i.SX1276LoRaSetPa20dBm                   0x08005704   Section        0  sx1276-loramisc.o(i.SX1276LoRaSetPa20dBm)
    i.SX1276LoRaSetPacketCrcOn               0x08005748   Section        0  sx1276-loramisc.o(i.SX1276LoRaSetPacketCrcOn)
    i.SX1276LoRaSetPayloadLength             0x0800577c   Section        0  sx1276-loramisc.o(i.SX1276LoRaSetPayloadLength)
    i.SX1276LoRaSetRFFrequency               0x080057a0   Section        0  sx1276-loramisc.o(i.SX1276LoRaSetRFFrequency)
    i.SX1276LoRaSetRFPower                   0x080057e4   Section        0  sx1276-loramisc.o(i.SX1276LoRaSetRFPower)
    i.SX1276LoRaSetRFState                   0x08005878   Section        0  sx1276-lora.o(i.SX1276LoRaSetRFState)
    i.SX1276LoRaSetRxPacketTimeout           0x08005884   Section        0  sx1276-loramisc.o(i.SX1276LoRaSetRxPacketTimeout)
    i.SX1276LoRaSetRxSingleOn                0x08005890   Section        0  sx1276-loramisc.o(i.SX1276LoRaSetRxSingleOn)
    i.SX1276LoRaSetSignalBandwidth           0x0800589c   Section        0  sx1276-loramisc.o(i.SX1276LoRaSetSignalBandwidth)
    i.SX1276LoRaSetSpreadingFactor           0x080058cc   Section        0  sx1276-loramisc.o(i.SX1276LoRaSetSpreadingFactor)
    i.SX1276LoRaSetSymbTimeout               0x08005920   Section        0  sx1276-loramisc.o(i.SX1276LoRaSetSymbTimeout)
    i.SX1276LoRaSetTxPacket                  0x08005958   Section        0  sx1276-lora.o(i.SX1276LoRaSetTxPacket)
    i.SX1276LoRaSetTxPacketTimeout           0x08005980   Section        0  sx1276-loramisc.o(i.SX1276LoRaSetTxPacketTimeout)
    i.SX1276Process                          0x0800598c   Section        0  sx1276.o(i.SX1276Process)
    i.SX1276Read                             0x080059a0   Section        0  sx1276-hal.o(i.SX1276Read)
    i.SX1276ReadBuffer                       0x080059a8   Section        0  sx1276-hal.o(i.SX1276ReadBuffer)
    i.SX1276ReadDio0                         0x080059f4   Section        0  sx1276-hal.o(i.SX1276ReadDio0)
    i.SX1276ReadDio1                         0x08005a10   Section        0  sx1276-hal.o(i.SX1276ReadDio1)
    i.SX1276ReadDio2                         0x08005a1c   Section        0  sx1276-hal.o(i.SX1276ReadDio2)
    i.SX1276ReadDio3                         0x08005a28   Section        0  sx1276-hal.o(i.SX1276ReadDio3)
    i.SX1276ReadDio4                         0x08005a38   Section        0  sx1276-hal.o(i.SX1276ReadDio4)
    i.SX1276ReadFifo                         0x08005a48   Section        0  sx1276-hal.o(i.SX1276ReadFifo)
    i.SX1276Reset                            0x08005a52   Section        0  sx1276.o(i.SX1276Reset)
    i.SX1276SetLoRaOn                        0x08005a70   Section        0  sx1276.o(i.SX1276SetLoRaOn)
    i.SX1276SetReset                         0x08005af4   Section        0  sx1276-hal.o(i.SX1276SetReset)
    i.SX1276SetTxPacket                      0x08005b0c   Section        0  sx1276.o(i.SX1276SetTxPacket)
    i.SX1276StartRx                          0x08005b20   Section        0  sx1276.o(i.SX1276StartRx)
    i.SX1276Write                            0x08005b38   Section        0  sx1276-hal.o(i.SX1276Write)
    i.SX1276WriteBuffer                      0x08005b44   Section        0  sx1276-hal.o(i.SX1276WriteBuffer)
    i.SX1276WriteFifo                        0x08005b8c   Section        0  sx1276-hal.o(i.SX1276WriteFifo)
    i.SX1276WriteRxTx                        0x08005b96   Section        0  sx1276-hal.o(i.SX1276WriteRxTx)
    i.Soft_delay_ms                          0x08005b98   Section        0  main.o(i.Soft_delay_ms)
    i.SpiInOut                               0x08005b9c   Section        0  spisx1278.o(i.SpiInOut)
    i.SysTick_Handler                        0x08005bbc   Section        0  stm32h7xx_it.o(i.SysTick_Handler)
    i.SystemClock_Config                     0x08005bcc   Section        0  main.o(i.SystemClock_Config)
    i.SystemInit                             0x08005c78   Section        0  system_stm32h7xx.o(i.SystemInit)
    i.UART_AdvFeatureConfig                  0x08005d00   Section        0  stm32h7xx_hal_uart.o(i.UART_AdvFeatureConfig)
    i.UART_CheckIdleState                    0x08005dc8   Section        0  stm32h7xx_hal_uart.o(i.UART_CheckIdleState)
    i.UART_SetConfig                         0x08005e24   Section        0  stm32h7xx_hal_uart.o(i.UART_SetConfig)
    i.UART_WaitOnFlagUntilTimeout            0x0800630c   Section        0  stm32h7xx_hal_uart.o(i.UART_WaitOnFlagUntilTimeout)
    i.UsageFault_Handler                     0x08006370   Section        0  stm32h7xx_it.o(i.UsageFault_Handler)
    i._Error_Handler                         0x08006372   Section        0  main.o(i._Error_Handler)
    i.__0printf                              0x08006374   Section        0  printfa.o(i.__0printf)
    i.__0sprintf                             0x08006394   Section        0  printfa.o(i.__0sprintf)
    i.__NVIC_SetPriority                     0x080063bc   Section        0  stm32h7xx_hal_cortex.o(i.__NVIC_SetPriority)
    __NVIC_SetPriority                       0x080063bd   Thumb Code    34  stm32h7xx_hal_cortex.o(i.__NVIC_SetPriority)
    i.__hardfp_round                         0x080063e0   Section        0  round.o(i.__hardfp_round)
    i.__scatterload_copy                     0x08006480   Section       14  handlers.o(i.__scatterload_copy)
    i.__scatterload_null                     0x0800648e   Section        2  handlers.o(i.__scatterload_null)
    i.__scatterload_zeroinit                 0x08006490   Section       14  handlers.o(i.__scatterload_zeroinit)
    i._fp_digits                             0x080064a0   Section        0  printfa.o(i._fp_digits)
    _fp_digits                               0x080064a1   Thumb Code   366  printfa.o(i._fp_digits)
    i._printf_core                           0x08006624   Section        0  printfa.o(i._printf_core)
    _printf_core                             0x08006625   Thumb Code  1744  printfa.o(i._printf_core)
    i._printf_post_padding                   0x08006d00   Section        0  printfa.o(i._printf_post_padding)
    _printf_post_padding                     0x08006d01   Thumb Code    36  printfa.o(i._printf_post_padding)
    i._printf_pre_padding                    0x08006d24   Section        0  printfa.o(i._printf_pre_padding)
    _printf_pre_padding                      0x08006d25   Thumb Code    46  printfa.o(i._printf_pre_padding)
    i._sputc                                 0x08006d52   Section        0  printfa.o(i._sputc)
    _sputc                                   0x08006d53   Thumb Code    10  printfa.o(i._sputc)
    i.fputc                                  0x08006d5c   Section        0  usart.o(i.fputc)
    i.main                                   0x08006d74   Section        0  main.o(i.main)
    i.readtemp                               0x08007008   Section        0  main.o(i.readtemp)
    .constdata                               0x08007030   Section        8  main.o(.constdata)
    .constdata                               0x08007038   Section       24  stm32h7xx_hal_uart.o(.constdata)
    UARTPrescTable                           0x08007038   Data          24  stm32h7xx_hal_uart.o(.constdata)
    .constdata                               0x08007050   Section       16  system_stm32h7xx.o(.constdata)
    .constdata                               0x08007060   Section     1520  asciilib.o(.constdata)
    AsciiLib                                 0x08007060   Data        1520  asciilib.o(.constdata)
    .constdata                               0x08007650   Section        8  key.o(.constdata)
    .constdata                               0x08007658   Section      444  sx1276-lora.o(.constdata)
    .data                                    0x20000000   Section       36  main.o(.data)
    BufferSize                               0x20000002   Data           2  main.o(.data)
    .data                                    0x20000024   Section       12  stm32h7xx_hal.o(.data)
    uwTickFreq                               0x20000024   Data           1  stm32h7xx_hal.o(.data)
    uwTickPrio                               0x20000028   Data           4  stm32h7xx_hal.o(.data)
    uwTick                                   0x2000002c   Data           4  stm32h7xx_hal.o(.data)
    .data                                    0x20000030   Section        4  system_stm32h7xx.o(.data)
    .data                                    0x20000034   Section        4  system_stm32h7xx.o(.data)
    .data                                    0x20000038   Section        4  lcd.o(.data)
    LCD_Code                                 0x20000038   Data           1  lcd.o(.data)
    .data                                    0x2000003c   Section       16  key.o(.data)
    .data                                    0x2000004c   Section        4  sx12xxeiger.o(.data)
    .data                                    0x20000050   Section        2  sx1276.o(.data)
    LoRaOn                                   0x20000050   Data           1  sx1276.o(.data)
    LoRaOnState                              0x20000051   Data           1  sx1276.o(.data)
    .data                                    0x20000058   Section       84  sx1276-fsk.o(.data)
    DataChunkSize                            0x20000058   Data           1  sx1276-fsk.o(.data)
    RFState                                  0x20000059   Data           1  sx1276-fsk.o(.data)
    PreambleDetected                         0x2000005a   Data           1  sx1276-fsk.o(.data)
    SyncWordDetected                         0x2000005b   Data           1  sx1276-fsk.o(.data)
    PacketDetected                           0x2000005c   Data           1  sx1276-fsk.o(.data)
    RxBytesRead                              0x2000005d   Data           1  sx1276-fsk.o(.data)
    TxBytesSent                              0x2000005e   Data           1  sx1276-fsk.o(.data)
    RxGain                                   0x2000005f   Data           1  sx1276-fsk.o(.data)
    opModePrev                               0x20000060   Data           1  sx1276-fsk.o(.data)
    antennaSwitchTxOnPrev                    0x20000061   Data           1  sx1276-fsk.o(.data)
    RxPacketSize                             0x20000062   Data           2  sx1276-fsk.o(.data)
    TxPacketSize                             0x20000064   Data           2  sx1276-fsk.o(.data)
    RxTimeoutTimer                           0x20000068   Data           4  sx1276-fsk.o(.data)
    Preamble2SyncTimer                       0x2000006c   Data           4  sx1276-fsk.o(.data)
    TxTimeoutTimer                           0x20000070   Data           4  sx1276-fsk.o(.data)
    PacketTimeout                            0x20000078   Data           4  sx1276-fsk.o(.data)
    Preamble2SyncTimeout                     0x2000007c   Data           4  sx1276-fsk.o(.data)
    RxPacketAfcValue                         0x20000080   Data           4  sx1276-fsk.o(.data)
    RxPacketRssiValue                        0x20000088   Data           8  sx1276-fsk.o(.data)
    .data                                    0x200000b0   Section       60  sx1276-lora.o(.data)
    RFLRState                                0x200000b0   Data           1  sx1276-lora.o(.data)
    RxGain                                   0x200000b1   Data           1  sx1276-lora.o(.data)
    opModePrev                               0x200000b2   Data           1  sx1276-lora.o(.data)
    antennaSwitchTxOnPrev                    0x200000b3   Data           1  sx1276-lora.o(.data)
    RxPacketSnrEstimate                      0x200000b4   Data           1  sx1276-lora.o(.data)
    RxPacketSize                             0x200000b6   Data           2  sx1276-lora.o(.data)
    TxPacketSize                             0x200000b8   Data           2  sx1276-lora.o(.data)
    RxTimeoutTimer                           0x200000bc   Data           4  sx1276-lora.o(.data)
    PacketTimeout                            0x200000c4   Data           4  sx1276-lora.o(.data)
    RxPacketRssiValue                        0x200000c8   Data           8  sx1276-lora.o(.data)
    .data                                    0x200000ec   Section        4  stdout.o(.data)
    .bss                                     0x200000f0   Section       20  main.o(.bss)
    .bss                                     0x20000104   Section      128  usart.o(.bss)
    .bss                                     0x20000184   Section      136  spi.o(.bss)
    .bss                                     0x2000020c   Section       76  lcd.o(.bss)
    .bss                                     0x20000258   Section       76  i2c.o(.bss)
    .bss                                     0x200002a4   Section       24  radio.o(.bss)
    .bss                                     0x200002bc   Section      112  sx1276.o(.bss)
    .bss                                     0x2000032c   Section      256  sx1276-fsk.o(.bss)
    RFBuffer                                 0x2000032c   Data         256  sx1276-fsk.o(.bss)
    .bss                                     0x2000042c   Section      256  sx1276-lora.o(.bss)
    RFBuffer                                 0x2000042c   Data         256  sx1276-lora.o(.bss)
    STACK                                    0x20000530   Section     1024  startup_stm32h743xx.o(STACK)

    Global Symbols

    Symbol Name                              Value     Ov Type        Size  Object(Section)

    BuildAttributes$$THM_ISAv4$E$P$D$K$B$S$7EM$VFPv5_D16$PE$PLD8$A:L22UL41UL21$X:L11$S22US41US21$IEEE1$IW$USESV6$~STKCKD$USESV7$~SHL$OTIME$ROPI$IEEEX$EBA8$MICROLIB$REQ8$PRES8$EABIv2 0x00000000   Number         0  anon$$obj.o ABSOLUTE
    __ARM_use_no_argv                        0x00000000   Number         0  main.o ABSOLUTE
    _printf_a                                0x00000000   Number         0  stubs.o ABSOLUTE
    _printf_c                                0x00000000   Number         0  stubs.o ABSOLUTE
    _printf_charcount                        0x00000000   Number         0  stubs.o ABSOLUTE
    _printf_d                                0x00000000   Number         0  stubs.o ABSOLUTE
    _printf_e                                0x00000000   Number         0  stubs.o ABSOLUTE
    _printf_f                                0x00000000   Number         0  stubs.o ABSOLUTE
    _printf_flags                            0x00000000   Number         0  stubs.o ABSOLUTE
    _printf_fp_dec                           0x00000000   Number         0  stubs.o ABSOLUTE
    _printf_fp_hex                           0x00000000   Number         0  stubs.o ABSOLUTE
    _printf_g                                0x00000000   Number         0  stubs.o ABSOLUTE
    _printf_i                                0x00000000   Number         0  stubs.o ABSOLUTE
    _printf_int_dec                          0x00000000   Number         0  stubs.o ABSOLUTE
    _printf_l                                0x00000000   Number         0  stubs.o ABSOLUTE
    _printf_lc                               0x00000000   Number         0  stubs.o ABSOLUTE
    _printf_ll                               0x00000000   Number         0  stubs.o ABSOLUTE
    _printf_lld                              0x00000000   Number         0  stubs.o ABSOLUTE
    _printf_lli                              0x00000000   Number         0  stubs.o ABSOLUTE
    _printf_llo                              0x00000000   Number         0  stubs.o ABSOLUTE
    _printf_llu                              0x00000000   Number         0  stubs.o ABSOLUTE
    _printf_llx                              0x00000000   Number         0  stubs.o ABSOLUTE
    _printf_longlong_dec                     0x00000000   Number         0  stubs.o ABSOLUTE
    _printf_longlong_hex                     0x00000000   Number         0  stubs.o ABSOLUTE
    _printf_longlong_oct                     0x00000000   Number         0  stubs.o ABSOLUTE
    _printf_ls                               0x00000000   Number         0  stubs.o ABSOLUTE
    _printf_mbtowc                           0x00000000   Number         0  stubs.o ABSOLUTE
    _printf_n                                0x00000000   Number         0  stubs.o ABSOLUTE
    _printf_o                                0x00000000   Number         0  stubs.o ABSOLUTE
    _printf_p                                0x00000000   Number         0  stubs.o ABSOLUTE
    _printf_percent                          0x00000000   Number         0  stubs.o ABSOLUTE
    _printf_pre_padding                      0x00000000   Number         0  stubs.o ABSOLUTE
    _printf_return_value                     0x00000000   Number         0  stubs.o ABSOLUTE
    _printf_s                                0x00000000   Number         0  stubs.o ABSOLUTE
    _printf_sizespec                         0x00000000   Number         0  stubs.o ABSOLUTE
    _printf_str                              0x00000000   Number         0  stubs.o ABSOLUTE
    _printf_truncate_signed                  0x00000000   Number         0  stubs.o ABSOLUTE
    _printf_truncate_unsigned                0x00000000   Number         0  stubs.o ABSOLUTE
    _printf_u                                0x00000000   Number         0  stubs.o ABSOLUTE
    _printf_wc                               0x00000000   Number         0  stubs.o ABSOLUTE
    _printf_wctomb                           0x00000000   Number         0  stubs.o ABSOLUTE
    _printf_widthprec                        0x00000000   Number         0  stubs.o ABSOLUTE
    _printf_x                                0x00000000   Number         0  stubs.o ABSOLUTE
    __cpp_initialize__aeabi_                  - Undefined Weak Reference
    __cxa_finalize                            - Undefined Weak Reference
    __decompress                              - Undefined Weak Reference
    _clock_init                               - Undefined Weak Reference
    _microlib_exit                            - Undefined Weak Reference
    __Vectors_Size                           0x00000298   Number         0  startup_stm32h743xx.o ABSOLUTE
    __Vectors                                0x08000000   Data           4  startup_stm32h743xx.o(RESET)
    __Vectors_End                            0x08000298   Data           0  startup_stm32h743xx.o(RESET)
    __main                                   0x08000299   Thumb Code     0  entry.o(.ARM.Collect$$$$00000000)
    _main_stk                                0x08000299   Thumb Code     0  entry2.o(.ARM.Collect$$$$00000001)
    _main_scatterload                        0x0800029d   Thumb Code     0  entry5.o(.ARM.Collect$$$$00000004)
    __main_after_scatterload                 0x080002a1   Thumb Code     0  entry5.o(.ARM.Collect$$$$00000004)
    _main_clock                              0x080002a1   Thumb Code     0  entry7b.o(.ARM.Collect$$$$00000008)
    _main_cpp_init                           0x080002a1   Thumb Code     0  entry8b.o(.ARM.Collect$$$$0000000A)
    _main_init                               0x080002a1   Thumb Code     0  entry9a.o(.ARM.Collect$$$$0000000B)
    __rt_final_cpp                           0x080002a9   Thumb Code     0  entry10a.o(.ARM.Collect$$$$0000000D)
    __rt_final_exit                          0x080002a9   Thumb Code     0  entry11a.o(.ARM.Collect$$$$0000000F)
    Reset_Handler                            0x080002ad   Thumb Code     8  startup_stm32h743xx.o(.text)
    ADC3_IRQHandler                          0x080002c7   Thumb Code     0  startup_stm32h743xx.o(.text)
    ADC_IRQHandler                           0x080002c7   Thumb Code     0  startup_stm32h743xx.o(.text)
    BDMA_Channel0_IRQHandler                 0x080002c7   Thumb Code     0  startup_stm32h743xx.o(.text)
    BDMA_Channel1_IRQHandler                 0x080002c7   Thumb Code     0  startup_stm32h743xx.o(.text)
    BDMA_Channel2_IRQHandler                 0x080002c7   Thumb Code     0  startup_stm32h743xx.o(.text)
    BDMA_Channel3_IRQHandler                 0x080002c7   Thumb Code     0  startup_stm32h743xx.o(.text)
    BDMA_Channel4_IRQHandler                 0x080002c7   Thumb Code     0  startup_stm32h743xx.o(.text)
    BDMA_Channel5_IRQHandler                 0x080002c7   Thumb Code     0  startup_stm32h743xx.o(.text)
    BDMA_Channel6_IRQHandler                 0x080002c7   Thumb Code     0  startup_stm32h743xx.o(.text)
    BDMA_Channel7_IRQHandler                 0x080002c7   Thumb Code     0  startup_stm32h743xx.o(.text)
    CEC_IRQHandler                           0x080002c7   Thumb Code     0  startup_stm32h743xx.o(.text)
    COMP1_IRQHandler                         0x080002c7   Thumb Code     0  startup_stm32h743xx.o(.text)
    CRS_IRQHandler                           0x080002c7   Thumb Code     0  startup_stm32h743xx.o(.text)
    DCMI_IRQHandler                          0x080002c7   Thumb Code     0  startup_stm32h743xx.o(.text)
    DFSDM1_FLT0_IRQHandler                   0x080002c7   Thumb Code     0  startup_stm32h743xx.o(.text)
    DFSDM1_FLT1_IRQHandler                   0x080002c7   Thumb Code     0  startup_stm32h743xx.o(.text)
    DFSDM1_FLT2_IRQHandler                   0x080002c7   Thumb Code     0  startup_stm32h743xx.o(.text)
    DFSDM1_FLT3_IRQHandler                   0x080002c7   Thumb Code     0  startup_stm32h743xx.o(.text)
    DMA1_Stream0_IRQHandler                  0x080002c7   Thumb Code     0  startup_stm32h743xx.o(.text)
    DMA1_Stream1_IRQHandler                  0x080002c7   Thumb Code     0  startup_stm32h743xx.o(.text)
    DMA1_Stream2_IRQHandler                  0x080002c7   Thumb Code     0  startup_stm32h743xx.o(.text)
    DMA1_Stream3_IRQHandler                  0x080002c7   Thumb Code     0  startup_stm32h743xx.o(.text)
    DMA1_Stream4_IRQHandler                  0x080002c7   Thumb Code     0  startup_stm32h743xx.o(.text)
    DMA1_Stream5_IRQHandler                  0x080002c7   Thumb Code     0  startup_stm32h743xx.o(.text)
    DMA1_Stream6_IRQHandler                  0x080002c7   Thumb Code     0  startup_stm32h743xx.o(.text)
    DMA1_Stream7_IRQHandler                  0x080002c7   Thumb Code     0  startup_stm32h743xx.o(.text)
    DMA2D_IRQHandler                         0x080002c7   Thumb Code     0  startup_stm32h743xx.o(.text)
    DMA2_Stream0_IRQHandler                  0x080002c7   Thumb Code     0  startup_stm32h743xx.o(.text)
    DMA2_Stream1_IRQHandler                  0x080002c7   Thumb Code     0  startup_stm32h743xx.o(.text)
    DMA2_Stream2_IRQHandler                  0x080002c7   Thumb Code     0  startup_stm32h743xx.o(.text)
    DMA2_Stream3_IRQHandler                  0x080002c7   Thumb Code     0  startup_stm32h743xx.o(.text)
    DMA2_Stream4_IRQHandler                  0x080002c7   Thumb Code     0  startup_stm32h743xx.o(.text)
    DMA2_Stream5_IRQHandler                  0x080002c7   Thumb Code     0  startup_stm32h743xx.o(.text)
    DMA2_Stream6_IRQHandler                  0x080002c7   Thumb Code     0  startup_stm32h743xx.o(.text)
    DMA2_Stream7_IRQHandler                  0x080002c7   Thumb Code     0  startup_stm32h743xx.o(.text)
    DMAMUX1_OVR_IRQHandler                   0x080002c7   Thumb Code     0  startup_stm32h743xx.o(.text)
    DMAMUX2_OVR_IRQHandler                   0x080002c7   Thumb Code     0  startup_stm32h743xx.o(.text)
    ETH_IRQHandler                           0x080002c7   Thumb Code     0  startup_stm32h743xx.o(.text)
    ETH_WKUP_IRQHandler                      0x080002c7   Thumb Code     0  startup_stm32h743xx.o(.text)
    EXTI15_10_IRQHandler                     0x080002c7   Thumb Code     0  startup_stm32h743xx.o(.text)
    EXTI1_IRQHandler                         0x080002c7   Thumb Code     0  startup_stm32h743xx.o(.text)
    EXTI9_5_IRQHandler                       0x080002c7   Thumb Code     0  startup_stm32h743xx.o(.text)
    FDCAN1_IT0_IRQHandler                    0x080002c7   Thumb Code     0  startup_stm32h743xx.o(.text)
    FDCAN1_IT1_IRQHandler                    0x080002c7   Thumb Code     0  startup_stm32h743xx.o(.text)
    FDCAN2_IT0_IRQHandler                    0x080002c7   Thumb Code     0  startup_stm32h743xx.o(.text)
    FDCAN2_IT1_IRQHandler                    0x080002c7   Thumb Code     0  startup_stm32h743xx.o(.text)
    FDCAN_CAL_IRQHandler                     0x080002c7   Thumb Code     0  startup_stm32h743xx.o(.text)
    FLASH_IRQHandler                         0x080002c7   Thumb Code     0  startup_stm32h743xx.o(.text)
    FMC_IRQHandler                           0x080002c7   Thumb Code     0  startup_stm32h743xx.o(.text)
    FPU_IRQHandler                           0x080002c7   Thumb Code     0  startup_stm32h743xx.o(.text)
    HRTIM1_FLT_IRQHandler                    0x080002c7   Thumb Code     0  startup_stm32h743xx.o(.text)
    HRTIM1_Master_IRQHandler                 0x080002c7   Thumb Code     0  startup_stm32h743xx.o(.text)
    HRTIM1_TIMA_IRQHandler                   0x080002c7   Thumb Code     0  startup_stm32h743xx.o(.text)
    HRTIM1_TIMB_IRQHandler                   0x080002c7   Thumb Code     0  startup_stm32h743xx.o(.text)
    HRTIM1_TIMC_IRQHandler                   0x080002c7   Thumb Code     0  startup_stm32h743xx.o(.text)
    HRTIM1_TIMD_IRQHandler                   0x080002c7   Thumb Code     0  startup_stm32h743xx.o(.text)
    HRTIM1_TIME_IRQHandler                   0x080002c7   Thumb Code     0  startup_stm32h743xx.o(.text)
    HSEM1_IRQHandler                         0x080002c7   Thumb Code     0  startup_stm32h743xx.o(.text)
    I2C1_ER_IRQHandler                       0x080002c7   Thumb Code     0  startup_stm32h743xx.o(.text)
    I2C1_EV_IRQHandler                       0x080002c7   Thumb Code     0  startup_stm32h743xx.o(.text)
    I2C2_ER_IRQHandler                       0x080002c7   Thumb Code     0  startup_stm32h743xx.o(.text)
    I2C2_EV_IRQHandler                       0x080002c7   Thumb Code     0  startup_stm32h743xx.o(.text)
    I2C3_ER_IRQHandler                       0x080002c7   Thumb Code     0  startup_stm32h743xx.o(.text)
    I2C3_EV_IRQHandler                       0x080002c7   Thumb Code     0  startup_stm32h743xx.o(.text)
    I2C4_ER_IRQHandler                       0x080002c7   Thumb Code     0  startup_stm32h743xx.o(.text)
    I2C4_EV_IRQHandler                       0x080002c7   Thumb Code     0  startup_stm32h743xx.o(.text)
    JPEG_IRQHandler                          0x080002c7   Thumb Code     0  startup_stm32h743xx.o(.text)
    LPTIM1_IRQHandler                        0x080002c7   Thumb Code     0  startup_stm32h743xx.o(.text)
    LPTIM2_IRQHandler                        0x080002c7   Thumb Code     0  startup_stm32h743xx.o(.text)
    LPTIM3_IRQHandler                        0x080002c7   Thumb Code     0  startup_stm32h743xx.o(.text)
    LPTIM4_IRQHandler                        0x080002c7   Thumb Code     0  startup_stm32h743xx.o(.text)
    LPTIM5_IRQHandler                        0x080002c7   Thumb Code     0  startup_stm32h743xx.o(.text)
    LPUART1_IRQHandler                       0x080002c7   Thumb Code     0  startup_stm32h743xx.o(.text)
    LTDC_ER_IRQHandler                       0x080002c7   Thumb Code     0  startup_stm32h743xx.o(.text)
    LTDC_IRQHandler                          0x080002c7   Thumb Code     0  startup_stm32h743xx.o(.text)
    MDIOS_IRQHandler                         0x080002c7   Thumb Code     0  startup_stm32h743xx.o(.text)
    MDIOS_WKUP_IRQHandler                    0x080002c7   Thumb Code     0  startup_stm32h743xx.o(.text)
    MDMA_IRQHandler                          0x080002c7   Thumb Code     0  startup_stm32h743xx.o(.text)
    OTG_FS_EP1_IN_IRQHandler                 0x080002c7   Thumb Code     0  startup_stm32h743xx.o(.text)
    OTG_FS_EP1_OUT_IRQHandler                0x080002c7   Thumb Code     0  startup_stm32h743xx.o(.text)
    OTG_FS_IRQHandler                        0x080002c7   Thumb Code     0  startup_stm32h743xx.o(.text)
    OTG_FS_WKUP_IRQHandler                   0x080002c7   Thumb Code     0  startup_stm32h743xx.o(.text)
    OTG_HS_EP1_IN_IRQHandler                 0x080002c7   Thumb Code     0  startup_stm32h743xx.o(.text)
    OTG_HS_EP1_OUT_IRQHandler                0x080002c7   Thumb Code     0  startup_stm32h743xx.o(.text)
    OTG_HS_IRQHandler                        0x080002c7   Thumb Code     0  startup_stm32h743xx.o(.text)
    OTG_HS_WKUP_IRQHandler                   0x080002c7   Thumb Code     0  startup_stm32h743xx.o(.text)
    PVD_AVD_IRQHandler                       0x080002c7   Thumb Code     0  startup_stm32h743xx.o(.text)
    QUADSPI_IRQHandler                       0x080002c7   Thumb Code     0  startup_stm32h743xx.o(.text)
    RCC_IRQHandler                           0x080002c7   Thumb Code     0  startup_stm32h743xx.o(.text)
    RNG_IRQHandler                           0x080002c7   Thumb Code     0  startup_stm32h743xx.o(.text)
    RTC_Alarm_IRQHandler                     0x080002c7   Thumb Code     0  startup_stm32h743xx.o(.text)
    RTC_WKUP_IRQHandler                      0x080002c7   Thumb Code     0  startup_stm32h743xx.o(.text)
    SAI1_IRQHandler                          0x080002c7   Thumb Code     0  startup_stm32h743xx.o(.text)
    SAI2_IRQHandler                          0x080002c7   Thumb Code     0  startup_stm32h743xx.o(.text)
    SAI3_IRQHandler                          0x080002c7   Thumb Code     0  startup_stm32h743xx.o(.text)
    SAI4_IRQHandler                          0x080002c7   Thumb Code     0  startup_stm32h743xx.o(.text)
    SDMMC1_IRQHandler                        0x080002c7   Thumb Code     0  startup_stm32h743xx.o(.text)
    SDMMC2_IRQHandler                        0x080002c7   Thumb Code     0  startup_stm32h743xx.o(.text)
    SPDIF_RX_IRQHandler                      0x080002c7   Thumb Code     0  startup_stm32h743xx.o(.text)
    SPI1_IRQHandler                          0x080002c7   Thumb Code     0  startup_stm32h743xx.o(.text)
    SPI2_IRQHandler                          0x080002c7   Thumb Code     0  startup_stm32h743xx.o(.text)
    SPI3_IRQHandler                          0x080002c7   Thumb Code     0  startup_stm32h743xx.o(.text)
    SPI4_IRQHandler                          0x080002c7   Thumb Code     0  startup_stm32h743xx.o(.text)
    SPI5_IRQHandler                          0x080002c7   Thumb Code     0  startup_stm32h743xx.o(.text)
    SPI6_IRQHandler                          0x080002c7   Thumb Code     0  startup_stm32h743xx.o(.text)
    SWPMI1_IRQHandler                        0x080002c7   Thumb Code     0  startup_stm32h743xx.o(.text)
    TAMP_STAMP_IRQHandler                    0x080002c7   Thumb Code     0  startup_stm32h743xx.o(.text)
    TIM15_IRQHandler                         0x080002c7   Thumb Code     0  startup_stm32h743xx.o(.text)
    TIM16_IRQHandler                         0x080002c7   Thumb Code     0  startup_stm32h743xx.o(.text)
    TIM17_IRQHandler                         0x080002c7   Thumb Code     0  startup_stm32h743xx.o(.text)
    TIM1_BRK_IRQHandler                      0x080002c7   Thumb Code     0  startup_stm32h743xx.o(.text)
    TIM1_CC_IRQHandler                       0x080002c7   Thumb Code     0  startup_stm32h743xx.o(.text)
    TIM1_TRG_COM_IRQHandler                  0x080002c7   Thumb Code     0  startup_stm32h743xx.o(.text)
    TIM1_UP_IRQHandler                       0x080002c7   Thumb Code     0  startup_stm32h743xx.o(.text)
    TIM2_IRQHandler                          0x080002c7   Thumb Code     0  startup_stm32h743xx.o(.text)
    TIM3_IRQHandler                          0x080002c7   Thumb Code     0  startup_stm32h743xx.o(.text)
    TIM4_IRQHandler                          0x080002c7   Thumb Code     0  startup_stm32h743xx.o(.text)
    TIM5_IRQHandler                          0x080002c7   Thumb Code     0  startup_stm32h743xx.o(.text)
    TIM6_DAC_IRQHandler                      0x080002c7   Thumb Code     0  startup_stm32h743xx.o(.text)
    TIM7_IRQHandler                          0x080002c7   Thumb Code     0  startup_stm32h743xx.o(.text)
    TIM8_BRK_TIM12_IRQHandler                0x080002c7   Thumb Code     0  startup_stm32h743xx.o(.text)
    TIM8_CC_IRQHandler                       0x080002c7   Thumb Code     0  startup_stm32h743xx.o(.text)
    TIM8_TRG_COM_TIM14_IRQHandler            0x080002c7   Thumb Code     0  startup_stm32h743xx.o(.text)
    TIM8_UP_TIM13_IRQHandler                 0x080002c7   Thumb Code     0  startup_stm32h743xx.o(.text)
    UART4_IRQHandler                         0x080002c7   Thumb Code     0  startup_stm32h743xx.o(.text)
    UART5_IRQHandler                         0x080002c7   Thumb Code     0  startup_stm32h743xx.o(.text)
    UART7_IRQHandler                         0x080002c7   Thumb Code     0  startup_stm32h743xx.o(.text)
    UART8_IRQHandler                         0x080002c7   Thumb Code     0  startup_stm32h743xx.o(.text)
    USART1_IRQHandler                        0x080002c7   Thumb Code     0  startup_stm32h743xx.o(.text)
    USART2_IRQHandler                        0x080002c7   Thumb Code     0  startup_stm32h743xx.o(.text)
    USART3_IRQHandler                        0x080002c7   Thumb Code     0  startup_stm32h743xx.o(.text)
    USART6_IRQHandler                        0x080002c7   Thumb Code     0  startup_stm32h743xx.o(.text)
    WAKEUP_PIN_IRQHandler                    0x080002c7   Thumb Code     0  startup_stm32h743xx.o(.text)
    WWDG_IRQHandler                          0x080002c7   Thumb Code     0  startup_stm32h743xx.o(.text)
    __aeabi_uldivmod                         0x080002d1   Thumb Code    98  uldiv.o(.text)
    __aeabi_memcpy                           0x08000333   Thumb Code    36  memcpya.o(.text)
    __aeabi_memcpy4                          0x08000333   Thumb Code     0  memcpya.o(.text)
    __aeabi_memcpy8                          0x08000333   Thumb Code     0  memcpya.o(.text)
    __aeabi_memset                           0x08000357   Thumb Code    14  memseta.o(.text)
    __aeabi_memset4                          0x08000357   Thumb Code     0  memseta.o(.text)
    __aeabi_memset8                          0x08000357   Thumb Code     0  memseta.o(.text)
    __aeabi_memclr                           0x08000365   Thumb Code     4  memseta.o(.text)
    __aeabi_memclr4                          0x08000365   Thumb Code     0  memseta.o(.text)
    __aeabi_memclr8                          0x08000365   Thumb Code     0  memseta.o(.text)
    _memset$wrapper                          0x08000369   Thumb Code    18  memseta.o(.text)
    strncmp                                  0x0800037b   Thumb Code    30  strncmp.o(.text)
    __aeabi_uidiv                            0x08000399   Thumb Code     0  uidiv.o(.text)
    __aeabi_uidivmod                         0x08000399   Thumb Code    44  uidiv.o(.text)
    __aeabi_llsl                             0x080003c5   Thumb Code    30  llshl.o(.text)
    _ll_shift_l                              0x080003c5   Thumb Code     0  llshl.o(.text)
    __aeabi_llsr                             0x080003e3   Thumb Code    32  llushr.o(.text)
    _ll_ushift_r                             0x080003e3   Thumb Code     0  llushr.o(.text)
    __I$use$fp                               0x08000403   Thumb Code     0  iusefp.o(.text)
    __aeabi_dadd                             0x08000403   Thumb Code   322  dadd.o(.text)
    __aeabi_dsub                             0x08000545   Thumb Code     6  dadd.o(.text)
    __aeabi_drsub                            0x0800054b   Thumb Code     6  dadd.o(.text)
    __aeabi_dmul                             0x08000551   Thumb Code   228  dmul.o(.text)
    __aeabi_ddiv                             0x08000635   Thumb Code   222  ddiv.o(.text)
    _drnd                                    0x08000715   Thumb Code   132  drnd.o(.text)
    __aeabi_d2ulz                            0x0800079d   Thumb Code    48  dfixul.o(.text)
    __aeabi_cdrcmple                         0x080007cd   Thumb Code    48  cdrcmple.o(.text)
    __scatterload                            0x080007fd   Thumb Code    28  init.o(.text)
    __scatterload_rt2                        0x080007fd   Thumb Code     0  init.o(.text)
    __aeabi_lasr                             0x08000821   Thumb Code    36  llsshr.o(.text)
    _ll_sshift_r                             0x08000821   Thumb Code     0  llsshr.o(.text)
    _double_round                            0x08000845   Thumb Code    30  depilogue.o(.text)
    _double_epilogue                         0x08000863   Thumb Code   156  depilogue.o(.text)
    BusFault_Handler                         0x080008ff   Thumb Code     2  stm32h7xx_it.o(i.BusFault_Handler)
    DebugMon_Handler                         0x08000901   Thumb Code     2  stm32h7xx_it.o(i.DebugMon_Handler)
    EXTI0_IRQHandler                         0x08000905   Thumb Code    28  stm32h7xx_it.o(i.EXTI0_IRQHandler)
    EXTI2_IRQHandler                         0x08000925   Thumb Code    28  stm32h7xx_it.o(i.EXTI2_IRQHandler)
    EXTI3_IRQHandler                         0x08000945   Thumb Code    28  stm32h7xx_it.o(i.EXTI3_IRQHandler)
    EXTI4_IRQHandler                         0x08000965   Thumb Code    28  stm32h7xx_it.o(i.EXTI4_IRQHandler)
    EXTI_Key_Config                          0x08000985   Thumb Code   194  key.o(i.EXTI_Key_Config)
    FMC_NORSRAM_Extended_Timing_Init         0x08000a59   Thumb Code    60  stm32h7xx_ll_fmc.o(i.FMC_NORSRAM_Extended_Timing_Init)
    FMC_NORSRAM_Init                         0x08000a99   Thumb Code   152  stm32h7xx_ll_fmc.o(i.FMC_NORSRAM_Init)
    FMC_NORSRAM_Timing_Init                  0x08000b35   Thumb Code    94  stm32h7xx_ll_fmc.o(i.FMC_NORSRAM_Timing_Init)
    GUI_Text                                 0x08000b99   Thumb Code    72  lcd.o(i.GUI_Text)
    GetASCIICode                             0x08000be1   Thumb Code    16  asciilib.o(i.GetASCIICode)
    HAL_Delay                                0x08000bf5   Thumb Code    32  stm32h7xx_hal.o(i.HAL_Delay)
    HAL_GPIO_Init                            0x08000c19   Thumb Code   450  stm32h7xx_hal_gpio.o(i.HAL_GPIO_Init)
    HAL_GPIO_ReadPin                         0x08000e0d   Thumb Code    10  stm32h7xx_hal_gpio.o(i.HAL_GPIO_ReadPin)
    HAL_GPIO_TogglePin                       0x08000e17   Thumb Code     8  stm32h7xx_hal_gpio.o(i.HAL_GPIO_TogglePin)
    HAL_GPIO_WritePin                        0x08000e1f   Thumb Code    10  stm32h7xx_hal_gpio.o(i.HAL_GPIO_WritePin)
    HAL_GetTick                              0x08000e29   Thumb Code     6  stm32h7xx_hal.o(i.HAL_GetTick)
    HAL_I2CEx_ConfigAnalogFilter             0x08000e35   Thumb Code    88  stm32h7xx_hal_i2c_ex.o(i.HAL_I2CEx_ConfigAnalogFilter)
    HAL_I2C_Init                             0x08000e8d   Thumb Code   180  stm32h7xx_hal_i2c.o(i.HAL_I2C_Init)
    HAL_I2C_Mem_Read                         0x08000f45   Thumb Code   358  stm32h7xx_hal_i2c.o(i.HAL_I2C_Mem_Read)
    HAL_I2C_MspInit                          0x080010b5   Thumb Code     2  stm32h7xx_hal_i2c.o(i.HAL_I2C_MspInit)
    HAL_IncTick                              0x080010b9   Thumb Code    12  stm32h7xx_hal.o(i.HAL_IncTick)
    HAL_Init                                 0x080010c9   Thumb Code    28  stm32h7xx_hal.o(i.HAL_Init)
    HAL_InitTick                             0x080010e5   Thumb Code    54  stm32h7xx_hal.o(i.HAL_InitTick)
    HAL_MPU_ConfigRegion                     0x08001125   Thumb Code    86  stm32h7xx_hal_cortex.o(i.HAL_MPU_ConfigRegion)
    HAL_MspInit                              0x08001181   Thumb Code   106  stm32h7xx_hal_msp.o(i.HAL_MspInit)
    HAL_NVIC_EnableIRQ                       0x080011f1   Thumb Code    26  stm32h7xx_hal_cortex.o(i.HAL_NVIC_EnableIRQ)
    HAL_NVIC_SetPriority                     0x0800120d   Thumb Code    60  stm32h7xx_hal_cortex.o(i.HAL_NVIC_SetPriority)
    HAL_NVIC_SetPriorityGrouping             0x0800124d   Thumb Code    28  stm32h7xx_hal_cortex.o(i.HAL_NVIC_SetPriorityGrouping)
    HAL_RCCEx_GetD1SysClockFreq              0x08001271   Thumb Code    40  stm32h7xx_hal_rcc_ex.o(i.HAL_RCCEx_GetD1SysClockFreq)
    HAL_RCCEx_GetD3PCLK1Freq                 0x080012a5   Thumb Code    34  stm32h7xx_hal_rcc_ex.o(i.HAL_RCCEx_GetD3PCLK1Freq)
    HAL_RCCEx_GetPLL2ClockFreq               0x080012d1   Thumb Code   268  stm32h7xx_hal_rcc_ex.o(i.HAL_RCCEx_GetPLL2ClockFreq)
    HAL_RCCEx_GetPLL3ClockFreq               0x080013f1   Thumb Code   268  stm32h7xx_hal_rcc_ex.o(i.HAL_RCCEx_GetPLL3ClockFreq)
    HAL_RCC_ClockConfig                      0x08001511   Thumb Code   458  stm32h7xx_hal_rcc.o(i.HAL_RCC_ClockConfig)
    HAL_RCC_GetHCLKFreq                      0x080016ed   Thumb Code    38  stm32h7xx_hal_rcc.o(i.HAL_RCC_GetHCLKFreq)
    HAL_RCC_GetPCLK1Freq                     0x08001721   Thumb Code    34  stm32h7xx_hal_rcc.o(i.HAL_RCC_GetPCLK1Freq)
    HAL_RCC_GetPCLK2Freq                     0x0800174d   Thumb Code    36  stm32h7xx_hal_rcc.o(i.HAL_RCC_GetPCLK2Freq)
    HAL_RCC_GetSysClockFreq                  0x08001779   Thumb Code   286  stm32h7xx_hal_rcc.o(i.HAL_RCC_GetSysClockFreq)
    HAL_RCC_OscConfig                        0x080018a5   Thumb Code  1186  stm32h7xx_hal_rcc.o(i.HAL_RCC_OscConfig)
    HAL_SPI_Init                             0x08001d4d   Thumb Code   308  stm32h7xx_hal_spi.o(i.HAL_SPI_Init)
    HAL_SPI_MspInit                          0x08001e8d   Thumb Code   192  spi.o(i.HAL_SPI_MspInit)
    HAL_SPI_TransmitReceive                  0x08001f59   Thumb Code   796  stm32h7xx_hal_spi.o(i.HAL_SPI_TransmitReceive)
    HAL_SRAM_Init                            0x08002275   Thumb Code    96  stm32h7xx_hal_sram.o(i.HAL_SRAM_Init)
    HAL_SRAM_MspInit                         0x080022d9   Thumb Code     2  stm32h7xx_hal_sram.o(i.HAL_SRAM_MspInit)
    HAL_SYSTICK_CLKSourceConfig              0x080022db   Thumb Code    24  stm32h7xx_hal_cortex.o(i.HAL_SYSTICK_CLKSourceConfig)
    HAL_SYSTICK_Callback                     0x080022f3   Thumb Code     2  stm32h7xx_hal_cortex.o(i.HAL_SYSTICK_Callback)
    HAL_SYSTICK_Config                       0x080022f5   Thumb Code    38  stm32h7xx_hal_cortex.o(i.HAL_SYSTICK_Config)
    HAL_SYSTICK_IRQHandler                   0x0800231b   Thumb Code     8  stm32h7xx_hal_cortex.o(i.HAL_SYSTICK_IRQHandler)
    HAL_UART_Init                            0x08002323   Thumb Code   106  stm32h7xx_hal_uart.o(i.HAL_UART_Init)
    HAL_UART_MspInit                         0x0800238d   Thumb Code    92  usart.o(i.HAL_UART_MspInit)
    HAL_UART_Transmit                        0x080023f5   Thumb Code   182  stm32h7xx_hal_uart.o(i.HAL_UART_Transmit)
    HardFault_Handler                        0x080024ab   Thumb Code     2  stm32h7xx_it.o(i.HardFault_Handler)
    I2C_EE_Init                              0x080024ad   Thumb Code    20  i2c.o(i.I2C_EE_Init)
    I2C_Read                                 0x08002629   Thumb Code    24  i2c.o(i.I2C_Read)
    LCDBanner                                0x080027d9   Thumb Code   154  main.o(i.LCDBanner)
    LCD_Clear                                0x0800290d   Thumb Code   154  lcd.o(i.LCD_Clear)
    LCD_Initializtion                        0x08002aed   Thumb Code  6068  lcd.o(i.LCD_Initializtion)
    LCD_ReadReg                              0x080042a1   Thumb Code    12  lcd.o(i.LCD_ReadReg)
    LCD_Scan_Dir                             0x080042b1   Thumb Code    70  lcd.o(i.LCD_Scan_Dir)
    LCD_SetPoint                             0x08004371   Thumb Code    80  lcd.o(i.LCD_SetPoint)
    LCD_WriteReg                             0x080043c9   Thumb Code    12  lcd.o(i.LCD_WriteReg)
    LEDOff                                   0x080043d9   Thumb Code    16  main.o(i.LEDOff)
    LEDOn                                    0x080043f1   Thumb Code    16  main.o(i.LEDOn)
    LEDToggle                                0x08004409   Thumb Code    20  main.o(i.LEDToggle)
    MPU_Config                               0x08004425   Thumb Code   100  main.o(i.MPU_Config)
    MX_SPI1_SPI_Init                         0x0800452d   Thumb Code    88  spi.o(i.MX_SPI1_SPI_Init)
    MX_USART1_UART_Init                      0x08004599   Thumb Code    64  usart.o(i.MX_USART1_UART_Init)
    MemManage_Handler                        0x080045e9   Thumb Code     2  stm32h7xx_it.o(i.MemManage_Handler)
    NMI_Handler                              0x080045eb   Thumb Code     2  stm32h7xx_it.o(i.NMI_Handler)
    OnSlave                                  0x080045ed   Thumb Code   376  main.o(i.OnSlave)
    PendSV_Handler                           0x08004805   Thumb Code     2  stm32h7xx_it.o(i.PendSV_Handler)
    PutChar                                  0x08004809   Thumb Code    86  lcd.o(i.PutChar)
    RadioDriverInit                          0x08004861   Thumb Code    28  radio.o(i.RadioDriverInit)
    STM_EVAL_PBGetState                      0x08004995   Thumb Code    16  key.o(i.STM_EVAL_PBGetState)
    SVC_Handler                              0x080049ad   Thumb Code     2  stm32h7xx_it.o(i.SVC_Handler)
    SX1276FskGetPacketPayloadSize            0x080049b1   Thumb Code    54  sx1276-fsk.o(i.SX1276FskGetPacketPayloadSize)
    SX1276FskGetRxPacket                     0x080049ed   Thumb Code    22  sx1276-fsk.o(i.SX1276FskGetRxPacket)
    SX1276FskProcess                         0x08004a0d   Thumb Code   858  sx1276-fsk.o(i.SX1276FskProcess)
    SX1276FskReadAfc                         0x08004d7d   Thumb Code    50  sx1276-fsk.o(i.SX1276FskReadAfc)
    SX1276FskReadRssi                        0x08004dbd   Thumb Code    36  sx1276-fsk.o(i.SX1276FskReadRssi)
    SX1276FskReadRxGain                      0x08004de5   Thumb Code    22  sx1276-fsk.o(i.SX1276FskReadRxGain)
    SX1276FskSetOpMode                       0x08004e01   Thumb Code    64  sx1276-fsk.o(i.SX1276FskSetOpMode)
    SX1276FskSetRFState                      0x08004e45   Thumb Code     6  sx1276-fsk.o(i.SX1276FskSetRFState)
    SX1276FskSetTxPacket                     0x08004e51   Thumb Code    22  sx1276-fsk.o(i.SX1276FskSetTxPacket)
    SX1276GetRxPacket                        0x08004e71   Thumb Code    14  sx1276.o(i.SX1276GetRxPacket)
    SX1276Init                               0x08004e85   Thumb Code    96  sx1276.o(i.SX1276Init)
    SX1276InitIo                             0x08004f11   Thumb Code    64  sx1276-hal.o(i.SX1276InitIo)
    SX1276LoRaGetErrorCoding                 0x08004f59   Thumb Code    28  sx1276-loramisc.o(i.SX1276LoRaGetErrorCoding)
    SX1276LoRaGetRFFrequency                 0x08004f7d   Thumb Code    64  sx1276-loramisc.o(i.SX1276LoRaGetRFFrequency)
    SX1276LoRaGetRFPower                     0x08004fcd   Thumb Code    68  sx1276-loramisc.o(i.SX1276LoRaGetRFPower)
    SX1276LoRaGetRxPacket                    0x08005019   Thumb Code    20  sx1276-lora.o(i.SX1276LoRaGetRxPacket)
    SX1276LoRaGetRxPacketTimeout             0x08005035   Thumb Code     6  sx1276-loramisc.o(i.SX1276LoRaGetRxPacketTimeout)
    SX1276LoRaGetSignalBandwidth             0x08005041   Thumb Code    26  sx1276-loramisc.o(i.SX1276LoRaGetSignalBandwidth)
    SX1276LoRaGetSpreadingFactor             0x08005065   Thumb Code    26  sx1276-loramisc.o(i.SX1276LoRaGetSpreadingFactor)
    SX1276LoRaGetTxPacketTimeout             0x08005089   Thumb Code     6  sx1276-loramisc.o(i.SX1276LoRaGetTxPacketTimeout)
    SX1276LoRaInit                           0x08005095   Thumb Code   154  sx1276-lora.o(i.SX1276LoRaInit)
    SX1276LoRaProcess                        0x0800513d   Thumb Code  1128  sx1276-lora.o(i.SX1276LoRaProcess)
    SX1276LoRaReadRxGain                     0x080055a5   Thumb Code    22  sx1276-lora.o(i.SX1276LoRaReadRxGain)
    SX1276LoRaSetDefaults                    0x080055c1   Thumb Code    12  sx1276-lora.o(i.SX1276LoRaSetDefaults)
    SX1276LoRaSetErrorCoding                 0x080055d1   Thumb Code    44  sx1276-loramisc.o(i.SX1276LoRaSetErrorCoding)
    SX1276LoRaSetImplicitHeaderOn            0x08005605   Thumb Code    40  sx1276-loramisc.o(i.SX1276LoRaSetImplicitHeaderOn)
    SX1276LoRaSetLowDatarateOptimize         0x08005635   Thumb Code    44  sx1276-loramisc.o(i.SX1276LoRaSetLowDatarateOptimize)
    SX1276LoRaSetNbTrigPeaks                 0x08005665   Thumb Code    42  sx1276-loramisc.o(i.SX1276LoRaSetNbTrigPeaks)
    SX1276LoRaSetOpMode                      0x08005695   Thumb Code    64  sx1276-lora.o(i.SX1276LoRaSetOpMode)
    SX1276LoRaSetPAOutput                    0x080056d9   Thumb Code    38  sx1276-loramisc.o(i.SX1276LoRaSetPAOutput)
    SX1276LoRaSetPa20dBm                     0x08005705   Thumb Code    62  sx1276-loramisc.o(i.SX1276LoRaSetPa20dBm)
    SX1276LoRaSetPacketCrcOn                 0x08005749   Thumb Code    42  sx1276-loramisc.o(i.SX1276LoRaSetPacketCrcOn)
    SX1276LoRaSetPayloadLength               0x0800577d   Thumb Code    26  sx1276-loramisc.o(i.SX1276LoRaSetPayloadLength)
    SX1276LoRaSetRFFrequency                 0x080057a1   Thumb Code    52  sx1276-loramisc.o(i.SX1276LoRaSetRFFrequency)
    SX1276LoRaSetRFPower                     0x080057e5   Thumb Code   138  sx1276-loramisc.o(i.SX1276LoRaSetRFPower)
    SX1276LoRaSetRFState                     0x08005879   Thumb Code     6  sx1276-lora.o(i.SX1276LoRaSetRFState)
    SX1276LoRaSetRxPacketTimeout             0x08005885   Thumb Code     6  sx1276-loramisc.o(i.SX1276LoRaSetRxPacketTimeout)
    SX1276LoRaSetRxSingleOn                  0x08005891   Thumb Code     6  sx1276-loramisc.o(i.SX1276LoRaSetRxSingleOn)
    SX1276LoRaSetSignalBandwidth             0x0800589d   Thumb Code    40  sx1276-loramisc.o(i.SX1276LoRaSetSignalBandwidth)
    SX1276LoRaSetSpreadingFactor             0x080058cd   Thumb Code    74  sx1276-loramisc.o(i.SX1276LoRaSetSpreadingFactor)
    SX1276LoRaSetSymbTimeout                 0x08005921   Thumb Code    52  sx1276-loramisc.o(i.SX1276LoRaSetSymbTimeout)
    SX1276LoRaSetTxPacket                    0x08005959   Thumb Code    32  sx1276-lora.o(i.SX1276LoRaSetTxPacket)
    SX1276LoRaSetTxPacketTimeout             0x08005981   Thumb Code     6  sx1276-loramisc.o(i.SX1276LoRaSetTxPacketTimeout)
    SX1276Process                            0x0800598d   Thumb Code    14  sx1276.o(i.SX1276Process)
    SX1276Read                               0x080059a1   Thumb Code     6  sx1276-hal.o(i.SX1276Read)
    SX1276ReadBuffer                         0x080059a9   Thumb Code    70  sx1276-hal.o(i.SX1276ReadBuffer)
    SX1276ReadDio0                           0x080059f5   Thumb Code    20  sx1276-hal.o(i.SX1276ReadDio0)
    SX1276ReadDio1                           0x08005a11   Thumb Code     8  sx1276-hal.o(i.SX1276ReadDio1)
    SX1276ReadDio2                           0x08005a1d   Thumb Code     8  sx1276-hal.o(i.SX1276ReadDio2)
    SX1276ReadDio3                           0x08005a29   Thumb Code    10  sx1276-hal.o(i.SX1276ReadDio3)
    SX1276ReadDio4                           0x08005a39   Thumb Code    10  sx1276-hal.o(i.SX1276ReadDio4)
    SX1276ReadFifo                           0x08005a49   Thumb Code    10  sx1276-hal.o(i.SX1276ReadFifo)
    SX1276Reset                              0x08005a53   Thumb Code    30  sx1276.o(i.SX1276Reset)
    SX1276SetLoRaOn                          0x08005a71   Thumb Code   118  sx1276.o(i.SX1276SetLoRaOn)
    SX1276SetReset                           0x08005af5   Thumb Code    20  sx1276-hal.o(i.SX1276SetReset)
    SX1276SetTxPacket                        0x08005b0d   Thumb Code    14  sx1276.o(i.SX1276SetTxPacket)
    SX1276StartRx                            0x08005b21   Thumb Code    20  sx1276.o(i.SX1276StartRx)
    SX1276Write                              0x08005b39   Thumb Code    12  sx1276-hal.o(i.SX1276Write)
    SX1276WriteBuffer                        0x08005b45   Thumb Code    68  sx1276-hal.o(i.SX1276WriteBuffer)
    SX1276WriteFifo                          0x08005b8d   Thumb Code    10  sx1276-hal.o(i.SX1276WriteFifo)
    SX1276WriteRxTx                          0x08005b97   Thumb Code     2  sx1276-hal.o(i.SX1276WriteRxTx)
    Soft_delay_ms                            0x08005b99   Thumb Code     4  main.o(i.Soft_delay_ms)
    SpiInOut                                 0x08005b9d   Thumb Code    26  spisx1278.o(i.SpiInOut)
    SysTick_Handler                          0x08005bbd   Thumb Code    14  stm32h7xx_it.o(i.SysTick_Handler)
    SystemClock_Config                       0x08005bcd   Thumb Code   164  main.o(i.SystemClock_Config)
    SystemInit                               0x08005c79   Thumb Code   118  system_stm32h7xx.o(i.SystemInit)
    UART_AdvFeatureConfig                    0x08005d01   Thumb Code   200  stm32h7xx_hal_uart.o(i.UART_AdvFeatureConfig)
    UART_CheckIdleState                      0x08005dc9   Thumb Code    92  stm32h7xx_hal_uart.o(i.UART_CheckIdleState)
    UART_SetConfig                           0x08005e25   Thumb Code  1252  stm32h7xx_hal_uart.o(i.UART_SetConfig)
    UART_WaitOnFlagUntilTimeout              0x0800630d   Thumb Code   100  stm32h7xx_hal_uart.o(i.UART_WaitOnFlagUntilTimeout)
    UsageFault_Handler                       0x08006371   Thumb Code     2  stm32h7xx_it.o(i.UsageFault_Handler)
    _Error_Handler                           0x08006373   Thumb Code     2  main.o(i._Error_Handler)
    __0printf                                0x08006375   Thumb Code    22  printfa.o(i.__0printf)
    __1printf                                0x08006375   Thumb Code     0  printfa.o(i.__0printf)
    __2printf                                0x08006375   Thumb Code     0  printfa.o(i.__0printf)
    __c89printf                              0x08006375   Thumb Code     0  printfa.o(i.__0printf)
    printf                                   0x08006375   Thumb Code     0  printfa.o(i.__0printf)
    __0sprintf                               0x08006395   Thumb Code    34  printfa.o(i.__0sprintf)
    __1sprintf                               0x08006395   Thumb Code     0  printfa.o(i.__0sprintf)
    __2sprintf                               0x08006395   Thumb Code     0  printfa.o(i.__0sprintf)
    __c89sprintf                             0x08006395   Thumb Code     0  printfa.o(i.__0sprintf)
    sprintf                                  0x08006395   Thumb Code     0  printfa.o(i.__0sprintf)
    __hardfp_round                           0x080063e1   Thumb Code   136  round.o(i.__hardfp_round)
    __scatterload_copy                       0x08006481   Thumb Code    14  handlers.o(i.__scatterload_copy)
    __scatterload_null                       0x0800648f   Thumb Code     2  handlers.o(i.__scatterload_null)
    __scatterload_zeroinit                   0x08006491   Thumb Code    14  handlers.o(i.__scatterload_zeroinit)
    fputc                                    0x08006d5d   Thumb Code    20  usart.o(i.fputc)
    main                                     0x08006d75   Thumb Code   478  main.o(i.main)
    readtemp                                 0x08007009   Thumb Code    34  main.o(i.readtemp)
    GPIO_PIN                                 0x08007030   Data           8  main.o(.constdata)
    D1CorePrescTable                         0x08007050   Data          16  system_stm32h7xx.o(.constdata)
    BUTTON_PIN                               0x08007650   Data           8  key.o(.constdata)
    SignalBwLog                              0x08007658   Data          80  sx1276-lora.o(.constdata)
    RssiOffsetLF                             0x080076a8   Data          80  sx1276-lora.o(.constdata)
    RssiOffsetHF                             0x080076f8   Data          80  sx1276-lora.o(.constdata)
    HoppingFrequencies                       0x08007748   Data         204  sx1276-lora.o(.constdata)
    Region$$Table$$Base                      0x08007814   Number         0  anon$$obj.o(Region$$Table)
    Region$$Table$$Limit                     0x08007834   Number         0  anon$$obj.o(Region$$Table)
    MachType                                 0x20000000   Data           1  main.o(.data)
    tempRaw                                  0x20000004   Data           2  main.o(.data)
    Radio                                    0x20000008   Data           4  main.o(.data)
    PingMsg                                  0x2000000c   Data           5  main.o(.data)
    GPIO_PORT                                0x20000014   Data          16  main.o(.data)
    SystemCoreClock                          0x20000030   Data           4  system_stm32h7xx.o(.data)
    SystemD2Clock                            0x20000034   Data           4  system_stm32h7xx.o(.data)
    DeviceCode                               0x2000003a   Data           2  lcd.o(.data)
    BUTTON_PORT                              0x2000003c   Data          16  key.o(.data)
    TickCounter                              0x2000004c   Data           4  sx12xxeiger.o(.data)
    SX1276                                   0x20000074   Data           4  sx1276-fsk.o(.data)
    FskSettings                              0x20000090   Data          28  sx1276-fsk.o(.data)
    SX1276LR                                 0x200000c0   Data           4  sx1276-lora.o(.data)
    LoRaSettings                             0x200000d0   Data          28  sx1276-lora.o(.data)
    __stdout                                 0x200000ec   Data           4  stdout.o(.data)
    Buffer                                   0x200000f0   Data          20  main.o(.bss)
    huart1                                   0x20000104   Data         128  usart.o(.bss)
    SpiHandle                                0x20000184   Data         136  spi.o(.bss)
    SRAM_Handler                             0x2000020c   Data          76  lcd.o(.bss)
    I2C_Handle                               0x20000258   Data          76  i2c.o(.bss)
    RadioDriver                              0x200002a4   Data          24  radio.o(.bss)
    SX1276Regs                               0x200002bc   Data         112  sx1276.o(.bss)
    __initial_sp                             0x20000930   Data           0  startup_stm32h743xx.o(STACK)



==============================================================================

Memory Map of the image

  Image Entry point : 0x08000299

  Load Region LR_IROM1 (Base: 0x08000000, Size: 0x00007924, Max: 0x00100000, ABSOLUTE)

    Execution Region ER_IROM1 (Exec base: 0x08000000, Load base: 0x08000000, Size: 0x00007834, Max: 0x00100000, ABSOLUTE)

    Exec Addr    Load Addr    Size         Type   Attr      Idx    E Section Name        Object

    0x08000000   0x08000000   0x00000298   Data   RO            3    RESET               startup_stm32h743xx.o
    0x08000298   0x08000298   0x00000000   Code   RO         5375  * .ARM.Collect$$$$00000000  mc_w.l(entry.o)
    0x08000298   0x08000298   0x00000004   Code   RO         5686    .ARM.Collect$$$$00000001  mc_w.l(entry2.o)
    0x0800029c   0x0800029c   0x00000004   Code   RO         5689    .ARM.Collect$$$$00000004  mc_w.l(entry5.o)
    0x080002a0   0x080002a0   0x00000000   Code   RO         5691    .ARM.Collect$$$$00000008  mc_w.l(entry7b.o)
    0x080002a0   0x080002a0   0x00000000   Code   RO         5693    .ARM.Collect$$$$0000000A  mc_w.l(entry8b.o)
    0x080002a0   0x080002a0   0x00000008   Code   RO         5694    .ARM.Collect$$$$0000000B  mc_w.l(entry9a.o)
    0x080002a8   0x080002a8   0x00000000   Code   RO         5696    .ARM.Collect$$$$0000000D  mc_w.l(entry10a.o)
    0x080002a8   0x080002a8   0x00000000   Code   RO         5698    .ARM.Collect$$$$0000000F  mc_w.l(entry11a.o)
    0x080002a8   0x080002a8   0x00000004   Code   RO         5687    .ARM.Collect$$$$00002712  mc_w.l(entry2.o)
    0x080002ac   0x080002ac   0x00000024   Code   RO            4    .text               startup_stm32h743xx.o
    0x080002d0   0x080002d0   0x00000062   Code   RO         5378    .text               mc_w.l(uldiv.o)
    0x08000332   0x08000332   0x00000024   Code   RO         5380    .text               mc_w.l(memcpya.o)
    0x08000356   0x08000356   0x00000024   Code   RO         5382    .text               mc_w.l(memseta.o)
    0x0800037a   0x0800037a   0x0000001e   Code   RO         5384    .text               mc_w.l(strncmp.o)
    0x08000398   0x08000398   0x0000002c   Code   RO         5701    .text               mc_w.l(uidiv.o)
    0x080003c4   0x080003c4   0x0000001e   Code   RO         5703    .text               mc_w.l(llshl.o)
    0x080003e2   0x080003e2   0x00000020   Code   RO         5705    .text               mc_w.l(llushr.o)
    0x08000402   0x08000402   0x00000000   Code   RO         5714    .text               mc_w.l(iusefp.o)
    0x08000402   0x08000402   0x0000014e   Code   RO         5715    .text               mf_w.l(dadd.o)
    0x08000550   0x08000550   0x000000e4   Code   RO         5717    .text               mf_w.l(dmul.o)
    0x08000634   0x08000634   0x000000de   Code   RO         5719    .text               mf_w.l(ddiv.o)
    0x08000712   0x08000712   0x00000002   PAD
    0x08000714   0x08000714   0x00000088   Code   RO         5723    .text               mf_w.l(drnd.o)
    0x0800079c   0x0800079c   0x00000030   Code   RO         5725    .text               mf_w.l(dfixul.o)
    0x080007cc   0x080007cc   0x00000030   Code   RO         5727    .text               mf_w.l(cdrcmple.o)
    0x080007fc   0x080007fc   0x00000024   Code   RO         5729    .text               mc_w.l(init.o)
    0x08000820   0x08000820   0x00000024   Code   RO         5731    .text               mc_w.l(llsshr.o)
    0x08000844   0x08000844   0x000000ba   Code   RO         5733    .text               mf_w.l(depilogue.o)
    0x080008fe   0x080008fe   0x00000002   Code   RO           48    i.BusFault_Handler  stm32h7xx_it.o
    0x08000900   0x08000900   0x00000002   Code   RO           49    i.DebugMon_Handler  stm32h7xx_it.o
    0x08000902   0x08000902   0x00000002   PAD
    0x08000904   0x08000904   0x00000020   Code   RO           50    i.EXTI0_IRQHandler  stm32h7xx_it.o
    0x08000924   0x08000924   0x00000020   Code   RO           51    i.EXTI2_IRQHandler  stm32h7xx_it.o
    0x08000944   0x08000944   0x00000020   Code   RO           52    i.EXTI3_IRQHandler  stm32h7xx_it.o
    0x08000964   0x08000964   0x00000020   Code   RO           53    i.EXTI4_IRQHandler  stm32h7xx_it.o
    0x08000984   0x08000984   0x000000d4   Code   RO         3995    i.EXTI_Key_Config   key.o
    0x08000a58   0x08000a58   0x00000040   Code   RO         3447    i.FMC_NORSRAM_Extended_Timing_Init  stm32h7xx_ll_fmc.o
    0x08000a98   0x08000a98   0x0000009c   Code   RO         3448    i.FMC_NORSRAM_Init  stm32h7xx_ll_fmc.o
    0x08000b34   0x08000b34   0x00000064   Code   RO         3449    i.FMC_NORSRAM_Timing_Init  stm32h7xx_ll_fmc.o
    0x08000b98   0x08000b98   0x00000048   Code   RO         3747    i.GUI_Text          lcd.o
    0x08000be0   0x08000be0   0x00000014   Code   RO         3717    i.GetASCIICode      asciilib.o
    0x08000bf4   0x08000bf4   0x00000024   Code   RO         1772    i.HAL_Delay         stm32h7xx_hal.o
    0x08000c18   0x08000c18   0x000001f4   Code   RO          917    i.HAL_GPIO_Init     stm32h7xx_hal_gpio.o
    0x08000e0c   0x08000e0c   0x0000000a   Code   RO          919    i.HAL_GPIO_ReadPin  stm32h7xx_hal_gpio.o
    0x08000e16   0x08000e16   0x00000008   Code   RO          920    i.HAL_GPIO_TogglePin  stm32h7xx_hal_gpio.o
    0x08000e1e   0x08000e1e   0x0000000a   Code   RO          921    i.HAL_GPIO_WritePin  stm32h7xx_hal_gpio.o
    0x08000e28   0x08000e28   0x0000000c   Code   RO         1788    i.HAL_GetTick       stm32h7xx_hal.o
    0x08000e34   0x08000e34   0x00000058   Code   RO         2507    i.HAL_I2CEx_ConfigAnalogFilter  stm32h7xx_hal_i2c_ex.o
    0x08000e8c   0x08000e8c   0x000000b8   Code   RO         2090    i.HAL_I2C_Init      stm32h7xx_hal_i2c.o
    0x08000f44   0x08000f44   0x00000170   Code   RO         2106    i.HAL_I2C_Mem_Read  stm32h7xx_hal_i2c.o
    0x080010b4   0x080010b4   0x00000002   Code   RO         2113    i.HAL_I2C_MspInit   stm32h7xx_hal_i2c.o
    0x080010b6   0x080010b6   0x00000002   PAD
    0x080010b8   0x080010b8   0x00000010   Code   RO         1791    i.HAL_IncTick       stm32h7xx_hal.o
    0x080010c8   0x080010c8   0x0000001c   Code   RO         1792    i.HAL_Init          stm32h7xx_hal.o
    0x080010e4   0x080010e4   0x00000040   Code   RO         1793    i.HAL_InitTick      stm32h7xx_hal.o
    0x08001124   0x08001124   0x0000005c   Code   RO          281    i.HAL_MPU_ConfigRegion  stm32h7xx_hal_cortex.o
    0x08001180   0x08001180   0x00000070   Code   RO          256    i.HAL_MspInit       stm32h7xx_hal_msp.o
    0x080011f0   0x080011f0   0x0000001a   Code   RO          284    i.HAL_NVIC_EnableIRQ  stm32h7xx_hal_cortex.o
    0x0800120a   0x0800120a   0x00000002   PAD
    0x0800120c   0x0800120c   0x00000040   Code   RO          290    i.HAL_NVIC_SetPriority  stm32h7xx_hal_cortex.o
    0x0800124c   0x0800124c   0x00000024   Code   RO          291    i.HAL_NVIC_SetPriorityGrouping  stm32h7xx_hal_cortex.o
    0x08001270   0x08001270   0x00000034   Code   RO          553    i.HAL_RCCEx_GetD1SysClockFreq  stm32h7xx_hal_rcc_ex.o
    0x080012a4   0x080012a4   0x0000002c   Code   RO          554    i.HAL_RCCEx_GetD3PCLK1Freq  stm32h7xx_hal_rcc_ex.o
    0x080012d0   0x080012d0   0x00000120   Code   RO          556    i.HAL_RCCEx_GetPLL2ClockFreq  stm32h7xx_hal_rcc_ex.o
    0x080013f0   0x080013f0   0x00000120   Code   RO          557    i.HAL_RCCEx_GetPLL3ClockFreq  stm32h7xx_hal_rcc_ex.o
    0x08001510   0x08001510   0x000001dc   Code   RO          446    i.HAL_RCC_ClockConfig  stm32h7xx_hal_rcc.o
    0x080016ec   0x080016ec   0x00000034   Code   RO          450    i.HAL_RCC_GetHCLKFreq  stm32h7xx_hal_rcc.o
    0x08001720   0x08001720   0x0000002c   Code   RO          452    i.HAL_RCC_GetPCLK1Freq  stm32h7xx_hal_rcc.o
    0x0800174c   0x0800174c   0x0000002c   Code   RO          453    i.HAL_RCC_GetPCLK2Freq  stm32h7xx_hal_rcc.o
    0x08001778   0x08001778   0x0000012c   Code   RO          454    i.HAL_RCC_GetSysClockFreq  stm32h7xx_hal_rcc.o
    0x080018a4   0x080018a4   0x000004a8   Code   RO          457    i.HAL_RCC_OscConfig  stm32h7xx_hal_rcc.o
    0x08001d4c   0x08001d4c   0x00000140   Code   RO         2977    i.HAL_SPI_Init      stm32h7xx_hal_spi.o
    0x08001e8c   0x08001e8c   0x000000cc   Code   RO         3684    i.HAL_SPI_MspInit   spi.o
    0x08001f58   0x08001f58   0x0000031c   Code   RO         2986    i.HAL_SPI_TransmitReceive  stm32h7xx_hal_spi.o
    0x08002274   0x08002274   0x00000064   Code   RO         3323    i.HAL_SRAM_Init     stm32h7xx_hal_sram.o
    0x080022d8   0x080022d8   0x00000002   Code   RO         3325    i.HAL_SRAM_MspInit  stm32h7xx_hal_sram.o
    0x080022da   0x080022da   0x00000018   Code   RO          293    i.HAL_SYSTICK_CLKSourceConfig  stm32h7xx_hal_cortex.o
    0x080022f2   0x080022f2   0x00000002   Code   RO          294    i.HAL_SYSTICK_Callback  stm32h7xx_hal_cortex.o
    0x080022f4   0x080022f4   0x00000026   Code   RO          295    i.HAL_SYSTICK_Config  stm32h7xx_hal_cortex.o
    0x0800231a   0x0800231a   0x00000008   Code   RO          296    i.HAL_SYSTICK_IRQHandler  stm32h7xx_hal_cortex.o
    0x08002322   0x08002322   0x0000006a   Code   RO         2587    i.HAL_UART_Init     stm32h7xx_hal_uart.o
    0x0800238c   0x0800238c   0x00000068   Code   RO         3634    i.HAL_UART_MspInit  usart.o
    0x080023f4   0x080023f4   0x000000b6   Code   RO         2595    i.HAL_UART_Transmit  stm32h7xx_hal_uart.o
    0x080024aa   0x080024aa   0x00000002   Code   RO           54    i.HardFault_Handler  stm32h7xx_it.o
    0x080024ac   0x080024ac   0x00000020   Code   RO         3918    i.I2C_EE_Init       i2c.o
    0x080024cc   0x080024cc   0x00000022   Code   RO         2132    i.I2C_Flush_TXDR    stm32h7xx_hal_i2c.o
    0x080024ee   0x080024ee   0x00000002   PAD
    0x080024f0   0x080024f0   0x00000080   Code   RO         3920    i.I2C_GPIO_Config   i2c.o
    0x08002570   0x08002570   0x0000007c   Code   RO         2140    i.I2C_IsAcknowledgeFailed  stm32h7xx_hal_i2c.o
    0x080025ec   0x080025ec   0x0000003c   Code   RO         3921    i.I2C_Mode_Config   i2c.o
    0x08002628   0x08002628   0x0000001c   Code   RO         3922    i.I2C_Read          i2c.o
    0x08002644   0x08002644   0x00000070   Code   RO         2143    i.I2C_RequestMemoryRead  stm32h7xx_hal_i2c.o
    0x080026b4   0x080026b4   0x0000002c   Code   RO         2147    i.I2C_TransferConfig  stm32h7xx_hal_i2c.o
    0x080026e0   0x080026e0   0x00000052   Code   RO         2148    i.I2C_WaitOnFlagUntilTimeout  stm32h7xx_hal_i2c.o
    0x08002732   0x08002732   0x00000050   Code   RO         2150    i.I2C_WaitOnSTOPFlagUntilTimeout  stm32h7xx_hal_i2c.o
    0x08002782   0x08002782   0x00000054   Code   RO         2151    i.I2C_WaitOnTXISFlagUntilTimeout  stm32h7xx_hal_i2c.o
    0x080027d6   0x080027d6   0x00000002   PAD
    0x080027d8   0x080027d8   0x00000134   Code   RO           13    i.LCDBanner         main.o
    0x0800290c   0x0800290c   0x000000a4   Code   RO         3748    i.LCD_Clear         lcd.o
    0x080029b0   0x080029b0   0x000000c8   Code   RO         3749    i.LCD_CtrlLinesConfig  lcd.o
    0x08002a78   0x08002a78   0x00000074   Code   RO         3753    i.LCD_FSMCConfig    lcd.o
    0x08002aec   0x08002aec   0x000017b4   Code   RO         3755    i.LCD_Initializtion  lcd.o
    0x080042a0   0x080042a0   0x00000010   Code   RO         3757    i.LCD_ReadReg       lcd.o
    0x080042b0   0x080042b0   0x00000054   Code   RO         3758    i.LCD_Scan_Dir      lcd.o
    0x08004304   0x08004304   0x0000006c   Code   RO         3759    i.LCD_SetCursor     lcd.o
    0x08004370   0x08004370   0x00000058   Code   RO         3760    i.LCD_SetPoint      lcd.o
    0x080043c8   0x080043c8   0x00000010   Code   RO         3765    i.LCD_WriteReg      lcd.o
    0x080043d8   0x080043d8   0x00000018   Code   RO           14    i.LEDOff            main.o
    0x080043f0   0x080043f0   0x00000018   Code   RO           15    i.LEDOn             main.o
    0x08004408   0x08004408   0x0000001c   Code   RO           16    i.LEDToggle         main.o
    0x08004424   0x08004424   0x0000006c   Code   RO           17    i.MPU_Config        main.o
    0x08004490   0x08004490   0x0000009c   Code   RO           18    i.MX_GPIO_Init      main.o
    0x0800452c   0x0800452c   0x0000006c   Code   RO         3685    i.MX_SPI1_SPI_Init  spi.o
    0x08004598   0x08004598   0x00000050   Code   RO         3635    i.MX_USART1_UART_Init  usart.o
    0x080045e8   0x080045e8   0x00000002   Code   RO           55    i.MemManage_Handler  stm32h7xx_it.o
    0x080045ea   0x080045ea   0x00000002   Code   RO           56    i.NMI_Handler       stm32h7xx_it.o
    0x080045ec   0x080045ec   0x00000218   Code   RO           19    i.OnSlave           main.o
    0x08004804   0x08004804   0x00000002   Code   RO           57    i.PendSV_Handler    stm32h7xx_it.o
    0x08004806   0x08004806   0x00000002   PAD
    0x08004808   0x08004808   0x00000056   Code   RO         3766    i.PutChar           lcd.o
    0x0800485e   0x0800485e   0x00000002   PAD
    0x08004860   0x08004860   0x00000038   Code   RO         4344    i.RadioDriverInit   radio.o
    0x08004898   0x08004898   0x000000bc   Code   RO         3002    i.SPI_CloseTransfer  stm32h7xx_hal_spi.o
    0x08004954   0x08004954   0x00000040   Code   RO         3019    i.SPI_WaitOnFlagUntilTimeout  stm32h7xx_hal_spi.o
    0x08004994   0x08004994   0x00000018   Code   RO         3996    i.STM_EVAL_PBGetState  key.o
    0x080049ac   0x080049ac   0x00000002   Code   RO           58    i.SVC_Handler       stm32h7xx_it.o
    0x080049ae   0x080049ae   0x00000002   PAD
    0x080049b0   0x080049b0   0x0000003c   Code   RO         4655    i.SX1276FskGetPacketPayloadSize  sx1276-fsk.o
    0x080049ec   0x080049ec   0x00000020   Code   RO         4659    i.SX1276FskGetRxPacket  sx1276-fsk.o
    0x08004a0c   0x08004a0c   0x00000370   Code   RO         4661    i.SX1276FskProcess  sx1276-fsk.o
    0x08004d7c   0x08004d7c   0x00000040   Code   RO         4662    i.SX1276FskReadAfc  sx1276-fsk.o
    0x08004dbc   0x08004dbc   0x00000028   Code   RO         4664    i.SX1276FskReadRssi  sx1276-fsk.o
    0x08004de4   0x08004de4   0x0000001c   Code   RO         4665    i.SX1276FskReadRxGain  sx1276-fsk.o
    0x08004e00   0x08004e00   0x00000044   Code   RO         4667    i.SX1276FskSetOpMode  sx1276-fsk.o
    0x08004e44   0x08004e44   0x0000000c   Code   RO         4668    i.SX1276FskSetRFState  sx1276-fsk.o
    0x08004e50   0x08004e50   0x00000020   Code   RO         4669    i.SX1276FskSetTxPacket  sx1276-fsk.o
    0x08004e70   0x08004e70   0x00000014   Code   RO         4515    i.SX1276GetRxPacket  sx1276.o
    0x08004e84   0x08004e84   0x0000008c   Code   RO         4516    i.SX1276Init        sx1276.o
    0x08004f10   0x08004f10   0x00000048   Code   RO         4184    i.SX1276InitIo      sx1276-hal.o
    0x08004f58   0x08004f58   0x00000024   Code   RO         5101    i.SX1276LoRaGetErrorCoding  sx1276-loramisc.o
    0x08004f7c   0x08004f7c   0x00000050   Code   RO         5113    i.SX1276LoRaGetRFFrequency  sx1276-loramisc.o
    0x08004fcc   0x08004fcc   0x0000004c   Code   RO         5114    i.SX1276LoRaGetRFPower  sx1276-loramisc.o
    0x08005018   0x08005018   0x0000001c   Code   RO         4983    i.SX1276LoRaGetRxPacket  sx1276-lora.o
    0x08005034   0x08005034   0x0000000c   Code   RO         5115    i.SX1276LoRaGetRxPacketTimeout  sx1276-loramisc.o
    0x08005040   0x08005040   0x00000024   Code   RO         5117    i.SX1276LoRaGetSignalBandwidth  sx1276-loramisc.o
    0x08005064   0x08005064   0x00000024   Code   RO         5118    i.SX1276LoRaGetSpreadingFactor  sx1276-loramisc.o
    0x08005088   0x08005088   0x0000000c   Code   RO         5120    i.SX1276LoRaGetTxPacketTimeout  sx1276-loramisc.o
    0x08005094   0x08005094   0x000000a8   Code   RO         4984    i.SX1276LoRaInit    sx1276-lora.o
    0x0800513c   0x0800513c   0x00000468   Code   RO         4985    i.SX1276LoRaProcess  sx1276-lora.o
    0x080055a4   0x080055a4   0x0000001c   Code   RO         4987    i.SX1276LoRaReadRxGain  sx1276-lora.o
    0x080055c0   0x080055c0   0x00000010   Code   RO         4989    i.SX1276LoRaSetDefaults  sx1276-lora.o
    0x080055d0   0x080055d0   0x00000034   Code   RO         5121    i.SX1276LoRaSetErrorCoding  sx1276-loramisc.o
    0x08005604   0x08005604   0x00000030   Code   RO         5124    i.SX1276LoRaSetImplicitHeaderOn  sx1276-loramisc.o
    0x08005634   0x08005634   0x00000030   Code   RO         5125    i.SX1276LoRaSetLowDatarateOptimize  sx1276-loramisc.o
    0x08005664   0x08005664   0x00000030   Code   RO         5126    i.SX1276LoRaSetNbTrigPeaks  sx1276-loramisc.o
    0x08005694   0x08005694   0x00000044   Code   RO         4990    i.SX1276LoRaSetOpMode  sx1276-lora.o
    0x080056d8   0x080056d8   0x0000002c   Code   RO         5127    i.SX1276LoRaSetPAOutput  sx1276-loramisc.o
    0x08005704   0x08005704   0x00000044   Code   RO         5128    i.SX1276LoRaSetPa20dBm  sx1276-loramisc.o
    0x08005748   0x08005748   0x00000034   Code   RO         5130    i.SX1276LoRaSetPacketCrcOn  sx1276-loramisc.o
    0x0800577c   0x0800577c   0x00000024   Code   RO         5131    i.SX1276LoRaSetPayloadLength  sx1276-loramisc.o
    0x080057a0   0x080057a0   0x00000044   Code   RO         5133    i.SX1276LoRaSetRFFrequency  sx1276-loramisc.o
    0x080057e4   0x080057e4   0x00000094   Code   RO         5134    i.SX1276LoRaSetRFPower  sx1276-loramisc.o
    0x08005878   0x08005878   0x0000000c   Code   RO         4991    i.SX1276LoRaSetRFState  sx1276-lora.o
    0x08005884   0x08005884   0x0000000c   Code   RO         5135    i.SX1276LoRaSetRxPacketTimeout  sx1276-loramisc.o
    0x08005890   0x08005890   0x0000000c   Code   RO         5136    i.SX1276LoRaSetRxSingleOn  sx1276-loramisc.o
    0x0800589c   0x0800589c   0x00000030   Code   RO         5137    i.SX1276LoRaSetSignalBandwidth  sx1276-loramisc.o
    0x080058cc   0x080058cc   0x00000054   Code   RO         5138    i.SX1276LoRaSetSpreadingFactor  sx1276-loramisc.o
    0x08005920   0x08005920   0x00000038   Code   RO         5139    i.SX1276LoRaSetSymbTimeout  sx1276-loramisc.o
    0x08005958   0x08005958   0x00000028   Code   RO         4992    i.SX1276LoRaSetTxPacket  sx1276-lora.o
    0x08005980   0x08005980   0x0000000c   Code   RO         5140    i.SX1276LoRaSetTxPacketTimeout  sx1276-loramisc.o
    0x0800598c   0x0800598c   0x00000014   Code   RO         4517    i.SX1276Process     sx1276.o
    0x080059a0   0x080059a0   0x00000006   Code   RO         4185    i.SX1276Read        sx1276-hal.o
    0x080059a6   0x080059a6   0x00000002   PAD
    0x080059a8   0x080059a8   0x0000004c   Code   RO         4186    i.SX1276ReadBuffer  sx1276-hal.o
    0x080059f4   0x080059f4   0x0000001c   Code   RO         4187    i.SX1276ReadDio0    sx1276-hal.o
    0x08005a10   0x08005a10   0x0000000c   Code   RO         4188    i.SX1276ReadDio1    sx1276-hal.o
    0x08005a1c   0x08005a1c   0x0000000c   Code   RO         4189    i.SX1276ReadDio2    sx1276-hal.o
    0x08005a28   0x08005a28   0x00000010   Code   RO         4190    i.SX1276ReadDio3    sx1276-hal.o
    0x08005a38   0x08005a38   0x00000010   Code   RO         4191    i.SX1276ReadDio4    sx1276-hal.o
    0x08005a48   0x08005a48   0x0000000a   Code   RO         4193    i.SX1276ReadFifo    sx1276-hal.o
    0x08005a52   0x08005a52   0x0000001e   Code   RO         4520    i.SX1276Reset       sx1276.o
    0x08005a70   0x08005a70   0x00000084   Code   RO         4521    i.SX1276SetLoRaOn   sx1276.o
    0x08005af4   0x08005af4   0x00000018   Code   RO         4194    i.SX1276SetReset    sx1276-hal.o
    0x08005b0c   0x08005b0c   0x00000014   Code   RO         4524    i.SX1276SetTxPacket  sx1276.o
    0x08005b20   0x08005b20   0x00000018   Code   RO         4525    i.SX1276StartRx     sx1276.o
    0x08005b38   0x08005b38   0x0000000c   Code   RO         4195    i.SX1276Write       sx1276-hal.o
    0x08005b44   0x08005b44   0x00000048   Code   RO         4196    i.SX1276WriteBuffer  sx1276-hal.o
    0x08005b8c   0x08005b8c   0x0000000a   Code   RO         4197    i.SX1276WriteFifo   sx1276-hal.o
    0x08005b96   0x08005b96   0x00000002   Code   RO         4198    i.SX1276WriteRxTx   sx1276-hal.o
    0x08005b98   0x08005b98   0x00000004   Code   RO           20    i.Soft_delay_ms     main.o
    0x08005b9c   0x08005b9c   0x00000020   Code   RO         4311    i.SpiInOut          spisx1278.o
    0x08005bbc   0x08005bbc   0x0000000e   Code   RO           59    i.SysTick_Handler   stm32h7xx_it.o
    0x08005bca   0x08005bca   0x00000002   PAD
    0x08005bcc   0x08005bcc   0x000000ac   Code   RO           21    i.SystemClock_Config  main.o
    0x08005c78   0x08005c78   0x00000088   Code   RO         3590    i.SystemInit        system_stm32h7xx.o
    0x08005d00   0x08005d00   0x000000c8   Code   RO         2600    i.UART_AdvFeatureConfig  stm32h7xx_hal_uart.o
    0x08005dc8   0x08005dc8   0x0000005c   Code   RO         2601    i.UART_CheckIdleState  stm32h7xx_hal_uart.o
    0x08005e24   0x08005e24   0x000004e8   Code   RO         2615    i.UART_SetConfig    stm32h7xx_hal_uart.o
    0x0800630c   0x0800630c   0x00000064   Code   RO         2617    i.UART_WaitOnFlagUntilTimeout  stm32h7xx_hal_uart.o
    0x08006370   0x08006370   0x00000002   Code   RO           60    i.UsageFault_Handler  stm32h7xx_it.o
    0x08006372   0x08006372   0x00000002   Code   RO           22    i._Error_Handler    main.o
    0x08006374   0x08006374   0x00000020   Code   RO         5621    i.__0printf         mc_w.l(printfa.o)
    0x08006394   0x08006394   0x00000028   Code   RO         5623    i.__0sprintf        mc_w.l(printfa.o)
    0x080063bc   0x080063bc   0x00000022   Code   RO          297    i.__NVIC_SetPriority  stm32h7xx_hal_cortex.o
    0x080063de   0x080063de   0x00000002   PAD
    0x080063e0   0x080063e0   0x000000a0   Code   RO         5371    i.__hardfp_round    m_wv.l(round.o)
    0x08006480   0x08006480   0x0000000e   Code   RO         5737    i.__scatterload_copy  mc_w.l(handlers.o)
    0x0800648e   0x0800648e   0x00000002   Code   RO         5738    i.__scatterload_null  mc_w.l(handlers.o)
    0x08006490   0x08006490   0x0000000e   Code   RO         5739    i.__scatterload_zeroinit  mc_w.l(handlers.o)
    0x0800649e   0x0800649e   0x00000002   PAD
    0x080064a0   0x080064a0   0x00000184   Code   RO         5628    i._fp_digits        mc_w.l(printfa.o)
    0x08006624   0x08006624   0x000006dc   Code   RO         5629    i._printf_core      mc_w.l(printfa.o)
    0x08006d00   0x08006d00   0x00000024   Code   RO         5630    i._printf_post_padding  mc_w.l(printfa.o)
    0x08006d24   0x08006d24   0x0000002e   Code   RO         5631    i._printf_pre_padding  mc_w.l(printfa.o)
    0x08006d52   0x08006d52   0x0000000a   Code   RO         5633    i._sputc            mc_w.l(printfa.o)
    0x08006d5c   0x08006d5c   0x00000018   Code   RO         3636    i.fputc             usart.o
    0x08006d74   0x08006d74   0x00000294   Code   RO           23    i.main              main.o
    0x08007008   0x08007008   0x00000028   Code   RO           24    i.readtemp          main.o
    0x08007030   0x08007030   0x00000008   Data   RO           26    .constdata          main.o
    0x08007038   0x08007038   0x00000018   Data   RO         2618    .constdata          stm32h7xx_hal_uart.o
    0x08007050   0x08007050   0x00000010   Data   RO         3591    .constdata          system_stm32h7xx.o
    0x08007060   0x08007060   0x000005f0   Data   RO         3718    .constdata          asciilib.o
    0x08007650   0x08007650   0x00000008   Data   RO         3997    .constdata          key.o
    0x08007658   0x08007658   0x000001bc   Data   RO         4995    .constdata          sx1276-lora.o
    0x08007814   0x08007814   0x00000020   Data   RO         5735    Region$$Table       anon$$obj.o


    Execution Region RW_IRAM1 (Exec base: 0x20000000, Load base: 0x08007834, Size: 0x00000930, Max: 0x00020000, ABSOLUTE)

    Exec Addr    Load Addr    Size         Type   Attr      Idx    E Section Name        Object

    0x20000000   0x08007834   0x00000024   Data   RW           27    .data               main.o
    0x20000024   0x08007858   0x0000000c   Data   RW         1814    .data               stm32h7xx_hal.o
    0x20000030   0x08007864   0x00000004   Data   RW         3592    .data               system_stm32h7xx.o
    0x20000034   0x08007868   0x00000004   Data   RW         3593    .data               system_stm32h7xx.o
    0x20000038   0x0800786c   0x00000004   Data   RW         3769    .data               lcd.o
    0x2000003c   0x08007870   0x00000010   Data   RW         3998    .data               key.o
    0x2000004c   0x08007880   0x00000004   Data   RW         4099    .data               sx12xxeiger.o
    0x20000050   0x08007884   0x00000002   Data   RW         4527    .data               sx1276.o
    0x20000052   0x08007886   0x00000006   PAD
    0x20000058   0x0800788c   0x00000054   Data   RW         4672    .data               sx1276-fsk.o
    0x200000ac   0x080078e0   0x00000004   PAD
    0x200000b0   0x080078e4   0x0000003c   Data   RW         4996    .data               sx1276-lora.o
    0x200000ec   0x08007920   0x00000004   Data   RW         5700    .data               mc_w.l(stdout.o)
    0x200000f0        -       0x00000014   Zero   RW           25    .bss                main.o
    0x20000104        -       0x00000080   Zero   RW         3637    .bss                usart.o
    0x20000184        -       0x00000088   Zero   RW         3686    .bss                spi.o
    0x2000020c        -       0x0000004c   Zero   RW         3768    .bss                lcd.o
    0x20000258        -       0x0000004c   Zero   RW         3924    .bss                i2c.o
    0x200002a4        -       0x00000018   Zero   RW         4345    .bss                radio.o
    0x200002bc        -       0x00000070   Zero   RW         4526    .bss                sx1276.o
    0x2000032c        -       0x00000100   Zero   RW         4671    .bss                sx1276-fsk.o
    0x2000042c        -       0x00000100   Zero   RW         4994    .bss                sx1276-lora.o
    0x2000052c   0x08007924   0x00000004   PAD
    0x20000530        -       0x00000400   Zero   RW            1    STACK               startup_stm32h743xx.o


==============================================================================

Image component sizes


      Code (inc. data)   RO Data    RW Data    ZI Data      Debug   Object Name

        20          4       1520          0          0       1245   asciilib.o
       248         40          0          0         76       2870   i2c.o
       236         26          8         16          0       2929   key.o
      7018        118          0          4         76      23104   lcd.o
      2062        560          8         36         20       1528   main.o
        56         28          0          0         24       1912   radio.o
       312         32          0          0        136       1897   spi.o
        32          6          0          0          0        639   spisx1278.o
        36          8        664          0       1024        872   startup_stm32h743xx.o
       156         24          0         12          0       4234   stm32h7xx_hal.o
       324         18          0          0          0      41584   stm32h7xx_hal_cortex.o
       528         50          0          0          0       4076   stm32h7xx_hal_gpio.o
      1114         26          0          0          0      11084   stm32h7xx_hal_i2c.o
        88          0          0          0          0       1231   stm32h7xx_hal_i2c_ex.o
       112          6          0          0          0        934   stm32h7xx_hal_msp.o
      2108         78          0          0          0       6620   stm32h7xx_hal_rcc.o
       672         62          0          0          0       3967   stm32h7xx_hal_rcc_ex.o
      1368         12          0          0          0       5037   stm32h7xx_hal_spi.o
       102          4          0          0          0       1859   stm32h7xx_hal_sram.o
      1936        114         24          0          0      28177   stm32h7xx_hal_uart.o
       158         16          0          0          0    1223586   stm32h7xx_it.o
       320         14          0          0          0       2976   stm32h7xx_ll_fmc.o
      1216         94          0         84        256      35455   sx1276-fsk.o
       368         50          0          0          0      10159   sx1276-hal.o
      1488         90        444         60        256      21998   sx1276-lora.o
      1124        188          0          0          0      14468   sx1276-loramisc.o
       386         80          0          2        112       5058   sx1276.o
         0          0          0          4          0        762   sx12xxeiger.o
       136         18         16          8          0       1410   system_stm32h7xx.o
       208         32          0          0        128       2290   usart.o

    ----------------------------------------------------------------------
     23954       1798       2716        236       2112    1463961   Object Totals
         0          0         32          0          0          0   (incl. Generated)
        22          0          0         10          4          0   (incl. Padding)

    ----------------------------------------------------------------------

      Code (inc. data)   RO Data    RW Data    ZI Data      Debug   Library Member Name

       160         24          0          0          0        132   round.o
         0          0          0          0          0          0   entry.o
         0          0          0          0          0          0   entry10a.o
         0          0          0          0          0          0   entry11a.o
         8          4          0          0          0          0   entry2.o
         4          0          0          0          0          0   entry5.o
         0          0          0          0          0          0   entry7b.o
         0          0          0          0          0          0   entry8b.o
         8          4          0          0          0          0   entry9a.o
        30          0          0          0          0          0   handlers.o
        36          8          0          0          0         68   init.o
         0          0          0          0          0          0   iusefp.o
        30          0          0          0          0         68   llshl.o
        36          0          0          0          0         68   llsshr.o
        32          0          0          0          0         68   llushr.o
        36          0          0          0          0         68   memcpya.o
        36          0          0          0          0        108   memseta.o
      2308         96          0          0          0        604   printfa.o
         0          0          0          4          0          0   stdout.o
        30          0          0          0          0         80   strncmp.o
        44          0          0          0          0         80   uidiv.o
        98          0          0          0          0         92   uldiv.o
        48          0          0          0          0         68   cdrcmple.o
       334          0          0          0          0        148   dadd.o
       222          0          0          0          0        100   ddiv.o
       186          0          0          0          0        176   depilogue.o
        48          0          0          0          0         68   dfixul.o
       228          0          0          0          0         96   dmul.o
       136          4          0          0          0         92   drnd.o

    ----------------------------------------------------------------------
      4102        140          0          4          0       2184   Library Totals
         4          0          0          0          0          0   (incl. Padding)

    ----------------------------------------------------------------------

      Code (inc. data)   RO Data    RW Data    ZI Data      Debug   Library Name

       160         24          0          0          0        132   m_wv.l
      2736        112          0          4          0       1304   mc_w.l
      1202          4          0          0          0        748   mf_w.l

    ----------------------------------------------------------------------
      4102        140          0          4          0       2184   Library Totals

    ----------------------------------------------------------------------

==============================================================================


      Code (inc. data)   RO Data    RW Data    ZI Data      Debug   

     28056       1938       2716        240       2112    1449357   Grand Totals
     28056       1938       2716        240       2112    1449357   ELF Image Totals
     28056       1938       2716        240          0          0   ROM Totals

==============================================================================

    Total RO  Size (Code + RO Data)                30772 (  30.05kB)
    Total RW  Size (RW Data + ZI Data)              2352 (   2.30kB)
    Total ROM Size (Code + RO Data + RW Data)      31012 (  30.29kB)

==============================================================================

