<html>
<body>
<pre>
<h1>µVision Build Log</h1>
<h2>Project:</h2>
D:\LoRa\example\usb_04_lora_txrx_led_beep_lcd_lm75_key\rvmdk\Project.uvproj
Project File Date:  09/09/2018

<h2>Output:</h2>
Build target 'Project'
assembling startup_stm32f10x_hd.s...
compiling system_stm32f10x.c...
compiling core_cm3.c...
compiling misc.c...
compiling stm32f10x_adc.c...
compiling stm32f10x_bkp.c...
compiling stm32f10x_can.c...
compiling stm32f10x_cec.c...
compiling stm32f10x_crc.c...
compiling stm32f10x_dac.c...
compiling stm32f10x_dbgmcu.c...
compiling stm32f10x_dma.c...
compiling stm32f10x_exti.c...
compiling stm32f10x_flash.c...
compiling stm32f10x_fsmc.c...
compiling stm32f10x_gpio.c...
compiling stm32f10x_i2c.c...
compiling stm32f10x_iwdg.c...
compiling stm32f10x_pwr.c...
compiling stm32f10x_rcc.c...
compiling stm32f10x_rtc.c...
compiling stm32f10x_sdio.c...
compiling stm32f10x_spi.c...
compiling stm32f10x_tim.c...
compiling stm32f10x_usart.c...
compiling stm32f10x_wwdg.c...
compiling usb_core.c...
compiling usb_init.c...
compiling usb_int.c...
compiling usb_mem.c...
compiling usb_regs.c...
compiling usb_sil.c...
compiling hw_config.c...
compiling usb_desc.c...
compiling usb_endp.c...
compiling usb_istr.c...
compiling usb_prop.c...
compiling usb_pwr.c...
compiling main.c...
..\User\delay.h(8): warning:  #1-D: last line of file ends without a newline
..\User\smbus.h(15): warning:  #1295-D: Deprecated declaration SMBus_init - give arg types
..\User\main.c(172): warning:  #223-D: function "strncmp" declared implicitly
..\User\main.c(187): warning:  #223-D: function "memcpy" declared implicitly
..\User\main.c(155): warning:  #177-D: variable "i" was declared but never referenced
..\User\main.c(266): warning:  #223-D: function "memcpy" declared implicitly
..\User\main.c(216): warning:  #177-D: variable "i" was declared but never referenced
..\User\main.c(216): warning:  #177-D: variable "j" was declared but never referenced
..\User\main.c(218): warning:  #177-D: variable "ret" was declared but never referenced
..\User\main.c(219): warning:  #177-D: variable "a" was declared but never referenced
..\User\main.c(221): warning:  #177-D: variable "count" was declared but never referenced
..\User\main.c(23): warning:  #550-D: variable "EnableMaster" was set but never used
compiling stm32f10x_it.c...
compiling delay.c...
..\User\delay.h(8): warning:  #1-D: last line of file ends without a newline
..\User\delay.c(69): warning:  #1-D: last line of file ends without a newline
..\User\delay.c(4): warning:  #550-D: variable "fac_ms" was set but never used
compiling ledpwm.c...
..\User\ledpwm.c(10): warning:  #550-D: variable "PrescalerValue" was set but never used
..\User\ledpwm.c(108): warning:  #177-D: function "timer4_PWM_Init" was declared but never referenced
compiling usart.c...
compiling usb_io.c...
..\User\usb_io.c(20): warning:  #223-D: function "LEDToggle" declared implicitly
compiling adc.c...
..\User\adc.c(2): warning:  #14-D: extra text after expected end of preprocessing directive
..\User\delay.h(8): warning:  #1-D: last line of file ends without a newline
compiling bsp.c...
..\User\delay.h(8): warning:  #1-D: last line of file ends without a newline
..\User\smbus.h(15): warning:  #1295-D: Deprecated declaration SMBus_init - give arg types
compiling smbus.c...
..\User\smbus.h(15): warning:  #1295-D: Deprecated declaration SMBus_init - give arg types
..\User\delay.h(8): warning:  #1-D: last line of file ends without a newline
..\User\smbus.c(262): warning:  #61-D: integer operation result is out of range
..\User\smbus.c(262): warning:  #68-D: integer conversion resulted in a change of sign
..\User\smbus.c(263): warning:  #61-D: integer operation result is out of range
..\User\smbus.c(263): warning:  #68-D: integer conversion resulted in a change of sign
..\User\smbus.c(272): warning:  #1-D: last line of file ends without a newline
..\User\smbus.c(118): warning: C4017W: buff may be used before being set
compiling i2c.c...
..\User\delay.h(8): warning:  #1-D: last line of file ends without a newline
..\User\i2c.c(9): warning:  #177-D: variable "GPIO_InitStructure" was declared but never referenced
..\User\i2c.c(10): warning:  #177-D: variable "I2C_InitStructure" was declared but never referenced
compiling fifo.c...
compiling spi.c...
..\User\delay.h(8): warning:  #1-D: last line of file ends without a newline
..\User\smbus.h(15): warning:  #1295-D: Deprecated declaration SMBus_init - give arg types
..\User\SX1278\platform\sx12xxEiger\spi.c(45): warning:  #223-D: function "SPI_Configuration" declared implicitly
compiling sx12xxEiger.c...
..\User\delay.h(8): warning:  #1-D: last line of file ends without a newline
..\User\smbus.h(15): warning:  #1295-D: Deprecated declaration SMBus_init - give arg types
compiling sx1232-Hal.c...
compiling sx1272-Hal.c...
compiling sx1276-Hal.c...
..\User\delay.h(8): warning:  #1-D: last line of file ends without a newline
..\User\smbus.h(15): warning:  #1295-D: Deprecated declaration SMBus_init - give arg types
..\User\SX1278\platform\sx12xxEiger\sx1276-Hal.c(258): warning:  #940-D: missing return statement at end of non-void function "SX1276ReadDio0"
compiling radio.c...
..\User\delay.h(8): warning:  #1-D: last line of file ends without a newline
..\User\smbus.h(15): warning:  #1295-D: Deprecated declaration SMBus_init - give arg types
compiling sx1232.c...
compiling sx1232-Misc.c...
compiling sx1272.c...
..\User\delay.h(8): warning:  #1-D: last line of file ends without a newline
..\User\smbus.h(15): warning:  #1295-D: Deprecated declaration SMBus_init - give arg types
compiling sx1272-Fsk.c...
compiling sx1272-FskMisc.c...
compiling sx1272-LoRa.c...
compiling sx1272-LoRaMisc.c...
compiling sx1276.c...
..\User\delay.h(8): warning:  #1-D: last line of file ends without a newline
..\User\smbus.h(15): warning:  #1295-D: Deprecated declaration SMBus_init - give arg types
..\User\SX1278\radio\sx1276.c(89): warning:  #177-D: variable "startTick" was declared but never referenced
compiling sx1276-Fsk.c...
..\User\delay.h(8): warning:  #1-D: last line of file ends without a newline
..\User\smbus.h(15): warning:  #1295-D: Deprecated declaration SMBus_init - give arg types
..\User\SX1278\radio\sx1276-Fsk.c(387): warning:  #223-D: function "round" declared implicitly
compiling sx1276-FskMisc.c...
compiling sx1276-LoRa.c...
..\User\delay.h(8): warning:  #1-D: last line of file ends without a newline
..\User\smbus.h(15): warning:  #1295-D: Deprecated declaration SMBus_init - give arg types
compiling sx1276-LoRaMisc.c...
linking...
Program Size: Code=18756 RO-data=1172 RW-data=568 ZI-data=3312  
FromELF: creating hex file...
User command #1: C:\Keil\ARM\ARMCC\bin\fromelf.exe --bin -o ./Project.bin ./Output/Project.axf
".\Output\Project.axf" - 0 Error(s), 53 Warning(s).
