ARM Linker, 5.03 [Build 69] [MDK-ARM Standard]

==============================================================================

Section Cross References

    startup_stm32f10x_hd.o(RESET) refers to startup_stm32f10x_hd.o(STACK) for __initial_sp
    startup_stm32f10x_hd.o(RESET) refers to startup_stm32f10x_hd.o(.text) for Reset_Handler
    startup_stm32f10x_hd.o(RESET) refers to stm32f10x_it.o(i.NMI_Handler) for NMI_Handler
    startup_stm32f10x_hd.o(RESET) refers to stm32f10x_it.o(i.HardFault_Handler) for HardFault_Handler
    startup_stm32f10x_hd.o(RESET) refers to stm32f10x_it.o(i.MemManage_Handler) for MemManage_Handler
    startup_stm32f10x_hd.o(RESET) refers to stm32f10x_it.o(i.BusFault_Handler) for BusFault_Handler
    startup_stm32f10x_hd.o(RESET) refers to stm32f10x_it.o(i.UsageFault_Handler) for UsageFault_Handler
    startup_stm32f10x_hd.o(RESET) refers to stm32f10x_it.o(i.SVC_Handler) for SVC_Handler
    startup_stm32f10x_hd.o(RESET) refers to stm32f10x_it.o(i.DebugMon_Handler) for DebugMon_Handler
    startup_stm32f10x_hd.o(RESET) refers to stm32f10x_it.o(i.PendSV_Handler) for PendSV_Handler
    startup_stm32f10x_hd.o(RESET) refers to stm32f10x_it.o(i.SysTick_Handler) for SysTick_Handler
    startup_stm32f10x_hd.o(RESET) refers to stm32f10x_it.o(i.EXTI0_IRQHandler) for EXTI0_IRQHandler
    startup_stm32f10x_hd.o(RESET) refers to stm32f10x_it.o(i.EXTI1_IRQHandler) for EXTI1_IRQHandler
    startup_stm32f10x_hd.o(RESET) refers to stm32f10x_it.o(i.EXTI2_IRQHandler) for EXTI2_IRQHandler
    startup_stm32f10x_hd.o(RESET) refers to stm32f10x_it.o(i.DMA1_Channel1_IRQHandler) for DMA1_Channel1_IRQHandler
    startup_stm32f10x_hd.o(RESET) refers to stm32f10x_it.o(i.USB_LP_CAN1_RX0_IRQHandler) for USB_LP_CAN1_RX0_IRQHandler
    startup_stm32f10x_hd.o(RESET) refers to stm32f10x_it.o(i.EXTI9_5_IRQHandler) for EXTI9_5_IRQHandler
    startup_stm32f10x_hd.o(RESET) refers to stm32f10x_it.o(i.TIM1_UP_IRQHandler) for TIM1_UP_IRQHandler
    startup_stm32f10x_hd.o(RESET) refers to usart.o(i.USART2_IRQHandler) for USART2_IRQHandler
    startup_stm32f10x_hd.o(RESET) refers to stm32f10x_it.o(i.EXTI15_10_IRQHandler) for EXTI15_10_IRQHandler
    startup_stm32f10x_hd.o(.text) refers to system_stm32f10x.o(i.SystemInit) for SystemInit
    startup_stm32f10x_hd.o(.text) refers to entry.o(.ARM.Collect$$$$00000000) for __main
    system_stm32f10x.o(i.SystemCoreClockUpdate) refers to system_stm32f10x.o(.data) for .data
    system_stm32f10x.o(i.SystemInit) refers to system_stm32f10x.o(i.SetSysClockTo72) for SetSysClockTo72
    stm32f10x_adc.o(i.ADC_DeInit) refers to stm32f10x_rcc.o(i.RCC_APB2PeriphResetCmd) for RCC_APB2PeriphResetCmd
    stm32f10x_bkp.o(i.BKP_DeInit) refers to stm32f10x_rcc.o(i.RCC_BackupResetCmd) for RCC_BackupResetCmd
    stm32f10x_can.o(i.CAN_DeInit) refers to stm32f10x_rcc.o(i.RCC_APB1PeriphResetCmd) for RCC_APB1PeriphResetCmd
    stm32f10x_can.o(i.CAN_GetITStatus) refers to stm32f10x_can.o(i.CheckITStatus) for CheckITStatus
    stm32f10x_cec.o(i.CEC_DeInit) refers to stm32f10x_rcc.o(i.RCC_APB1PeriphResetCmd) for RCC_APB1PeriphResetCmd
    stm32f10x_dac.o(i.DAC_DeInit) refers to stm32f10x_rcc.o(i.RCC_APB1PeriphResetCmd) for RCC_APB1PeriphResetCmd
    stm32f10x_flash.o(i.FLASH_EnableWriteProtection) refers to stm32f10x_flash.o(i.FLASH_WaitForLastOperation) for FLASH_WaitForLastOperation
    stm32f10x_flash.o(i.FLASH_EraseAllBank1Pages) refers to stm32f10x_flash.o(i.FLASH_WaitForLastBank1Operation) for FLASH_WaitForLastBank1Operation
    stm32f10x_flash.o(i.FLASH_EraseAllPages) refers to stm32f10x_flash.o(i.FLASH_WaitForLastOperation) for FLASH_WaitForLastOperation
    stm32f10x_flash.o(i.FLASH_EraseOptionBytes) refers to stm32f10x_flash.o(i.FLASH_GetReadOutProtectionStatus) for FLASH_GetReadOutProtectionStatus
    stm32f10x_flash.o(i.FLASH_EraseOptionBytes) refers to stm32f10x_flash.o(i.FLASH_WaitForLastOperation) for FLASH_WaitForLastOperation
    stm32f10x_flash.o(i.FLASH_ErasePage) refers to stm32f10x_flash.o(i.FLASH_WaitForLastOperation) for FLASH_WaitForLastOperation
    stm32f10x_flash.o(i.FLASH_ProgramHalfWord) refers to stm32f10x_flash.o(i.FLASH_WaitForLastOperation) for FLASH_WaitForLastOperation
    stm32f10x_flash.o(i.FLASH_ProgramOptionByteData) refers to stm32f10x_flash.o(i.FLASH_WaitForLastOperation) for FLASH_WaitForLastOperation
    stm32f10x_flash.o(i.FLASH_ProgramWord) refers to stm32f10x_flash.o(i.FLASH_WaitForLastOperation) for FLASH_WaitForLastOperation
    stm32f10x_flash.o(i.FLASH_ReadOutProtection) refers to stm32f10x_flash.o(i.FLASH_WaitForLastOperation) for FLASH_WaitForLastOperation
    stm32f10x_flash.o(i.FLASH_UserOptionByteConfig) refers to stm32f10x_flash.o(i.FLASH_WaitForLastOperation) for FLASH_WaitForLastOperation
    stm32f10x_flash.o(i.FLASH_WaitForLastBank1Operation) refers to stm32f10x_flash.o(i.FLASH_GetBank1Status) for FLASH_GetBank1Status
    stm32f10x_flash.o(i.FLASH_WaitForLastOperation) refers to stm32f10x_flash.o(i.FLASH_GetBank1Status) for FLASH_GetBank1Status
[...]
    .data                                    0x20000042   Section        1  hw_config.o(.data)
    .data                                    0x20000043   Section       26  usb_desc.o(.data)
    .data                                    0x20000060   Section        4  usb_endp.o(.data)
    .data                                    0x20000064   Section        4  usb_istr.o(.data)
    .data                                    0x20000068   Section       28  usb_istr.o(.data)
    .data                                    0x20000084   Section       28  usb_istr.o(.data)
    .data                                    0x200000a0   Section        2  usb_prop.o(.data)
    .data                                    0x200000a4   Section      116  usb_prop.o(.data)
    .data                                    0x20000118   Section       36  usb_prop.o(.data)
    .data                                    0x2000013c   Section        4  usb_pwr.o(.data)
    .data                                    0x20000140   Section        1  usb_pwr.o(.data)
    .data                                    0x20000141   Section        2  usb_pwr.o(.data)
    .data                                    0x20000144   Section       26  main.o(.data)
    EnableMaster                             0x20000144   Data           1  main.o(.data)
    BufferSize                               0x20000146   Data           2  main.o(.data)
    .data                                    0x20000160   Section        4  main.o(.data)
    .data                                    0x20000164   Section        4  stm32f10x_it.o(.data)
    .data                                    0x20000168   Section       44  usart.o(.data)
    .data                                    0x20000194   Section        4  sx12xxeiger.o(.data)
    .data                                    0x20000198   Section        2  sx1276.o(.data)
    LoRaOn                                   0x20000198   Data           1  sx1276.o(.data)
    LoRaOnState                              0x20000199   Data           1  sx1276.o(.data)
    .data                                    0x200001a0   Section       84  sx1276-fsk.o(.data)
    DataChunkSize                            0x200001a0   Data           1  sx1276-fsk.o(.data)
    RFState                                  0x200001a1   Data           1  sx1276-fsk.o(.data)
    PreambleDetected                         0x200001a2   Data           1  sx1276-fsk.o(.data)
    SyncWordDetected                         0x200001a3   Data           1  sx1276-fsk.o(.data)
    PacketDetected                           0x200001a4   Data           1  sx1276-fsk.o(.data)
    RxBytesRead                              0x200001a5   Data           1  sx1276-fsk.o(.data)
    TxBytesSent                              0x200001a6   Data           1  sx1276-fsk.o(.data)
    RxGain                                   0x200001a7   Data           1  sx1276-fsk.o(.data)
    opModePrev                               0x200001a8   Data           1  sx1276-fsk.o(.data)
    antennaSwitchTxOnPrev                    0x200001a9   Data           1  sx1276-fsk.o(.data)
    RxPacketSize                             0x200001aa   Data           2  sx1276-fsk.o(.data)
    TxPacketSize                             0x200001ac   Data           2  sx1276-fsk.o(.data)
    RxTimeoutTimer                           0x200001b0   Data           4  sx1276-fsk.o(.data)
    Preamble2SyncTimer                       0x200001b4   Data           4  sx1276-fsk.o(.data)
    TxTimeoutTimer                           0x200001b8   Data           4  sx1276-fsk.o(.data)
    PacketTimeout                            0x200001c0   Data           4  sx1276-fsk.o(.data)
    Preamble2SyncTimeout                     0x200001c4   Data           4  sx1276-fsk.o(.data)
    RxPacketAfcValue                         0x200001c8   Data           4  sx1276-fsk.o(.data)
    RxPacketRssiValue                        0x200001d0   Data           8  sx1276-fsk.o(.data)
    .data                                    0x200001f8   Section       60  sx1276-lora.o(.data)
    RFLRState                                0x200001f8   Data           1  sx1276-lora.o(.data)
    RxGain                                   0x200001f9   Data           1  sx1276-lora.o(.data)
    opModePrev                               0x200001fa   Data           1  sx1276-lora.o(.data)
    antennaSwitchTxOnPrev                    0x200001fb   Data           1  sx1276-lora.o(.data)
    RxPacketSnrEstimate                      0x200001fc   Data           1  sx1276-lora.o(.data)
    RxPacketSize                             0x200001fe   Data           2  sx1276-lora.o(.data)
    TxPacketSize                             0x20000200   Data           2  sx1276-lora.o(.data)
    RxTimeoutTimer                           0x20000204   Data           4  sx1276-lora.o(.data)
    PacketTimeout                            0x2000020c   Data           4  sx1276-lora.o(.data)
    RxPacketRssiValue                        0x20000210   Data           8  sx1276-lora.o(.data)
    .data                                    0x20000234   Section        4  stdout.o(.data)
    .bss                                     0x20000238   Section       28  usb_init.o(.bss)
    .bss                                     0x20000254   Section       64  usb_endp.o(.bss)
    .bss                                     0x20000294   Section       64  usb_endp.o(.bss)
    .bss                                     0x200002d4   Section       40  main.o(.bss)
    Buffer                                   0x200002d4   Data          20  main.o(.bss)
    .bss                                     0x200002fc   Section      100  usart.o(.bss)
    .bss                                     0x20000360   Section       64  usart.o(.bss)
    .bss                                     0x200003a0   Section       24  radio.o(.bss)
    .bss                                     0x200003b8   Section      112  sx1276.o(.bss)
    .bss                                     0x20000428   Section      256  sx1276-fsk.o(.bss)
    RFBuffer                                 0x20000428   Data         256  sx1276-fsk.o(.bss)
    .bss                                     0x20000528   Section      256  sx1276-lora.o(.bss)
    RFBuffer                                 0x20000528   Data         256  sx1276-lora.o(.bss)
    STACK                                    0x20000628   Section     2304  startup_stm32f10x_hd.o(STACK)

    Global Symbols

    Symbol Name                              Value     Ov Type        Size  Object(Section)

    BuildAttributes$$THM_ISAv4$P$D$K$B$S$PE$A:L22UL41UL21$X:L11$S22US41US21$IEEE1$IW$USESV6$~STKCKD$USESV7$~SHL$OTIME$ROPI$IEEEX$EBA8$MICROLIB$REQ8$PRES8$EABIv2 0x00000000   Number         0  anon$$obj.o ABSOLUTE
    __ARM_use_no_argv                        0x00000000   Number         0  main.o ABSOLUTE
    _printf_a                                0x00000000   Number         0  stubs.o ABSOLUTE
    _printf_c                                0x00000000   Number         0  stubs.o ABSOLUTE
    _printf_charcount                        0x00000000   Number         0  stubs.o ABSOLUTE
    _printf_d                                0x00000000   Number         0  stubs.o ABSOLUTE
    _printf_e                                0x00000000   Number         0  stubs.o ABSOLUTE
    _printf_f                                0x00000000   Number         0  stubs.o ABSOLUTE
    _printf_flags                            0x00000000   Number         0  stubs.o ABSOLUTE
    _printf_fp_dec                           0x00000000   Number         0  stubs.o ABSOLUTE
    _printf_fp_hex                           0x00000000   Number         0  stubs.o ABSOLUTE
    _printf_g                                0x00000000   Number         0  stubs.o ABSOLUTE
    _printf_i                                0x00000000   Number         0  stubs.o ABSOLUTE
    _printf_int_dec                          0x00000000   Number         0  stubs.o ABSOLUTE
    _printf_l                                0x00000000   Number         0  stubs.o ABSOLUTE
    _printf_lc                               0x00000000   Number         0  stubs.o ABSOLUTE
    _printf_ll                               0x00000000   Number         0  stubs.o ABSOLUTE
    _printf_lld                              0x00000000   Number         0  stubs.o ABSOLUTE
    _printf_lli                              0x00000000   Number         0  stubs.o ABSOLUTE
    _printf_llo                              0x00000000   Number         0  stubs.o ABSOLUTE
    _printf_llu                              0x00000000   Number         0  stubs.o ABSOLUTE
    _printf_llx                              0x00000000   Number         0  stubs.o ABSOLUTE
    _printf_longlong_dec                     0x00000000   Number         0  stubs.o ABSOLUTE
    _printf_longlong_hex                     0x00000000   Number         0  stubs.o ABSOLUTE
    _printf_longlong_oct                     0x00000000   Number         0  stubs.o ABSOLUTE
    _printf_ls                               0x00000000   Number         0  stubs.o ABSOLUTE
    _printf_mbtowc                           0x00000000   Number         0  stubs.o ABSOLUTE
    _printf_n                                0x00000000   Number         0  stubs.o ABSOLUTE
    _printf_o                                0x00000000   Number         0  stubs.o ABSOLUTE
    _printf_p                                0x00000000   Number         0  stubs.o ABSOLUTE
    _printf_percent                          0x00000000   Number         0  stubs.o ABSOLUTE
    _printf_pre_padding                      0x00000000   Number         0  stubs.o ABSOLUTE
    _printf_return_value                     0x00000000   Number         0  stubs.o ABSOLUTE
    _printf_s                                0x00000000   Number         0  stubs.o ABSOLUTE
    _printf_sizespec                         0x00000000   Number         0  stubs.o ABSOLUTE
    _printf_str                              0x00000000   Number         0  stubs.o ABSOLUTE
    _printf_truncate_signed                  0x00000000   Number         0  stubs.o ABSOLUTE
    _printf_truncate_unsigned                0x00000000   Number         0  stubs.o ABSOLUTE
    _printf_u                                0x00000000   Number         0  stubs.o ABSOLUTE
    _printf_wc                               0x00000000   Number         0  stubs.o ABSOLUTE
    _printf_wctomb                           0x00000000   Number         0  stubs.o ABSOLUTE
    _printf_widthprec                        0x00000000   Number         0  stubs.o ABSOLUTE
    _printf_x                                0x00000000   Number         0  stubs.o ABSOLUTE
    __cpp_initialize__aeabi_                  - Undefined Weak Reference
    __cxa_finalize                            - Undefined Weak Reference
    _clock_init                               - Undefined Weak Reference
    _microlib_exit                            - Undefined Weak Reference
    __Vectors_Size                           0x00000130   Number         0  startup_stm32f10x_hd.o ABSOLUTE
    __Vectors                                0x08004000   Data           4  startup_stm32f10x_hd.o(RESET)
    __Vectors_End                            0x08004130   Data           0  startup_stm32f10x_hd.o(RESET)
    __main                                   0x08004131   Thumb Code     0  entry.o(.ARM.Collect$$$$00000000)
    _main_stk                                0x08004131   Thumb Code     0  entry2.o(.ARM.Collect$$$$00000001)
    _main_scatterload                        0x08004135   Thumb Code     0  entry5.o(.ARM.Collect$$$$00000004)
    __main_after_scatterload                 0x08004139   Thumb Code     0  entry5.o(.ARM.Collect$$$$00000004)
    _main_clock                              0x08004139   Thumb Code     0  entry7b.o(.ARM.Collect$$$$00000008)
    _main_cpp_init                           0x08004139   Thumb Code     0  entry8b.o(.ARM.Collect$$$$0000000A)
    _main_init                               0x08004139   Thumb Code     0  entry9a.o(.ARM.Collect$$$$0000000B)
    __rt_final_cpp                           0x08004141   Thumb Code     0  entry10a.o(.ARM.Collect$$$$0000000D)
    __rt_final_exit                          0x08004141   Thumb Code     0  entry11a.o(.ARM.Collect$$$$0000000F)
    Reset_Handler                            0x08004145   Thumb Code     8  startup_stm32f10x_hd.o(.text)
    ADC1_2_IRQHandler                        0x0800415f   Thumb Code     0  startup_stm32f10x_hd.o(.text)
    ADC3_IRQHandler                          0x0800415f   Thumb Code     0  startup_stm32f10x_hd.o(.text)
    CAN1_RX1_IRQHandler                      0x0800415f   Thumb Code     0  startup_stm32f10x_hd.o(.text)
    CAN1_SCE_IRQHandler                      0x0800415f   Thumb Code     0  startup_stm32f10x_hd.o(.text)
    DMA1_Channel2_IRQHandler                 0x0800415f   Thumb Code     0  startup_stm32f10x_hd.o(.text)
    DMA1_Channel3_IRQHandler                 0x0800415f   Thumb Code     0  startup_stm32f10x_hd.o(.text)
    DMA1_Channel4_IRQHandler                 0x0800415f   Thumb Code     0  startup_stm32f10x_hd.o(.text)
    DMA1_Channel5_IRQHandler                 0x0800415f   Thumb Code     0  startup_stm32f10x_hd.o(.text)
    DMA1_Channel6_IRQHandler                 0x0800415f   Thumb Code     0  startup_stm32f10x_hd.o(.text)
    DMA1_Channel7_IRQHandler                 0x0800415f   Thumb Code     0  startup_stm32f10x_hd.o(.text)
    DMA2_Channel1_IRQHandler                 0x0800415f   Thumb Code     0  startup_stm32f10x_hd.o(.text)
    DMA2_Channel2_IRQHandler                 0x0800415f   Thumb Code     0  startup_stm32f10x_hd.o(.text)
    DMA2_Channel3_IRQHandler                 0x0800415f   Thumb Code     0  startup_stm32f10x_hd.o(.text)
    DMA2_Channel4_5_IRQHandler               0x0800415f   Thumb Code     0  startup_stm32f10x_hd.o(.text)
    EXTI3_IRQHandler                         0x0800415f   Thumb Code     0  startup_stm32f10x_hd.o(.text)
    EXTI4_IRQHandler                         0x0800415f   Thumb Code     0  startup_stm32f10x_hd.o(.text)
    FLASH_IRQHandler                         0x0800415f   Thumb Code     0  startup_stm32f10x_hd.o(.text)
    FSMC_IRQHandler                          0x0800415f   Thumb Code     0  startup_stm32f10x_hd.o(.text)
    I2C1_ER_IRQHandler                       0x0800415f   Thumb Code     0  startup_stm32f10x_hd.o(.text)
    I2C1_EV_IRQHandler                       0x0800415f   Thumb Code     0  startup_stm32f10x_hd.o(.text)
    I2C2_ER_IRQHandler                       0x0800415f   Thumb Code     0  startup_stm32f10x_hd.o(.text)
    I2C2_EV_IRQHandler                       0x0800415f   Thumb Code     0  startup_stm32f10x_hd.o(.text)
    PVD_IRQHandler                           0x0800415f   Thumb Code     0  startup_stm32f10x_hd.o(.text)
    RCC_IRQHandler                           0x0800415f   Thumb Code     0  startup_stm32f10x_hd.o(.text)
    RTCAlarm_IRQHandler                      0x0800415f   Thumb Code     0  startup_stm32f10x_hd.o(.text)
    RTC_IRQHandler                           0x0800415f   Thumb Code     0  startup_stm32f10x_hd.o(.text)
    SDIO_IRQHandler                          0x0800415f   Thumb Code     0  startup_stm32f10x_hd.o(.text)
    SPI1_IRQHandler                          0x0800415f   Thumb Code     0  startup_stm32f10x_hd.o(.text)
    SPI2_IRQHandler                          0x0800415f   Thumb Code     0  startup_stm32f10x_hd.o(.text)
    SPI3_IRQHandler                          0x0800415f   Thumb Code     0  startup_stm32f10x_hd.o(.text)
    TAMPER_IRQHandler                        0x0800415f   Thumb Code     0  startup_stm32f10x_hd.o(.text)
    TIM1_BRK_IRQHandler                      0x0800415f   Thumb Code     0  startup_stm32f10x_hd.o(.text)
    TIM1_CC_IRQHandler                       0x0800415f   Thumb Code     0  startup_stm32f10x_hd.o(.text)
    TIM1_TRG_COM_IRQHandler                  0x0800415f   Thumb Code     0  startup_stm32f10x_hd.o(.text)
    TIM2_IRQHandler                          0x0800415f   Thumb Code     0  startup_stm32f10x_hd.o(.text)
    TIM3_IRQHandler                          0x0800415f   Thumb Code     0  startup_stm32f10x_hd.o(.text)
    TIM4_IRQHandler                          0x0800415f   Thumb Code     0  startup_stm32f10x_hd.o(.text)
    TIM5_IRQHandler                          0x0800415f   Thumb Code     0  startup_stm32f10x_hd.o(.text)
    TIM6_IRQHandler                          0x0800415f   Thumb Code     0  startup_stm32f10x_hd.o(.text)
    TIM7_IRQHandler                          0x0800415f   Thumb Code     0  startup_stm32f10x_hd.o(.text)
    TIM8_BRK_IRQHandler                      0x0800415f   Thumb Code     0  startup_stm32f10x_hd.o(.text)
    TIM8_CC_IRQHandler                       0x0800415f   Thumb Code     0  startup_stm32f10x_hd.o(.text)
    TIM8_TRG_COM_IRQHandler                  0x0800415f   Thumb Code     0  startup_stm32f10x_hd.o(.text)
    TIM8_UP_IRQHandler                       0x0800415f   Thumb Code     0  startup_stm32f10x_hd.o(.text)
    UART4_IRQHandler                         0x0800415f   Thumb Code     0  startup_stm32f10x_hd.o(.text)
    UART5_IRQHandler                         0x0800415f   Thumb Code     0  startup_stm32f10x_hd.o(.text)
    USART1_IRQHandler                        0x0800415f   Thumb Code     0  startup_stm32f10x_hd.o(.text)
    USART3_IRQHandler                        0x0800415f   Thumb Code     0  startup_stm32f10x_hd.o(.text)
    USBWakeUp_IRQHandler                     0x0800415f   Thumb Code     0  startup_stm32f10x_hd.o(.text)
    USB_HP_CAN1_TX_IRQHandler                0x0800415f   Thumb Code     0  startup_stm32f10x_hd.o(.text)
    WWDG_IRQHandler                          0x0800415f   Thumb Code     0  startup_stm32f10x_hd.o(.text)
    __aeabi_memcpy                           0x08004169   Thumb Code    36  memcpya.o(.text)
    __aeabi_memcpy4                          0x08004169   Thumb Code     0  memcpya.o(.text)
    __aeabi_memcpy8                          0x08004169   Thumb Code     0  memcpya.o(.text)
    __aeabi_memset                           0x0800418d   Thumb Code    14  memseta.o(.text)
    __aeabi_memset4                          0x0800418d   Thumb Code     0  memseta.o(.text)
    __aeabi_memset8                          0x0800418d   Thumb Code     0  memseta.o(.text)
    __aeabi_memclr                           0x0800419b   Thumb Code     4  memseta.o(.text)
    __aeabi_memclr4                          0x0800419b   Thumb Code     0  memseta.o(.text)
    __aeabi_memclr8                          0x0800419b   Thumb Code     0  memseta.o(.text)
    _memset$wrapper                          0x0800419f   Thumb Code    18  memseta.o(.text)
    strncmp                                  0x080041b1   Thumb Code    30  strncmp.o(.text)
    __aeabi_dadd                             0x080041cf   Thumb Code   322  dadd.o(.text)
    __aeabi_dsub                             0x08004311   Thumb Code     6  dadd.o(.text)
    __aeabi_drsub                            0x08004317   Thumb Code     6  dadd.o(.text)
    __aeabi_dmul                             0x0800431d   Thumb Code   228  dmul.o(.text)
    __aeabi_ddiv                             0x08004401   Thumb Code   222  ddiv.o(.text)
    __ARM_scalbn                             0x080044df   Thumb Code    46  dscalb.o(.text)
    scalbn                                   0x080044df   Thumb Code     0  dscalb.o(.text)
    __aeabi_i2d                              0x0800450d   Thumb Code    34  dflti.o(.text)
    __aeabi_ui2d                             0x0800452f   Thumb Code    26  dfltui.o(.text)
    __aeabi_d2iz                             0x08004549   Thumb Code    62  dfixi.o(.text)
    __aeabi_d2uiz                            0x08004587   Thumb Code    50  dfixui.o(.text)
    __aeabi_cdcmpeq                          0x080045b9   Thumb Code     0  cdcmple.o(.text)
    __aeabi_cdcmple                          0x080045b9   Thumb Code    38  cdcmple.o(.text)
    __aeabi_uldivmod                         0x080045e1   Thumb Code    98  uldiv.o(.text)
    __aeabi_llsl                             0x08004643   Thumb Code    30  llshl.o(.text)
    _ll_shift_l                              0x08004643   Thumb Code     0  llshl.o(.text)
    __aeabi_llsr                             0x08004661   Thumb Code    32  llushr.o(.text)
    _ll_ushift_r                             0x08004661   Thumb Code     0  llushr.o(.text)
    __aeabi_lasr                             0x08004681   Thumb Code    36  llsshr.o(.text)
    _ll_sshift_r                             0x08004681   Thumb Code     0  llsshr.o(.text)
    __I$use$fp                               0x080046a5   Thumb Code     0  iusefp.o(.text)
    _double_round                            0x080046a5   Thumb Code    26  depilogue.o(.text)
    _double_epilogue                         0x080046bf   Thumb Code   164  depilogue.o(.text)
    _drnd                                    0x08004765   Thumb Code   132  drnd.o(.text)
    __aeabi_cdrcmple                         0x080047ed   Thumb Code    38  cdrcmple.o(.text)
    __scatterload                            0x08004815   Thumb Code    28  init.o(.text)
    __scatterload_rt2                        0x08004815   Thumb Code     0  init.o(.text)
    __decompress                             0x08004839   Thumb Code     0  __dczerorl2.o(.text)
    __decompress1                            0x08004839   Thumb Code    92  __dczerorl2.o(.text)
    BoardInit                                0x08004895   Thumb Code    54  sx12xxeiger.o(i.BoardInit)
    BusFault_Handler                         0x080048d5   Thumb Code     2  stm32f10x_it.o(i.BusFault_Handler)
    ByteSwap                                 0x080048d7   Thumb Code    10  usb_regs.o(i.ByteSwap)
    CTR_LP                                   0x080048e1   Thumb Code   306  usb_int.o(i.CTR_LP)
    ClearDTOG_RX                             0x08004a2d   Thumb Code    30  usb_regs.o(i.ClearDTOG_RX)
    ClearDTOG_TX                             0x08004a51   Thumb Code    30  usb_regs.o(i.ClearDTOG_TX)
    Clear_Status_Out                         0x08004a75   Thumb Code    24  usb_regs.o(i.Clear_Status_Out)
    CustomHID_Data_Setup                     0x08004a91   Thumb Code    74  usb_prop.o(i.CustomHID_Data_Setup)
    CustomHID_GetConfigDescriptor            0x08004aed   Thumb Code     6  usb_prop.o(i.CustomHID_GetConfigDescriptor)
    CustomHID_GetDeviceDescriptor            0x08004af9   Thumb Code     6  usb_prop.o(i.CustomHID_GetDeviceDescriptor)
    CustomHID_GetHIDDescriptor               0x08004b05   Thumb Code     6  usb_prop.o(i.CustomHID_GetHIDDescriptor)
    CustomHID_GetProtocolValue               0x08004b11   Thumb Code    18  usb_prop.o(i.CustomHID_GetProtocolValue)
    CustomHID_GetReportDescriptor            0x08004b2d   Thumb Code     6  usb_prop.o(i.CustomHID_GetReportDescriptor)
    CustomHID_GetStringDescriptor            0x08004b39   Thumb Code    24  usb_prop.o(i.CustomHID_GetStringDescriptor)
    CustomHID_Get_Interface_Setting          0x08004b59   Thumb Code    10  usb_prop.o(i.CustomHID_Get_Interface_Setting)
    CustomHID_NoData_Setup                   0x08004b65   Thumb Code    26  usb_prop.o(i.CustomHID_NoData_Setup)
    CustomHID_Reset                          0x08004b85   Thumb Code   170  usb_prop.o(i.CustomHID_Reset)
    CustomHID_SetConfiguration               0x08004c41   Thumb Code    18  usb_prop.o(i.CustomHID_SetConfiguration)
    CustomHID_SetDeviceAddress               0x08004c5d   Thumb Code     8  usb_prop.o(i.CustomHID_SetDeviceAddress)
    CustomHID_SetProtocol                    0x08004c69   Thumb Code    14  usb_prop.o(i.CustomHID_SetProtocol)
    CustomHID_Status_In                      0x08004c81   Thumb Code     2  usb_prop.o(i.CustomHID_Status_In)
    CustomHID_Status_Out                     0x08004c83   Thumb Code     2  usb_prop.o(i.CustomHID_Status_Out)
    CustomHID_init                           0x08004c85   Thumb Code    42  usb_prop.o(i.CustomHID_init)
    DMA1_Channel1_IRQHandler                 0x08004cc1   Thumb Code     2  stm32f10x_it.o(i.DMA1_Channel1_IRQHandler)
    DebugMon_Handler                         0x08004fb5   Thumb Code     2  stm32f10x_it.o(i.DebugMon_Handler)
    Decode_frame                             0x08004fb9   Thumb Code   130  usart.o(i.Decode_frame)
    EP1_OUT_Callback                         0x08005045   Thumb Code    40  usb_endp.o(i.EP1_OUT_Callback)
    EP2_IN_Callback                          0x08005075   Thumb Code     2  usb_endp.o(i.EP2_IN_Callback)
    EXTI0_IRQHandler                         0x08005079   Thumb Code    46  stm32f10x_it.o(i.EXTI0_IRQHandler)
    EXTI15_10_IRQHandler                     0x080050b1   Thumb Code    50  stm32f10x_it.o(i.EXTI15_10_IRQHandler)
    EXTI1_IRQHandler                         0x080050ed   Thumb Code    46  stm32f10x_it.o(i.EXTI1_IRQHandler)
    EXTI2_IRQHandler                         0x08005125   Thumb Code    46  stm32f10x_it.o(i.EXTI2_IRQHandler)
    EXTI9_5_IRQHandler                       0x0800515d   Thumb Code     2  stm32f10x_it.o(i.EXTI9_5_IRQHandler)
    EXTI_ClearITPendingBit                   0x08005161   Thumb Code     6  stm32f10x_exti.o(i.EXTI_ClearITPendingBit)
    EXTI_GetITStatus                         0x0800516d   Thumb Code    28  stm32f10x_exti.o(i.EXTI_GetITStatus)
    Enter_LowPowerMode                       0x0800518d   Thumb Code     2  hw_config.o(i.Enter_LowPowerMode)
    FLASH_ClearFlag                          0x08005191   Thumb Code     6  stm32f10x_flash.o(i.FLASH_ClearFlag)
    FLASH_ErasePage                          0x0800519d   Thumb Code    56  stm32f10x_flash.o(i.FLASH_ErasePage)
    FLASH_GetBank1Status                     0x080051d9   Thumb Code    34  stm32f10x_flash.o(i.FLASH_GetBank1Status)
    FLASH_Lock                               0x08005201   Thumb Code    12  stm32f10x_flash.o(i.FLASH_Lock)
    FLASH_PrefetchBufferCmd                  0x08005211   Thumb Code    18  stm32f10x_flash.o(i.FLASH_PrefetchBufferCmd)
    FLASH_ProgramHalfWord                    0x08005229   Thumb Code    48  stm32f10x_flash.o(i.FLASH_ProgramHalfWord)
    FLASH_ProgramWord                        0x0800525d   Thumb Code    76  stm32f10x_flash.o(i.FLASH_ProgramWord)
    FLASH_SetLatency                         0x080052ad   Thumb Code    14  stm32f10x_flash.o(i.FLASH_SetLatency)
    FLASH_Unlock                             0x080052c1   Thumb Code    12  stm32f10x_flash.o(i.FLASH_Unlock)
    FLASH_WaitForLastOperation               0x080052d9   Thumb Code    34  stm32f10x_flash.o(i.FLASH_WaitForLastOperation)
    GPIO_Configuration                       0x080052fd   Thumb Code   230  bsp.o(i.GPIO_Configuration)
    GPIO_Init                                0x08005425   Thumb Code   152  stm32f10x_gpio.o(i.GPIO_Init)
    GPIO_PinRemapConfig                      0x080054bd   Thumb Code    82  stm32f10x_gpio.o(i.GPIO_PinRemapConfig)
    GPIO_ReadInputDataBit                    0x08005515   Thumb Code    14  stm32f10x_gpio.o(i.GPIO_ReadInputDataBit)
    GPIO_ResetBits                           0x08005523   Thumb Code     4  stm32f10x_gpio.o(i.GPIO_ResetBits)
    GPIO_SetBits                             0x08005527   Thumb Code     4  stm32f10x_gpio.o(i.GPIO_SetBits)
    GPIO_WriteBit                            0x0800552b   Thumb Code    10  stm32f10x_gpio.o(i.GPIO_WriteBit)
    GetEPRxAddr                              0x08005535   Thumb Code    22  usb_regs.o(i.GetEPRxAddr)
    GetEPRxCount                             0x08005555   Thumb Code    24  usb_regs.o(i.GetEPRxCount)
    GetEPTxAddr                              0x08005575   Thumb Code    20  usb_regs.o(i.GetEPTxAddr)
    Get_SerialNum                            0x08005591   Thumb Code    44  hw_config.o(i.Get_SerialNum)
    HardFault_Handler                        0x080055c5   Thumb Code     2  stm32f10x_it.o(i.HardFault_Handler)
    In0_Process                              0x080055c9   Thumb Code    80  usb_core.o(i.In0_Process)
    LEDPWMInit                               0x0800565d   Thumb Code   368  ledpwm.o(i.LEDPWMInit)
    LEDToggle                                0x080057dd   Thumb Code    12  bsp.o(i.LEDToggle)
    Leave_LowPowerMode                       0x080057ed   Thumb Code     2  hw_config.o(i.Leave_LowPowerMode)
    MemManage_Handler                        0x080057ef   Thumb Code     2  stm32f10x_it.o(i.MemManage_Handler)
    NMI_Handler                              0x080057f1   Thumb Code     2  stm32f10x_it.o(i.NMI_Handler)
    NOP_Process                              0x080057f3   Thumb Code     2  usb_core.o(i.NOP_Process)
    NVIC_Init                                0x080057f5   Thumb Code    90  misc.o(i.NVIC_Init)
    NVIC_PriorityGroupConfig                 0x08005859   Thumb Code    10  misc.o(i.NVIC_PriorityGroupConfig)
    NVIC_SetVectorTable                      0x0800586d   Thumb Code    12  misc.o(i.NVIC_SetVectorTable)
    OnMaster                                 0x08005955   Thumb Code   212  main.o(i.OnMaster)
    Out0_Process                             0x08005a51   Thumb Code    62  usb_core.o(i.Out0_Process)
    PMAToUserBufferCopy                      0x08005a99   Thumb Code    26  usb_mem.o(i.PMAToUserBufferCopy)
    PendSV_Handler                           0x08005ab9   Thumb Code     2  stm32f10x_it.o(i.PendSV_Handler)
    Post0_Process                            0x08005abd   Thumb Code    52  usb_core.o(i.Post0_Process)
    PowerOn                                  0x08005b01   Thumb Code    36  usb_pwr.o(i.PowerOn)
    RCC_APB1PeriphClockCmd                   0x08005b2d   Thumb Code    18  stm32f10x_rcc.o(i.RCC_APB1PeriphClockCmd)
    RCC_APB1PeriphResetCmd                   0x08005b45   Thumb Code    18  stm32f10x_rcc.o(i.RCC_APB1PeriphResetCmd)
    RCC_APB2PeriphClockCmd                   0x08005b5d   Thumb Code    18  stm32f10x_rcc.o(i.RCC_APB2PeriphClockCmd)
    RCC_APB2PeriphResetCmd                   0x08005b75   Thumb Code    18  stm32f10x_rcc.o(i.RCC_APB2PeriphResetCmd)
    RCC_Configuration                        0x08005b8d   Thumb Code    10  bsp.o(i.RCC_Configuration)
    RCC_DeInit                               0x08005b99   Thumb Code    50  stm32f10x_rcc.o(i.RCC_DeInit)
    RCC_GetClocksFreq                        0x08005bd9   Thumb Code   132  stm32f10x_rcc.o(i.RCC_GetClocksFreq)
    RCC_GetFlagStatus                        0x08005c6d   Thumb Code    42  stm32f10x_rcc.o(i.RCC_GetFlagStatus)
    RCC_GetSYSCLKSource                      0x08005c9d   Thumb Code    10  stm32f10x_rcc.o(i.RCC_GetSYSCLKSource)
    RCC_HCLKConfig                           0x08005cad   Thumb Code    14  stm32f10x_rcc.o(i.RCC_HCLKConfig)
    RCC_HSEConfig                            0x08005cc1   Thumb Code    48  stm32f10x_rcc.o(i.RCC_HSEConfig)
    RCC_PCLK1Config                          0x08005cf5   Thumb Code    14  stm32f10x_rcc.o(i.RCC_PCLK1Config)
    RCC_PCLK2Config                          0x08005d09   Thumb Code    16  stm32f10x_rcc.o(i.RCC_PCLK2Config)
    RCC_PLLCmd                               0x08005d1d   Thumb Code     6  stm32f10x_rcc.o(i.RCC_PLLCmd)
    RCC_PLLConfig                            0x08005d29   Thumb Code    16  stm32f10x_rcc.o(i.RCC_PLLConfig)
    RCC_SYSCLKConfig                         0x08005d3d   Thumb Code    14  stm32f10x_rcc.o(i.RCC_SYSCLKConfig)
    RCC_USBCLKConfig                         0x08005d51   Thumb Code     6  stm32f10x_rcc.o(i.RCC_USBCLKConfig)
    RCC_WaitForHSEStartUp                    0x08005d5d   Thumb Code    44  stm32f10x_rcc.o(i.RCC_WaitForHSEStartUp)
    RadioDriverInit                          0x08005d89   Thumb Code    28  radio.o(i.RadioDriverInit)
    Resume                                   0x08005dc1   Thumb Code   116  usb_pwr.o(i.Resume)
    Resume_Init                              0x08005e3d   Thumb Code    26  usb_pwr.o(i.Resume_Init)
    SPI_Cmd                                  0x08005e5d   Thumb Code    20  stm32f10x_spi.o(i.SPI_Cmd)
    SPI_Configuration                        0x08005e71   Thumb Code   260  bsp.o(i.SPI_Configuration)
    SPI_I2S_GetFlagStatus                    0x08005fa9   Thumb Code    14  stm32f10x_spi.o(i.SPI_I2S_GetFlagStatus)
    SPI_I2S_ReceiveData                      0x08005fb7   Thumb Code     4  stm32f10x_spi.o(i.SPI_I2S_ReceiveData)
    SPI_I2S_SendData                         0x08005fbb   Thumb Code     4  stm32f10x_spi.o(i.SPI_I2S_SendData)
    SPI_Init                                 0x08005fbf   Thumb Code    56  stm32f10x_spi.o(i.SPI_Init)
    SVC_Handler                              0x08005ff7   Thumb Code     2  stm32f10x_it.o(i.SVC_Handler)
    SX1276FskGetPacketPayloadSize            0x08005ff9   Thumb Code    50  sx1276-fsk.o(i.SX1276FskGetPacketPayloadSize)
    SX1276FskGetRxPacket                     0x08006031   Thumb Code    18  sx1276-fsk.o(i.SX1276FskGetRxPacket)
    SX1276FskProcess                         0x0800604d   Thumb Code   854  sx1276-fsk.o(i.SX1276FskProcess)
    SX1276FskReadAfc                         0x080063b9   Thumb Code    44  sx1276-fsk.o(i.SX1276FskReadAfc)
    SX1276FskReadRssi                        0x080063ed   Thumb Code    34  sx1276-fsk.o(i.SX1276FskReadRssi)
    SX1276FskReadRxGain                      0x08006419   Thumb Code    22  sx1276-fsk.o(i.SX1276FskReadRxGain)
    SX1276FskSetOpMode                       0x08006435   Thumb Code    64  sx1276-fsk.o(i.SX1276FskSetOpMode)
    SX1276FskSetRFState                      0x08006479   Thumb Code     6  sx1276-fsk.o(i.SX1276FskSetRFState)
    SX1276FskSetTxPacket                     0x08006485   Thumb Code    22  sx1276-fsk.o(i.SX1276FskSetTxPacket)
    SX1276GetRxPacket                        0x080064a5   Thumb Code    14  sx1276.o(i.SX1276GetRxPacket)
    SX1276Init                               0x080064b9   Thumb Code    80  sx1276.o(i.SX1276Init)
    SX1276InitIo                             0x08006531   Thumb Code   120  sx1276-hal.o(i.SX1276InitIo)
    SX1276LoRaGetRFFrequency                 0x080065b5   Thumb Code    54  sx1276-loramisc.o(i.SX1276LoRaGetRFFrequency)
    SX1276LoRaGetRxPacket                    0x080065f9   Thumb Code    16  sx1276-lora.o(i.SX1276LoRaGetRxPacket)
    SX1276LoRaInit                           0x08006611   Thumb Code   152  sx1276-lora.o(i.SX1276LoRaInit)
    SX1276LoRaProcess                        0x080066b5   Thumb Code  1170  sx1276-lora.o(i.SX1276LoRaProcess)
    SX1276LoRaReadRxGain                     0x08006b49   Thumb Code    22  sx1276-lora.o(i.SX1276LoRaReadRxGain)
    SX1276LoRaSetDefaults                    0x08006b65   Thumb Code    12  sx1276-lora.o(i.SX1276LoRaSetDefaults)
    SX1276LoRaSetErrorCoding                 0x08006b75   Thumb Code    44  sx1276-loramisc.o(i.SX1276LoRaSetErrorCoding)
    SX1276LoRaSetImplicitHeaderOn            0x08006ba9   Thumb Code    40  sx1276-loramisc.o(i.SX1276LoRaSetImplicitHeaderOn)
    SX1276LoRaSetLowDatarateOptimize         0x08006bd9   Thumb Code    42  sx1276-loramisc.o(i.SX1276LoRaSetLowDatarateOptimize)
    SX1276LoRaSetNbTrigPeaks                 0x08006c09   Thumb Code    40  sx1276-loramisc.o(i.SX1276LoRaSetNbTrigPeaks)
    SX1276LoRaSetOpMode                      0x08006c35   Thumb Code    64  sx1276-lora.o(i.SX1276LoRaSetOpMode)
    SX1276LoRaSetPAOutput                    0x08006c79   Thumb Code    38  sx1276-loramisc.o(i.SX1276LoRaSetPAOutput)
    SX1276LoRaSetPa20dBm                     0x08006ca5   Thumb Code    60  sx1276-loramisc.o(i.SX1276LoRaSetPa20dBm)
    SX1276LoRaSetPacketCrcOn                 0x08006ce5   Thumb Code    42  sx1276-loramisc.o(i.SX1276LoRaSetPacketCrcOn)
    SX1276LoRaSetPayloadLength               0x08006d19   Thumb Code    26  sx1276-loramisc.o(i.SX1276LoRaSetPayloadLength)
    SX1276LoRaSetRFFrequency                 0x08006d3d   Thumb Code    62  sx1276-loramisc.o(i.SX1276LoRaSetRFFrequency)
    SX1276LoRaSetRFPower                     0x08006d91   Thumb Code   146  sx1276-loramisc.o(i.SX1276LoRaSetRFPower)
    SX1276LoRaSetRFState                     0x08006e2d   Thumb Code     6  sx1276-lora.o(i.SX1276LoRaSetRFState)
    SX1276LoRaSetRxPacketTimeout             0x08006e39   Thumb Code     6  sx1276-loramisc.o(i.SX1276LoRaSetRxPacketTimeout)
    SX1276LoRaSetSignalBandwidth             0x08006e45   Thumb Code    40  sx1276-loramisc.o(i.SX1276LoRaSetSignalBandwidth)
    SX1276LoRaSetSpreadingFactor             0x08006e75   Thumb Code    74  sx1276-loramisc.o(i.SX1276LoRaSetSpreadingFactor)
    SX1276LoRaSetSymbTimeout                 0x08006ec9   Thumb Code    52  sx1276-loramisc.o(i.SX1276LoRaSetSymbTimeout)
    SX1276LoRaSetTxPacket                    0x08006f01   Thumb Code    32  sx1276-lora.o(i.SX1276LoRaSetTxPacket)
    SX1276LoRaSetTxPacketTimeout             0x08006f29   Thumb Code     6  sx1276-loramisc.o(i.SX1276LoRaSetTxPacketTimeout)
    SX1276Process                            0x08006f35   Thumb Code    14  sx1276.o(i.SX1276Process)
    SX1276Read                               0x08006f49   Thumb Code     6  sx1276-hal.o(i.SX1276Read)
    SX1276ReadBuffer                         0x08006f51   Thumb Code    96  sx1276-hal.o(i.SX1276ReadBuffer)
    SX1276ReadDio0                           0x08006fbd   Thumb Code    22  sx1276-hal.o(i.SX1276ReadDio0)
    SX1276ReadDio1                           0x08006fe1   Thumb Code     8  sx1276-hal.o(i.SX1276ReadDio1)
    SX1276ReadDio2                           0x08006fed   Thumb Code     8  sx1276-hal.o(i.SX1276ReadDio2)
    SX1276ReadDio3                           0x08006ff9   Thumb Code    10  sx1276-hal.o(i.SX1276ReadDio3)
    SX1276ReadDio4                           0x08007009   Thumb Code    10  sx1276-hal.o(i.SX1276ReadDio4)
    SX1276ReadFifo                           0x08007019   Thumb Code    10  sx1276-hal.o(i.SX1276ReadFifo)
    SX1276Reset                              0x08007023   Thumb Code    30  sx1276.o(i.SX1276Reset)
    SX1276SetLoRaOn                          0x08007041   Thumb Code   118  sx1276.o(i.SX1276SetLoRaOn)
    SX1276SetReset                           0x080070c5   Thumb Code    52  sx1276-hal.o(i.SX1276SetReset)
    SX1276SetTxPacket                        0x08007105   Thumb Code    14  sx1276.o(i.SX1276SetTxPacket)
    SX1276StartRx                            0x08007119   Thumb Code    20  sx1276.o(i.SX1276StartRx)
    SX1276Write                              0x08007131   Thumb Code    12  sx1276-hal.o(i.SX1276Write)
    SX1276WriteBuffer                        0x0800713d   Thumb Code    94  sx1276-hal.o(i.SX1276WriteBuffer)
    SX1276WriteFifo                          0x080071a9   Thumb Code    10  sx1276-hal.o(i.SX1276WriteFifo)
    SX1276WriteRxTx                          0x080071b3   Thumb Code     2  sx1276-hal.o(i.SX1276WriteRxTx)
    SetBTABLE                                0x080071b5   Thumb Code    10  usb_regs.o(i.SetBTABLE)
    SetDeviceAddress                         0x080071c5   Thumb Code    56  usb_core.o(i.SetDeviceAddress)
    SetEPRxAddr                              0x08007205   Thumb Code    24  usb_regs.o(i.SetEPRxAddr)
    SetEPRxCount                             0x08007225   Thumb Code    54  usb_regs.o(i.SetEPRxCount)
    SetEPRxStatus                            0x08007265   Thumb Code    42  usb_regs.o(i.SetEPRxStatus)
    SetEPRxValid                             0x08007295   Thumb Code    28  usb_regs.o(i.SetEPRxValid)
    SetEPTxAddr                              0x080072b5   Thumb Code    22  usb_regs.o(i.SetEPTxAddr)
    SetEPTxCount                             0x080072d5   Thumb Code    20  usb_regs.o(i.SetEPTxCount)
    SetEPTxStatus                            0x080072f1   Thumb Code    42  usb_regs.o(i.SetEPTxStatus)
    SetEPTxValid                             0x08007321   Thumb Code    28  usb_regs.o(i.SetEPTxValid)
    SetEPType                                0x08007341   Thumb Code    20  usb_regs.o(i.SetEPType)
    Set_System                               0x08007401   Thumb Code   156  hw_config.o(i.Set_System)
    Set_USBClock                             0x080074a5   Thumb Code    20  hw_config.o(i.Set_USBClock)
    Setup0_Process                           0x080074b9   Thumb Code    92  usb_core.o(i.Setup0_Process)
    Soft_delay_ms                            0x08007521   Thumb Code    30  delay.o(i.Soft_delay_ms)
    SpiInOut                                 0x08007541   Thumb Code    34  spi.o(i.SpiInOut)
    SpiInit                                  0x08007569   Thumb Code     4  spi.o(i.SpiInit)
    Standard_ClearFeature                    0x0800756d   Thumb Code   214  usb_core.o(i.Standard_ClearFeature)
    Standard_GetConfiguration                0x08007659   Thumb Code    30  usb_core.o(i.Standard_GetConfiguration)
    Standard_GetDescriptorData               0x08007681   Thumb Code    24  usb_core.o(i.Standard_GetDescriptorData)
    Standard_GetInterface                    0x0800769d   Thumb Code    30  usb_core.o(i.Standard_GetInterface)
    Standard_GetStatus                       0x080076c5   Thumb Code   128  usb_core.o(i.Standard_GetStatus)
    Standard_SetConfiguration                0x08007755   Thumb Code    42  usb_core.o(i.Standard_SetConfiguration)
    Standard_SetDeviceFeature                0x0800778d   Thumb Code    26  usb_core.o(i.Standard_SetDeviceFeature)
    Standard_SetEndPointFeature              0x080077b1   Thumb Code   112  usb_core.o(i.Standard_SetEndPointFeature)
    Standard_SetInterface                    0x08007831   Thumb Code    60  usb_core.o(i.Standard_SetInterface)
    Sum_check                                0x08007879   Thumb Code    46  usart.o(i.Sum_check)
    Suspend                                  0x080078ad   Thumb Code    26  usb_pwr.o(i.Suspend)
    SysTick_Handler                          0x080078cd   Thumb Code    10  stm32f10x_it.o(i.SysTick_Handler)
    SystemInit                               0x080078dd   Thumb Code    64  system_stm32f10x.o(i.SystemInit)
    TIM1_UP_IRQHandler                       0x0800792d   Thumb Code    30  stm32f10x_it.o(i.TIM1_UP_IRQHandler)
    TIM_ClearFlag                            0x08007951   Thumb Code     6  stm32f10x_tim.o(i.TIM_ClearFlag)
    TIM_ClearITPendingBit                    0x08007957   Thumb Code     6  stm32f10x_tim.o(i.TIM_ClearITPendingBit)
    TIM_Cmd                                  0x0800795d   Thumb Code    20  stm32f10x_tim.o(i.TIM_Cmd)
    TIM_CtrlPWMOutputs                       0x08007971   Thumb Code    22  stm32f10x_tim.o(i.TIM_CtrlPWMOutputs)
    TIM_DeInit                               0x08007989   Thumb Code   304  stm32f10x_tim.o(i.TIM_DeInit)
    TIM_GetITStatus                          0x08007af9   Thumb Code    24  stm32f10x_tim.o(i.TIM_GetITStatus)
    TIM_ITConfig                             0x08007b11   Thumb Code    16  stm32f10x_tim.o(i.TIM_ITConfig)
    TIM_OC1Init                              0x08007b21   Thumb Code   106  stm32f10x_tim.o(i.TIM_OC1Init)
    TIM_OC1PreloadConfig                     0x08007ba1   Thumb Code    12  stm32f10x_tim.o(i.TIM_OC1PreloadConfig)
    TIM_OC2Init                              0x08007bad   Thumb Code   120  stm32f10x_tim.o(i.TIM_OC2Init)
    TIM_OC2PreloadConfig                     0x08007c2d   Thumb Code    20  stm32f10x_tim.o(i.TIM_OC2PreloadConfig)
    TIM_OC3Init                              0x08007c41   Thumb Code   116  stm32f10x_tim.o(i.TIM_OC3Init)
    TIM_OC3PreloadConfig                     0x08007cbd   Thumb Code    12  stm32f10x_tim.o(i.TIM_OC3PreloadConfig)
    TIM_OC4Init                              0x08007cc9   Thumb Code    90  stm32f10x_tim.o(i.TIM_OC4Init)
    TIM_OC4PreloadConfig                     0x08007d2d   Thumb Code    20  stm32f10x_tim.o(i.TIM_OC4PreloadConfig)
    TIM_OCStructInit                         0x08007d41   Thumb Code    20  stm32f10x_tim.o(i.TIM_OCStructInit)
    TIM_TimeBaseInit                         0x08007d55   Thumb Code   114  stm32f10x_tim.o(i.TIM_TimeBaseInit)
    Timer1_Init                              0x08007df1   Thumb Code   108  bsp.o(i.Timer1_Init)
    UART2_CommandRoute                       0x08007e61   Thumb Code    32  usart.o(i.UART2_CommandRoute)
    USART2_IRQHandler                        0x08007e89   Thumb Code    46  usart.o(i.USART2_IRQHandler)
    USART_ClearITPendingBit                  0x08007ebd   Thumb Code    12  stm32f10x_usart.o(i.USART_ClearITPendingBit)
    USART_Cmd                                0x08007ec9   Thumb Code    20  stm32f10x_usart.o(i.USART_Cmd)
    USART_Configuration                      0x08007edd   Thumb Code   112  usart.o(i.USART_Configuration)
    USART_GPIO_Configuration                 0x08007f55   Thumb Code    54  usart.o(i.USART_GPIO_Configuration)
    USART_GetFlagStatus                      0x08007f91   Thumb Code    14  stm32f10x_usart.o(i.USART_GetFlagStatus)
    USART_GetITStatus                        0x08007f9f   Thumb Code    62  stm32f10x_usart.o(i.USART_GetITStatus)
    USART_ITConfig                           0x08007fdd   Thumb Code    48  stm32f10x_usart.o(i.USART_ITConfig)
    USART_Init                               0x0800800d   Thumb Code   176  stm32f10x_usart.o(i.USART_Init)
    USART_RCC_Configuration                  0x080080c1   Thumb Code    30  usart.o(i.USART_RCC_Configuration)
    USART_ReceiveData                        0x080080df   Thumb Code     8  stm32f10x_usart.o(i.USART_ReceiveData)
    USART_SendData                           0x080080e7   Thumb Code     8  stm32f10x_usart.o(i.USART_SendData)
    USB_Cable_Config                         0x080080f1   Thumb Code    20  hw_config.o(i.USB_Cable_Config)
    USB_Init                                 0x08008109   Thumb Code    22  usb_init.o(i.USB_Init)
    USB_Interrupts_Config                    0x08008131   Thumb Code    40  hw_config.o(i.USB_Interrupts_Config)
    USB_Istr                                 0x08008159   Thumb Code   170  usb_istr.o(i.USB_Istr)
    USB_LP_CAN1_RX0_IRQHandler               0x08008219   Thumb Code     4  stm32f10x_it.o(i.USB_LP_CAN1_RX0_IRQHandler)
    USB_SendString                           0x0800821d   Thumb Code    54  usb_io.o(i.USB_SendString)
    UsageFault_Handler                       0x08008259   Thumb Code     2  stm32f10x_it.o(i.UsageFault_Handler)
    UserToPMABufferCopy                      0x0800825d   Thumb Code    34  usb_mem.o(i.UserToPMABufferCopy)
    __0printf$5                              0x08008285   Thumb Code    22  printf5.o(i.__0printf$5)
    __1printf$5                              0x08008285   Thumb Code     0  printf5.o(i.__0printf$5)
    __2printf                                0x08008285   Thumb Code     0  printf5.o(i.__0printf$5)
    __scatterload_copy                       0x080082a5   Thumb Code    14  handlers.o(i.__scatterload_copy)
    __scatterload_null                       0x080082b3   Thumb Code     2  handlers.o(i.__scatterload_null)
    __scatterload_zeroinit                   0x080082b5   Thumb Code    14  handlers.o(i.__scatterload_zeroinit)
    bsp_init                                 0x08008585   Thumb Code   108  bsp.o(i.bsp_init)
    delay_ms                                 0x0800863d   Thumb Code     4  delay.o(i.delay_ms)
    fputc                                    0x08008641   Thumb Code    30  usart.o(i.fputc)
    main                                     0x08008665   Thumb Code   312  main.o(i.main)
    read_lora_setting_from_Flash             0x08008849   Thumb Code    78  main.o(i.read_lora_setting_from_Flash)
    round                                    0x080088ad   Thumb Code   138  round.o(i.round)
    set_lora_para                            0x08008945   Thumb Code   108  main.o(i.set_lora_para)
    write_lora_setting_to_Flash              0x080089e9   Thumb Code   124  main.o(i.write_lora_setting_to_Flash)
    CustomHID_DeviceDescriptor               0x08008a74   Data          18  usb_desc.o(.constdata)
    CustomHID_ConfigDescriptor               0x08008a86   Data          41  usb_desc.o(.constdata)
    CustomHID_ReportDescriptor               0x08008aaf   Data          33  usb_desc.o(.constdata)
    CustomHID_StringLangID                   0x08008ad0   Data           4  usb_desc.o(.constdata)
    CustomHID_StringVendor                   0x08008ad4   Data          20  usb_desc.o(.constdata)
    CustomHID_StringProduct                  0x08008ae8   Data          18  usb_desc.o(.constdata)
    LoraSet                                  0x08008afc   Data         132  main.o(.constdata)
    SignalBwLog                              0x08008b80   Data          80  sx1276-lora.o(.constdata)
    RssiOffsetLF                             0x08008bd0   Data          80  sx1276-lora.o(.constdata)
    RssiOffsetHF                             0x08008c20   Data          80  sx1276-lora.o(.constdata)
    HoppingFrequencies                       0x08008c70   Data         204  sx1276-lora.o(.constdata)
    Region$$Table$$Base                      0x08008db8   Number         0  anon$$obj.o(Region$$Table)
    Region$$Table$$Limit                     0x08008dd8   Number         0  anon$$obj.o(Region$$Table)
    SystemCoreClock                          0x20000000   Data           4  system_stm32f10x.o(.data)
    AHBPrescTable                            0x20000004   Data          16  system_stm32f10x.o(.data)
    Data_Mul_MaxPacketSize                   0x20000028   Data           1  usb_core.o(.data)
    StatusInfo                               0x2000002a   Data           2  usb_core.o(.data)
    EPindex                                  0x2000002c   Data           1  usb_init.o(.data)
    pInformation                             0x20000030   Data           4  usb_init.o(.data)
    pProperty                                0x20000034   Data           4  usb_init.o(.data)
    pUser_Standard_Requests                  0x20000038   Data           4  usb_init.o(.data)
    wInterrupt_Mask                          0x2000003c   Data           2  usb_init.o(.data)
    SaveRState                               0x2000003e   Data           2  usb_int.o(.data)
    SaveTState                               0x20000040   Data           2  usb_int.o(.data)
    HSEStartUpStatus                         0x20000042   Data           1  hw_config.o(.data)
    CustomHID_StringSerial                   0x20000043   Data          26  usb_desc.o(.data)
    EP1_ReceivedCount                        0x20000060   Data           4  usb_endp.o(.data)
    bIntPackSOF                              0x20000064   Data           1  usb_istr.o(.data)
    wIstr                                    0x20000066   Data           2  usb_istr.o(.data)
    pEpInt_IN                                0x20000068   Data          28  usb_istr.o(.data)
    pEpInt_OUT                               0x20000084   Data          28  usb_istr.o(.data)
    Device_Table                             0x200000a0   Data           2  usb_prop.o(.data)
    ProtocolValue                            0x200000a4   Data           4  usb_prop.o(.data)
    Device_Descriptor                        0x200000a8   Data           8  usb_prop.o(.data)
    Config_Descriptor                        0x200000b0   Data           8  usb_prop.o(.data)
    CustomHID_Report_Descriptor              0x200000b8   Data           8  usb_prop.o(.data)
    CustomHID_Hid_Descriptor                 0x200000c0   Data           8  usb_prop.o(.data)
    Device_Property                          0x200000c8   Data          48  usb_prop.o(.data)
    String_Descriptor                        0x200000f8   Data          32  usb_prop.o(.data)
    User_Standard_Requests                   0x20000118   Data          36  usb_prop.o(.data)
    bDeviceState                             0x2000013c   Data           4  usb_pwr.o(.data)
    fSuspendEnabled                          0x20000140   Data           1  usb_pwr.o(.data)
    ResumeS                                  0x20000141   Data           2  usb_pwr.o(.data)
    MachType                                 0x20000145   Data           1  main.o(.data)
    ID                                       0x20000148   Data           2  main.o(.data)
    UpdateAddress                            0x2000014c   Data           4  main.o(.data)
    Radio                                    0x20000150   Data           4  main.o(.data)
    PingMsg                                  0x20000154   Data           5  main.o(.data)
    PongMsg                                  0x20000159   Data           5  main.o(.data)
    TypeAddress                              0x20000160   Data           4  main.o(.data)
    i                                        0x20000164   Data           4  stm32f10x_it.o(.data)
    rx_wr_index                              0x20000168   Data           1  usart.o(.data)
    RC_Flag                                  0x20000169   Data           1  usart.o(.data)
    ax                                       0x2000016a   Data           2  usart.o(.data)
    ay                                       0x2000016c   Data           2  usart.o(.data)
    az                                       0x2000016e   Data           2  usart.o(.data)
    gx                                       0x20000170   Data           2  usart.o(.data)
    gy                                       0x20000172   Data           2  usart.o(.data)
    gz                                       0x20000174   Data           2  usart.o(.data)
    hx                                       0x20000176   Data           2  usart.o(.data)
    hy                                       0x20000178   Data           2  usart.o(.data)
    hz                                       0x2000017a   Data           2  usart.o(.data)
    yaw                                      0x2000017c   Data           4  usart.o(.data)
    pitch                                    0x20000180   Data           4  usart.o(.data)
    roll                                     0x20000184   Data           4  usart.o(.data)
    alt                                      0x20000188   Data           4  usart.o(.data)
    tempr                                    0x2000018c   Data           4  usart.o(.data)
    press                                    0x20000190   Data           4  usart.o(.data)
    TickCounter                              0x20000194   Data           4  sx12xxeiger.o(.data)
    SX1276                                   0x200001bc   Data           4  sx1276-fsk.o(.data)
    FskSettings                              0x200001d8   Data          28  sx1276-fsk.o(.data)
    SX1276LR                                 0x20000208   Data           4  sx1276-lora.o(.data)
    LoRaSettings                             0x20000218   Data          28  sx1276-lora.o(.data)
    __stdout                                 0x20000234   Data           4  stdout.o(.data)
    Device_Info                              0x20000238   Data          28  usb_init.o(.bss)
    USB_Receive_Buffer                       0x20000254   Data          64  usb_endp.o(.bss)
    USB_Send_Buffer                          0x20000294   Data          64  usb_endp.o(.bss)
    cmd_buffer                               0x200002e8   Data          20  main.o(.bss)
    rx_buffer                                0x200002fc   Data         100  usart.o(.bss)
    usb_data                                 0x20000360   Data          64  usart.o(.bss)
    RadioDriver                              0x200003a0   Data          24  radio.o(.bss)
    SX1276Regs                               0x200003b8   Data         112  sx1276.o(.bss)
    __initial_sp                             0x20000f28   Data           0  startup_stm32f10x_hd.o(STACK)



==============================================================================

Memory Map of the image

  Image Entry point : 0x08004131

  Load Region LR_IROM1 (Base: 0x08004000, Size: 0x00005010, Max: 0x00010000, ABSOLUTE, COMPRESSED[0x00004eb0])

    Execution Region ER_IROM1 (Base: 0x08004000, Size: 0x00004dd8, Max: 0x00010000, ABSOLUTE)

    Base Addr    Size         Type   Attr      Idx    E Section Name        Object

    0x08004000   0x00000130   Data   RO            3    RESET               startup_stm32f10x_hd.o
    0x08004130   0x00000000   Code   RO         5793  * .ARM.Collect$$$$00000000  mc_w.l(entry.o)
    0x08004130   0x00000004   Code   RO         6104    .ARM.Collect$$$$00000001  mc_w.l(entry2.o)
    0x08004134   0x00000004   Code   RO         6107    .ARM.Collect$$$$00000004  mc_w.l(entry5.o)
    0x08004138   0x00000000   Code   RO         6109    .ARM.Collect$$$$00000008  mc_w.l(entry7b.o)
    0x08004138   0x00000000   Code   RO         6111    .ARM.Collect$$$$0000000A  mc_w.l(entry8b.o)
    0x08004138   0x00000008   Code   RO         6112    .ARM.Collect$$$$0000000B  mc_w.l(entry9a.o)
    0x08004140   0x00000000   Code   RO         6114    .ARM.Collect$$$$0000000D  mc_w.l(entry10a.o)
    0x08004140   0x00000000   Code   RO         6116    .ARM.Collect$$$$0000000F  mc_w.l(entry11a.o)
    0x08004140   0x00000004   Code   RO         6105    .ARM.Collect$$$$00002712  mc_w.l(entry2.o)
    0x08004144   0x00000024   Code   RO            4    .text               startup_stm32f10x_hd.o
    0x08004168   0x00000024   Code   RO         5796    .text               mc_w.l(memcpya.o)
    0x0800418c   0x00000024   Code   RO         5798    .text               mc_w.l(memseta.o)
    0x080041b0   0x0000001e   Code   RO         5800    .text               mc_w.l(strncmp.o)
    0x080041ce   0x0000014e   Code   RO         6069    .text               mf_w.l(dadd.o)
    0x0800431c   0x000000e4   Code   RO         6071    .text               mf_w.l(dmul.o)
    0x08004400   0x000000de   Code   RO         6073    .text               mf_w.l(ddiv.o)
    0x080044de   0x0000002e   Code   RO         6075    .text               mf_w.l(dscalb.o)
    0x0800450c   0x00000022   Code   RO         6079    .text               mf_w.l(dflti.o)
    0x0800452e   0x0000001a   Code   RO         6081    .text               mf_w.l(dfltui.o)
    0x08004548   0x0000003e   Code   RO         6083    .text               mf_w.l(dfixi.o)
    0x08004586   0x00000032   Code   RO         6085    .text               mf_w.l(dfixui.o)
    0x080045b8   0x00000028   Code   RO         6087    .text               mf_w.l(cdcmple.o)
    0x080045e0   0x00000062   Code   RO         6121    .text               mc_w.l(uldiv.o)
    0x08004642   0x0000001e   Code   RO         6123    .text               mc_w.l(llshl.o)
    0x08004660   0x00000020   Code   RO         6125    .text               mc_w.l(llushr.o)
    0x08004680   0x00000024   Code   RO         6127    .text               mc_w.l(llsshr.o)
    0x080046a4   0x00000000   Code   RO         6136    .text               mc_w.l(iusefp.o)
    0x080046a4   0x000000be   Code   RO         6139    .text               mf_w.l(depilogue.o)
    0x08004762   0x00000002   PAD
    0x08004764   0x00000088   Code   RO         6141    .text               mf_w.l(drnd.o)
    0x080047ec   0x00000028   Code   RO         6145    .text               mf_w.l(cdrcmple.o)
    0x08004814   0x00000024   Code   RO         6147    .text               mc_w.l(init.o)
    0x08004838   0x0000005c   Code   RO         6159    .text               mc_w.l(__dczerorl2.o)
    0x08004894   0x00000040   Code   RO         4750    i.BoardInit         sx12xxeiger.o
    0x080048d4   0x00000002   Code   RO         4098    i.BusFault_Handler  stm32f10x_it.o
    0x080048d6   0x0000000a   Code   RO         3314    i.ByteSwap          usb_regs.o
    0x080048e0   0x0000014c   Code   RO         3267    i.CTR_LP            usb_int.o
    0x08004a2c   0x00000024   Code   RO         3315    i.ClearDTOG_RX      usb_regs.o
    0x08004a50   0x00000024   Code   RO         3316    i.ClearDTOG_TX      usb_regs.o
    0x08004a74   0x0000001c   Code   RO         3321    i.Clear_Status_Out  usb_regs.o
    0x08004a90   0x0000005c   Code   RO         3842    i.CustomHID_Data_Setup  usb_prop.o
    0x08004aec   0x0000000c   Code   RO         3843    i.CustomHID_GetConfigDescriptor  usb_prop.o
    0x08004af8   0x0000000c   Code   RO         3844    i.CustomHID_GetDeviceDescriptor  usb_prop.o
    0x08004b04   0x0000000c   Code   RO         3845    i.CustomHID_GetHIDDescriptor  usb_prop.o
    0x08004b10   0x0000001c   Code   RO         3846    i.CustomHID_GetProtocolValue  usb_prop.o
    0x08004b2c   0x0000000c   Code   RO         3847    i.CustomHID_GetReportDescriptor  usb_prop.o
    0x08004b38   0x00000020   Code   RO         3848    i.CustomHID_GetStringDescriptor  usb_prop.o
    0x08004b58   0x0000000a   Code   RO         3849    i.CustomHID_Get_Interface_Setting  usb_prop.o
    0x08004b62   0x00000002   PAD
    0x08004b64   0x00000020   Code   RO         3850    i.CustomHID_NoData_Setup  usb_prop.o
    0x08004b84   0x000000bc   Code   RO         3851    i.CustomHID_Reset   usb_prop.o
    0x08004c40   0x0000001c   Code   RO         3852    i.CustomHID_SetConfiguration  usb_prop.o
    0x08004c5c   0x0000000c   Code   RO         3853    i.CustomHID_SetDeviceAddress  usb_prop.o
    0x08004c68   0x00000018   Code   RO         3854    i.CustomHID_SetProtocol  usb_prop.o
    0x08004c80   0x00000002   Code   RO         3855    i.CustomHID_Status_In  usb_prop.o
    0x08004c82   0x00000002   Code   RO         3856    i.CustomHID_Status_Out  usb_prop.o
    0x08004c84   0x0000003c   Code   RO         3857    i.CustomHID_init    usb_prop.o
    0x08004cc0   0x00000002   Code   RO         4099    i.DMA1_Channel1_IRQHandler  stm32f10x_it.o
    0x08004cc2   0x00000002   PAD
    0x08004cc4   0x000000b4   Code   RO         3085    i.DataStageIn       usb_core.o
    0x08004d78   0x000000a4   Code   RO         3086    i.DataStageOut      usb_core.o
    0x08004e1c   0x00000198   Code   RO         3087    i.Data_Setup0       usb_core.o
    0x08004fb4   0x00000002   Code   RO         4100    i.DebugMon_Handler  stm32f10x_it.o
    0x08004fb6   0x00000002   PAD
    0x08004fb8   0x0000008c   Code   RO         4324    i.Decode_frame      usart.o
    0x08005044   0x00000030   Code   RO         3793    i.EP1_OUT_Callback  usb_endp.o
    0x08005074   0x00000002   Code   RO         3794    i.EP2_IN_Callback   usb_endp.o
    0x08005076   0x00000002   PAD
    0x08005078   0x00000038   Code   RO         4101    i.EXTI0_IRQHandler  stm32f10x_it.o
    0x080050b0   0x0000003c   Code   RO         4102    i.EXTI15_10_IRQHandler  stm32f10x_it.o
    0x080050ec   0x00000038   Code   RO         4103    i.EXTI1_IRQHandler  stm32f10x_it.o
    0x08005124   0x00000038   Code   RO         4104    i.EXTI2_IRQHandler  stm32f10x_it.o
    0x0800515c   0x00000002   Code   RO         4105    i.EXTI9_5_IRQHandler  stm32f10x_it.o
    0x0800515e   0x00000002   PAD
    0x08005160   0x0000000c   Code   RO          934    i.EXTI_ClearITPendingBit  stm32f10x_exti.o
    0x0800516c   0x00000020   Code   RO          938    i.EXTI_GetITStatus  stm32f10x_exti.o
    0x0800518c   0x00000002   Code   RO         3698    i.Enter_LowPowerMode  hw_config.o
    0x0800518e   0x00000002   PAD
    0x08005190   0x0000000c   Code   RO          987    i.FLASH_ClearFlag   stm32f10x_flash.o
    0x0800519c   0x0000003c   Code   RO          992    i.FLASH_ErasePage   stm32f10x_flash.o
    0x080051d8   0x00000028   Code   RO          993    i.FLASH_GetBank1Status  stm32f10x_flash.o
    0x08005200   0x00000010   Code   RO         1002    i.FLASH_Lock        stm32f10x_flash.o
    0x08005210   0x00000018   Code   RO         1004    i.FLASH_PrefetchBufferCmd  stm32f10x_flash.o
    0x08005228   0x00000034   Code   RO         1005    i.FLASH_ProgramHalfWord  stm32f10x_flash.o
    0x0800525c   0x00000050   Code   RO         1007    i.FLASH_ProgramWord  stm32f10x_flash.o
    0x080052ac   0x00000014   Code   RO         1009    i.FLASH_SetLatency  stm32f10x_flash.o
    0x080052c0   0x00000018   Code   RO         1010    i.FLASH_Unlock      stm32f10x_flash.o
    0x080052d8   0x00000022   Code   RO         1014    i.FLASH_WaitForLastOperation  stm32f10x_flash.o
    0x080052fa   0x00000002   PAD
    0x080052fc   0x00000128   Code   RO         4444    i.GPIO_Configuration  bsp.o
    0x08005424   0x00000098   Code   RO         1285    i.GPIO_Init         stm32f10x_gpio.o
    0x080054bc   0x00000058   Code   RO         1287    i.GPIO_PinRemapConfig  stm32f10x_gpio.o
    0x08005514   0x0000000e   Code   RO         1289    i.GPIO_ReadInputDataBit  stm32f10x_gpio.o
    0x08005522   0x00000004   Code   RO         1292    i.GPIO_ResetBits    stm32f10x_gpio.o
    0x08005526   0x00000004   Code   RO         1293    i.GPIO_SetBits      stm32f10x_gpio.o
    0x0800552a   0x0000000a   Code   RO         1296    i.GPIO_WriteBit     stm32f10x_gpio.o
    0x08005534   0x00000020   Code   RO         3333    i.GetEPRxAddr       usb_regs.o
    0x08005554   0x00000020   Code   RO         3334    i.GetEPRxCount      usb_regs.o
    0x08005574   0x0000001c   Code   RO         3336    i.GetEPTxAddr       usb_regs.o
    0x08005590   0x00000034   Code   RO         3700    i.Get_SerialNum     hw_config.o
    0x080055c4   0x00000002   Code   RO         4106    i.HardFault_Handler  stm32f10x_it.o
    0x080055c6   0x00000002   PAD
    0x080055c8   0x0000005c   Code   RO         3088    i.In0_Process       usb_core.o
    0x08005624   0x00000036   Code   RO         3701    i.IntToUnicode      hw_config.o
    0x0800565a   0x00000002   PAD
    0x0800565c   0x00000180   Code   RO         4257    i.LEDPWMInit        ledpwm.o
    0x080057dc   0x00000010   Code   RO         4445    i.LEDToggle         bsp.o
    0x080057ec   0x00000002   Code   RO         3702    i.Leave_LowPowerMode  hw_config.o
    0x080057ee   0x00000002   Code   RO         4107    i.MemManage_Handler  stm32f10x_it.o
    0x080057f0   0x00000002   Code   RO         4108    i.NMI_Handler       stm32f10x_it.o
    0x080057f2   0x00000002   Code   RO         3089    i.NOP_Process       usb_core.o
    0x080057f4   0x00000064   Code   RO          132    i.NVIC_Init         misc.o
    0x08005858   0x00000014   Code   RO          133    i.NVIC_PriorityGroupConfig  misc.o
    0x0800586c   0x00000014   Code   RO          134    i.NVIC_SetVectorTable  misc.o
    0x08005880   0x000000d4   Code   RO         3090    i.NoData_Setup0     usb_core.o
    0x08005954   0x000000fc   Code   RO         4001    i.OnMaster          main.o
    0x08005a50   0x00000048   Code   RO         3091    i.Out0_Process      usb_core.o
    0x08005a98   0x00000020   Code   RO         3296    i.PMAToUserBufferCopy  usb_mem.o
    0x08005ab8   0x00000002   Code   RO         4109    i.PendSV_Handler    stm32f10x_it.o
    0x08005aba   0x00000002   PAD
    0x08005abc   0x00000044   Code   RO         3092    i.Post0_Process     usb_core.o
    0x08005b00   0x0000002c   Code   RO         3958    i.PowerOn           usb_pwr.o
    0x08005b2c   0x00000018   Code   RO         1701    i.RCC_APB1PeriphClockCmd  stm32f10x_rcc.o
    0x08005b44   0x00000018   Code   RO         1702    i.RCC_APB1PeriphResetCmd  stm32f10x_rcc.o
    0x08005b5c   0x00000018   Code   RO         1703    i.RCC_APB2PeriphClockCmd  stm32f10x_rcc.o
    0x08005b74   0x00000018   Code   RO         1704    i.RCC_APB2PeriphResetCmd  stm32f10x_rcc.o
    0x08005b8c   0x0000000a   Code   RO         4446    i.RCC_Configuration  bsp.o
    0x08005b96   0x00000002   PAD
    0x08005b98   0x00000040   Code   RO         1710    i.RCC_DeInit        stm32f10x_rcc.o
    0x08005bd8   0x00000094   Code   RO         1711    i.RCC_GetClocksFreq  stm32f10x_rcc.o
    0x08005c6c   0x00000030   Code   RO         1712    i.RCC_GetFlagStatus  stm32f10x_rcc.o
    0x08005c9c   0x00000010   Code   RO         1714    i.RCC_GetSYSCLKSource  stm32f10x_rcc.o
    0x08005cac   0x00000014   Code   RO         1715    i.RCC_HCLKConfig    stm32f10x_rcc.o
    0x08005cc0   0x00000034   Code   RO         1716    i.RCC_HSEConfig     stm32f10x_rcc.o
    0x08005cf4   0x00000014   Code   RO         1722    i.RCC_PCLK1Config   stm32f10x_rcc.o
    0x08005d08   0x00000014   Code   RO         1723    i.RCC_PCLK2Config   stm32f10x_rcc.o
    0x08005d1c   0x0000000c   Code   RO         1724    i.RCC_PLLCmd        stm32f10x_rcc.o
    0x08005d28   0x00000014   Code   RO         1725    i.RCC_PLLConfig     stm32f10x_rcc.o
    0x08005d3c   0x00000014   Code   RO         1728    i.RCC_SYSCLKConfig  stm32f10x_rcc.o
    0x08005d50   0x0000000c   Code   RO         1729    i.RCC_USBCLKConfig  stm32f10x_rcc.o
    0x08005d5c   0x0000002c   Code   RO         1730    i.RCC_WaitForHSEStartUp  stm32f10x_rcc.o
    0x08005d88   0x00000038   Code   RO         4909    i.RadioDriverInit   radio.o
    0x08005dc0   0x0000007c   Code   RO         3959    i.Resume            usb_pwr.o
    0x08005e3c   0x00000020   Code   RO         3960    i.Resume_Init       usb_pwr.o
    0x08005e5c   0x00000014   Code   RO         2179    i.SPI_Cmd           stm32f10x_spi.o
    0x08005e70   0x00000138   Code   RO         4447    i.SPI_Configuration  bsp.o
    0x08005fa8   0x0000000e   Code   RO         2187    i.SPI_I2S_GetFlagStatus  stm32f10x_spi.o
    0x08005fb6   0x00000004   Code   RO         2190    i.SPI_I2S_ReceiveData  stm32f10x_spi.o
    0x08005fba   0x00000004   Code   RO         2191    i.SPI_I2S_SendData  stm32f10x_spi.o
    0x08005fbe   0x00000038   Code   RO         2192    i.SPI_Init          stm32f10x_spi.o
    0x08005ff6   0x00000002   Code   RO         4110    i.SVC_Handler       stm32f10x_it.o
    0x08005ff8   0x00000038   Code   RO         5112    i.SX1276FskGetPacketPayloadSize  sx1276-fsk.o
    0x08006030   0x0000001c   Code   RO         5116    i.SX1276FskGetRxPacket  sx1276-fsk.o
    0x0800604c   0x0000036c   Code   RO         5118    i.SX1276FskProcess  sx1276-fsk.o
    0x080063b8   0x00000034   Code   RO         5119    i.SX1276FskReadAfc  sx1276-fsk.o
    0x080063ec   0x0000002c   Code   RO         5121    i.SX1276FskReadRssi  sx1276-fsk.o
    0x08006418   0x0000001c   Code   RO         5122    i.SX1276FskReadRxGain  sx1276-fsk.o
    0x08006434   0x00000044   Code   RO         5124    i.SX1276FskSetOpMode  sx1276-fsk.o
    0x08006478   0x0000000c   Code   RO         5125    i.SX1276FskSetRFState  sx1276-fsk.o
    0x08006484   0x00000020   Code   RO         5126    i.SX1276FskSetTxPacket  sx1276-fsk.o
    0x080064a4   0x00000014   Code   RO         4984    i.SX1276GetRxPacket  sx1276.o
    0x080064b8   0x00000078   Code   RO         4985    i.SX1276Init        sx1276.o
    0x08006530   0x00000084   Code   RO         4794    i.SX1276InitIo      sx1276-hal.o
    0x080065b4   0x00000044   Code   RO         5546    i.SX1276LoRaGetRFFrequency  sx1276-loramisc.o
    0x080065f8   0x00000018   Code   RO         5431    i.SX1276LoRaGetRxPacket  sx1276-lora.o
    0x08006610   0x000000a4   Code   RO         5432    i.SX1276LoRaInit    sx1276-lora.o
    0x080066b4   0x00000492   Code   RO         5433    i.SX1276LoRaProcess  sx1276-lora.o
    0x08006b46   0x00000002   PAD
    0x08006b48   0x0000001c   Code   RO         5435    i.SX1276LoRaReadRxGain  sx1276-lora.o
    0x08006b64   0x00000010   Code   RO         5437    i.SX1276LoRaSetDefaults  sx1276-lora.o
    0x08006b74   0x00000034   Code   RO         5554    i.SX1276LoRaSetErrorCoding  sx1276-loramisc.o
    0x08006ba8   0x00000030   Code   RO         5557    i.SX1276LoRaSetImplicitHeaderOn  sx1276-loramisc.o
    0x08006bd8   0x00000030   Code   RO         5558    i.SX1276LoRaSetLowDatarateOptimize  sx1276-loramisc.o
    0x08006c08   0x0000002c   Code   RO         5559    i.SX1276LoRaSetNbTrigPeaks  sx1276-loramisc.o
    0x08006c34   0x00000044   Code   RO         5438    i.SX1276LoRaSetOpMode  sx1276-lora.o
    0x08006c78   0x0000002c   Code   RO         5560    i.SX1276LoRaSetPAOutput  sx1276-loramisc.o
    0x08006ca4   0x00000040   Code   RO         5561    i.SX1276LoRaSetPa20dBm  sx1276-loramisc.o
    0x08006ce4   0x00000034   Code   RO         5563    i.SX1276LoRaSetPacketCrcOn  sx1276-loramisc.o
    0x08006d18   0x00000024   Code   RO         5564    i.SX1276LoRaSetPayloadLength  sx1276-loramisc.o
    0x08006d3c   0x00000054   Code   RO         5566    i.SX1276LoRaSetRFFrequency  sx1276-loramisc.o
    0x08006d90   0x0000009c   Code   RO         5567    i.SX1276LoRaSetRFPower  sx1276-loramisc.o
    0x08006e2c   0x0000000c   Code   RO         5439    i.SX1276LoRaSetRFState  sx1276-lora.o
    0x08006e38   0x0000000c   Code   RO         5568    i.SX1276LoRaSetRxPacketTimeout  sx1276-loramisc.o
    0x08006e44   0x00000030   Code   RO         5570    i.SX1276LoRaSetSignalBandwidth  sx1276-loramisc.o
    0x08006e74   0x00000054   Code   RO         5571    i.SX1276LoRaSetSpreadingFactor  sx1276-loramisc.o
    0x08006ec8   0x00000038   Code   RO         5572    i.SX1276LoRaSetSymbTimeout  sx1276-loramisc.o
    0x08006f00   0x00000028   Code   RO         5440    i.SX1276LoRaSetTxPacket  sx1276-lora.o
    0x08006f28   0x0000000c   Code   RO         5573    i.SX1276LoRaSetTxPacketTimeout  sx1276-loramisc.o
    0x08006f34   0x00000014   Code   RO         4986    i.SX1276Process     sx1276.o
    0x08006f48   0x00000006   Code   RO         4795    i.SX1276Read        sx1276-hal.o
    0x08006f4e   0x00000002   PAD
    0x08006f50   0x0000006c   Code   RO         4796    i.SX1276ReadBuffer  sx1276-hal.o
    0x08006fbc   0x00000024   Code   RO         4797    i.SX1276ReadDio0    sx1276-hal.o
    0x08006fe0   0x0000000c   Code   RO         4798    i.SX1276ReadDio1    sx1276-hal.o
    0x08006fec   0x0000000c   Code   RO         4799    i.SX1276ReadDio2    sx1276-hal.o
    0x08006ff8   0x00000010   Code   RO         4800    i.SX1276ReadDio3    sx1276-hal.o
    0x08007008   0x00000010   Code   RO         4801    i.SX1276ReadDio4    sx1276-hal.o
    0x08007018   0x0000000a   Code   RO         4803    i.SX1276ReadFifo    sx1276-hal.o
    0x08007022   0x0000001e   Code   RO         4989    i.SX1276Reset       sx1276.o
    0x08007040   0x00000084   Code   RO         4990    i.SX1276SetLoRaOn   sx1276.o
    0x080070c4   0x00000040   Code   RO         4804    i.SX1276SetReset    sx1276-hal.o
    0x08007104   0x00000014   Code   RO         4993    i.SX1276SetTxPacket  sx1276.o
    0x08007118   0x00000018   Code   RO         4994    i.SX1276StartRx     sx1276.o
    0x08007130   0x0000000c   Code   RO         4805    i.SX1276Write       sx1276-hal.o
    0x0800713c   0x0000006c   Code   RO         4806    i.SX1276WriteBuffer  sx1276-hal.o
    0x080071a8   0x0000000a   Code   RO         4807    i.SX1276WriteFifo   sx1276-hal.o
    0x080071b2   0x00000002   Code   RO         4808    i.SX1276WriteRxTx   sx1276-hal.o
    0x080071b4   0x00000010   Code   RO         3344    i.SetBTABLE         usb_regs.o
    0x080071c4   0x00000040   Code   RO         3093    i.SetDeviceAddress  usb_core.o
    0x08007204   0x00000020   Code   RO         3358    i.SetEPRxAddr       usb_regs.o
    0x08007224   0x00000040   Code   RO         3359    i.SetEPRxCount      usb_regs.o
    0x08007264   0x00000030   Code   RO         3360    i.SetEPRxStatus     usb_regs.o
    0x08007294   0x00000020   Code   RO         3361    i.SetEPRxValid      usb_regs.o
    0x080072b4   0x00000020   Code   RO         3362    i.SetEPTxAddr       usb_regs.o
    0x080072d4   0x0000001c   Code   RO         3363    i.SetEPTxCount      usb_regs.o
    0x080072f0   0x00000030   Code   RO         3364    i.SetEPTxStatus     usb_regs.o
    0x08007320   0x00000020   Code   RO         3365    i.SetEPTxValid      usb_regs.o
    0x08007340   0x00000018   Code   RO         3366    i.SetEPType         usb_regs.o
    0x08007358   0x000000a8   Code   RO           10    i.SetSysClockTo72   system_stm32f10x.o
    0x08007400   0x000000a4   Code   RO         3703    i.Set_System        hw_config.o
    0x080074a4   0x00000014   Code   RO         3704    i.Set_USBClock      hw_config.o
    0x080074b8   0x00000068   Code   RO         3094    i.Setup0_Process    usb_core.o
    0x08007520   0x0000001e   Code   RO         4217    i.Soft_delay_ms     delay.o
    0x0800753e   0x00000002   PAD
    0x08007540   0x00000028   Code   RO         4729    i.SpiInOut          spi.o
    0x08007568   0x00000004   Code   RO         4730    i.SpiInit           spi.o
    0x0800756c   0x000000ec   Code   RO         3095    i.Standard_ClearFeature  usb_core.o
    0x08007658   0x00000028   Code   RO         3096    i.Standard_GetConfiguration  usb_core.o
    0x08007680   0x0000001c   Code   RO         3097    i.Standard_GetDescriptorData  usb_core.o
    0x0800769c   0x00000028   Code   RO         3098    i.Standard_GetInterface  usb_core.o
    0x080076c4   0x00000090   Code   RO         3099    i.Standard_GetStatus  usb_core.o
    0x08007754   0x00000038   Code   RO         3100    i.Standard_SetConfiguration  usb_core.o
    0x0800778c   0x00000024   Code   RO         3101    i.Standard_SetDeviceFeature  usb_core.o
    0x080077b0   0x00000080   Code   RO         3102    i.Standard_SetEndPointFeature  usb_core.o
    0x08007830   0x00000048   Code   RO         3103    i.Standard_SetInterface  usb_core.o
    0x08007878   0x00000034   Code   RO         4325    i.Sum_check         usart.o
    0x080078ac   0x00000020   Code   RO         3961    i.Suspend           usb_pwr.o
    0x080078cc   0x00000010   Code   RO         4111    i.SysTick_Handler   stm32f10x_it.o
    0x080078dc   0x00000050   Code   RO           12    i.SystemInit        system_stm32f10x.o
    0x0800792c   0x00000024   Code   RO         4112    i.TIM1_UP_IRQHandler  stm32f10x_it.o
    0x08007950   0x00000006   Code   RO         2326    i.TIM_ClearFlag     stm32f10x_tim.o
    0x08007956   0x00000006   Code   RO         2327    i.TIM_ClearITPendingBit  stm32f10x_tim.o
    0x0800795c   0x00000014   Code   RO         2332    i.TIM_Cmd           stm32f10x_tim.o
    0x08007970   0x00000016   Code   RO         2334    i.TIM_CtrlPWMOutputs  stm32f10x_tim.o
    0x08007986   0x00000002   PAD
    0x08007988   0x00000170   Code   RO         2337    i.TIM_DeInit        stm32f10x_tim.o
    0x08007af8   0x00000018   Code   RO         2353    i.TIM_GetITStatus   stm32f10x_tim.o
    0x08007b10   0x00000010   Code   RO         2357    i.TIM_ITConfig      stm32f10x_tim.o
    0x08007b20   0x00000080   Code   RO         2361    i.TIM_OC1Init       stm32f10x_tim.o
    0x08007ba0   0x0000000c   Code   RO         2364    i.TIM_OC1PreloadConfig  stm32f10x_tim.o
    0x08007bac   0x00000080   Code   RO         2366    i.TIM_OC2Init       stm32f10x_tim.o
    0x08007c2c   0x00000014   Code   RO         2369    i.TIM_OC2PreloadConfig  stm32f10x_tim.o
    0x08007c40   0x0000007c   Code   RO         2371    i.TIM_OC3Init       stm32f10x_tim.o
    0x08007cbc   0x0000000c   Code   RO         2374    i.TIM_OC3PreloadConfig  stm32f10x_tim.o
    0x08007cc8   0x00000064   Code   RO         2376    i.TIM_OC4Init       stm32f10x_tim.o
    0x08007d2c   0x00000014   Code   RO         2378    i.TIM_OC4PreloadConfig  stm32f10x_tim.o
    0x08007d40   0x00000014   Code   RO         2379    i.TIM_OCStructInit  stm32f10x_tim.o
    0x08007d54   0x0000009c   Code   RO         2403    i.TIM_TimeBaseInit  stm32f10x_tim.o
    0x08007df0   0x00000070   Code   RO         4448    i.Timer1_Init       bsp.o
    0x08007e60   0x00000028   Code   RO         4326    i.UART2_CommandRoute  usart.o
    0x08007e88   0x00000034   Code   RO         4329    i.USART2_IRQHandler  usart.o
    0x08007ebc   0x0000000c   Code   RO         2852    i.USART_ClearITPendingBit  stm32f10x_usart.o
    0x08007ec8   0x00000014   Code   RO         2855    i.USART_Cmd         stm32f10x_usart.o
    0x08007edc   0x00000078   Code   RO         4330    i.USART_Configuration  usart.o
    0x08007f54   0x0000003c   Code   RO         4331    i.USART_GPIO_Configuration  usart.o
    0x08007f90   0x0000000e   Code   RO         2858    i.USART_GetFlagStatus  stm32f10x_usart.o
    0x08007f9e   0x0000003e   Code   RO         2859    i.USART_GetITStatus  stm32f10x_usart.o
    0x08007fdc   0x00000030   Code   RO         2861    i.USART_ITConfig    stm32f10x_usart.o
    0x0800800c   0x000000b4   Code   RO         2862    i.USART_Init        stm32f10x_usart.o
    0x080080c0   0x0000001e   Code   RO         4332    i.USART_RCC_Configuration  usart.o
    0x080080de   0x00000008   Code   RO         2869    i.USART_ReceiveData  stm32f10x_usart.o
    0x080080e6   0x00000008   Code   RO         2872    i.USART_SendData    stm32f10x_usart.o
    0x080080ee   0x00000002   PAD
    0x080080f0   0x00000018   Code   RO         3705    i.USB_Cable_Config  hw_config.o
    0x08008108   0x00000028   Code   RO         3240    i.USB_Init          usb_init.o
    0x08008130   0x00000028   Code   RO         3706    i.USB_Interrupts_Config  hw_config.o
    0x08008158   0x000000c0   Code   RO         3819    i.USB_Istr          usb_istr.o
    0x08008218   0x00000004   Code   RO         4113    i.USB_LP_CAN1_RX0_IRQHandler  stm32f10x_it.o
    0x0800821c   0x0000003c   Code   RO         4402    i.USB_SendString    usb_io.o
    0x08008258   0x00000002   Code   RO         4114    i.UsageFault_Handler  stm32f10x_it.o
    0x0800825a   0x00000002   PAD
    0x0800825c   0x00000028   Code   RO         3297    i.UserToPMABufferCopy  usb_mem.o
    0x08008284   0x00000020   Code   RO         5937    i.__0printf$5       mc_w.l(printf5.o)
    0x080082a4   0x0000000e   Code   RO         6153    i.__scatterload_copy  mc_w.l(handlers.o)
    0x080082b2   0x00000002   Code   RO         6154    i.__scatterload_null  mc_w.l(handlers.o)
    0x080082b4   0x0000000e   Code   RO         6155    i.__scatterload_zeroinit  mc_w.l(handlers.o)
    0x080082c2   0x00000002   PAD
    0x080082c4   0x000002c0   Code   RO         5944    i._printf_core      mc_w.l(printf5.o)
    0x08008584   0x000000b8   Code   RO         4449    i.bsp_init          bsp.o
    0x0800863c   0x00000004   Code   RO         4220    i.delay_ms          delay.o
    0x08008640   0x00000024   Code   RO         4333    i.fputc             usart.o
    0x08008664   0x000001e4   Code   RO         4002    i.main              main.o
    0x08008848   0x00000064   Code   RO         4003    i.read_lora_setting_from_Flash  main.o
    0x080088ac   0x00000098   Code   RO         5791    i.round             m_ws.l(round.o)
    0x08008944   0x000000a4   Code   RO         4004    i.set_lora_para     main.o
    0x080089e8   0x0000008c   Code   RO         4005    i.write_lora_setting_to_Flash  main.o
    0x08008a74   0x00000012   Data   RO         3774    .constdata          usb_desc.o
    0x08008a86   0x00000029   Data   RO         3775    .constdata          usb_desc.o
    0x08008aaf   0x00000021   Data   RO         3776    .constdata          usb_desc.o
    0x08008ad0   0x00000004   Data   RO         3777    .constdata          usb_desc.o
    0x08008ad4   0x00000014   Data   RO         3778    .constdata          usb_desc.o
    0x08008ae8   0x00000012   Data   RO         3779    .constdata          usb_desc.o
    0x08008afa   0x00000002   PAD
    0x08008afc   0x00000084   Data   RO         4008    .constdata          main.o
    0x08008b80   0x000001bc   Data   RO         5443    .constdata          sx1276-lora.o
    0x08008d3c   0x0000007b   Data   RO         4009    .conststring        main.o
    0x08008db7   0x00000001   PAD
    0x08008db8   0x00000020   Data   RO         6151    Region$$Table       anon$$obj.o


    Execution Region RW_IRAM1 (Base: 0x20000000, Size: 0x00000f28, Max: 0x00005000, ABSOLUTE, COMPRESSED[0x000000d8])

    Base Addr    Size         Type   Attr      Idx    E Section Name        Object

    0x20000000   0x00000014   Data   RW           13    .data               system_stm32f10x.o
    0x20000014   0x00000014   Data   RW         1731    .data               stm32f10x_rcc.o
    0x20000028   0x00000004   Data   RW         3104    .data               usb_core.o
    0x2000002c   0x00000001   Data   RW         3242    .data               usb_init.o
    0x2000002d   0x00000003   PAD
    0x20000030   0x0000000c   Data   RW         3243    .data               usb_init.o
    0x2000003c   0x00000002   Data   RW         3245    .data               usb_init.o
    0x2000003e   0x00000004   Data   RW         3268    .data               usb_int.o
    0x20000042   0x00000001   Data   RW         3707    .data               hw_config.o
    0x20000043   0x0000001a   Data   RW         3780    .data               usb_desc.o
    0x2000005d   0x00000003   PAD
    0x20000060   0x00000004   Data   RW         3797    .data               usb_endp.o
    0x20000064   0x00000004   Data   RW         3820    .data               usb_istr.o
    0x20000068   0x0000001c   Data   RW         3821    .data               usb_istr.o
    0x20000084   0x0000001c   Data   RW         3822    .data               usb_istr.o
    0x200000a0   0x00000002   Data   RW         3858    .data               usb_prop.o
    0x200000a2   0x00000002   PAD
    0x200000a4   0x00000074   Data   RW         3859    .data               usb_prop.o
    0x20000118   0x00000024   Data   RW         3860    .data               usb_prop.o
    0x2000013c   0x00000004   Data   RW         3962    .data               usb_pwr.o
    0x20000140   0x00000001   Data   RW         3963    .data               usb_pwr.o
    0x20000141   0x00000002   Data   RW         3964    .data               usb_pwr.o
    0x20000143   0x00000001   PAD
    0x20000144   0x0000001a   Data   RW         4010    .data               main.o
    0x2000015e   0x00000002   PAD
    0x20000160   0x00000004   Data   RW         4011    .data               main.o
    0x20000164   0x00000004   Data   RW         4115    .data               stm32f10x_it.o
    0x20000168   0x0000002c   Data   RW         4337    .data               usart.o
    0x20000194   0x00000004   Data   RW         4752    .data               sx12xxeiger.o
    0x20000198   0x00000002   Data   RW         4996    .data               sx1276.o
    0x2000019a   0x00000006   PAD
    0x200001a0   0x00000054   Data   RW         5129    .data               sx1276-fsk.o
    0x200001f4   0x00000004   PAD
    0x200001f8   0x0000003c   Data   RW         5444    .data               sx1276-lora.o
    0x20000234   0x00000004   Data   RW         6118    .data               mc_w.l(stdout.o)
    0x20000238   0x0000001c   Zero   RW         3241    .bss                usb_init.o
    0x20000254   0x00000040   Zero   RW         3795    .bss                usb_endp.o
    0x20000294   0x00000040   Zero   RW         3796    .bss                usb_endp.o
    0x200002d4   0x00000028   Zero   RW         4006    .bss                main.o
    0x200002fc   0x00000064   Zero   RW         4334    .bss                usart.o
    0x20000360   0x00000040   Zero   RW         4335    .bss                usart.o
    0x200003a0   0x00000018   Zero   RW         4910    .bss                radio.o
    0x200003b8   0x00000070   Zero   RW         4995    .bss                sx1276.o
    0x20000428   0x00000100   Zero   RW         5128    .bss                sx1276-fsk.o
    0x20000528   0x00000100   Zero   RW         5442    .bss                sx1276-lora.o
    0x20000628   0x00000900   Zero   RW            1    STACK               startup_stm32f10x_hd.o


==============================================================================

Image component sizes


      Code (inc. data)   RO Data    RW Data    ZI Data      Debug   Object Name

       930        202          0          0          0       3471   bsp.o
        34          0          0          0          0       1047   delay.o
       358         20          0          1          0       4481   hw_config.o
       384         16          0          0          0        805   ledpwm.o
      1140        316        255         30         40      21673   main.o
       140         28          0          0          0       1953   misc.o
        56         28          0          0         24        996   radio.o
        44          6          0          0          0        917   spi.o
        36          8        304          0       2304        888   startup_stm32f10x_hd.o
        44         10          0          0          0       1088   stm32f10x_exti.o
       362         52          0          0          0       7266   stm32f10x_flash.o
       272          6          0          0          0       4574   stm32f10x_gpio.o
       304         52          0          4          0       7814   stm32f10x_it.o
       592        108          0         20          0      11711   stm32f10x_rcc.o
        98          0          0          0          0       3662   stm32f10x_spi.o
      1182        154          0          0          0      11262   stm32f10x_tim.o
       352          4          0          0          0       6275   stm32f10x_usart.o
      1196         94          0         84        256      34041   sx1276-fsk.o
       544         84          0          0          0       8527   sx1276-hal.o
      1522         96        444         60        256      20706   sx1276-lora.o
       908        136          0          0          0       8336   sx1276-loramisc.o
       366         76          0          2        112       4054   sx1276.o
        64         10          0          4          0      16341   sx12xxeiger.o
       248         24          0         20          0     267877   system_stm32f10x.o
       530         50          0         44        164       5356   usart.o
      2146        276          0          4          0      16579   usb_core.o
         0          0        134         26          0       1004   usb_desc.o
        50          8          0          4        128       1596   usb_endp.o
        40         18          0         15         28       4046   usb_init.o
       332         26          0          4          0       1580   usb_int.o
        60          6          0          0          0        858   usb_io.o
       192         22          0         60          0       1272   usb_istr.o
        72         12          0          0          0       1556   usb_mem.o
       558        126          0        154          0      11373   usb_prop.o
       232         34          0          7          0       3210   usb_pwr.o
       558        108          0          0          0       8817   usb_regs.o

    ----------------------------------------------------------------------
     15980       2216       1172        564       3312     507012   Object Totals
         0          0         32          0          0          0   (incl. Generated)
        34          0          3         21          0          0   (incl. Padding)

    ----------------------------------------------------------------------

      Code (inc. data)   RO Data    RW Data    ZI Data      Debug   Library Member Name

       152         14          0          0          0         88   round.o
        92          0          0          0          0          0   __dczerorl2.o
         0          0          0          0          0          0   entry.o
         0          0          0          0          0          0   entry10a.o
         0          0          0          0          0          0   entry11a.o
         8          4          0          0          0          0   entry2.o
         4          0          0          0          0          0   entry5.o
         0          0          0          0          0          0   entry7b.o
         0          0          0          0          0          0   entry8b.o
         8          4          0          0          0          0   entry9a.o
        30          0          0          0          0          0   handlers.o
        36          8          0          0          0         68   init.o
         0          0          0          0          0          0   iusefp.o
        30          0          0          0          0         68   llshl.o
        36          0          0          0          0         68   llsshr.o
        32          0          0          0          0         68   llushr.o
        36          0          0          0          0         68   memcpya.o
        36          0          0          0          0        108   memseta.o
       736         56          0          0          0        184   printf5.o
         0          0          0          4          0          0   stdout.o
        30          0          0          0          0         80   strncmp.o
        98          0          0          0          0         92   uldiv.o
        40          2          0          0          0         68   cdcmple.o
        40          2          0          0          0         68   cdrcmple.o
       334          0          0          0          0        148   dadd.o
       222          0          0          0          0        100   ddiv.o
       190          0          0          0          0        176   depilogue.o
        62          0          0          0          0         80   dfixi.o
        50          0          0          0          0         76   dfixui.o
        34          0          0          0          0         76   dflti.o
        26          0          0          0          0         76   dfltui.o
       228          0          0          0          0         96   dmul.o
       136          4          0          0          0         92   drnd.o
        46          0          0          0          0         80   dscalb.o

    ----------------------------------------------------------------------
      2776         94          0          4          0       2028   Library Totals
         4          0          0          0          0          0   (incl. Padding)

    ----------------------------------------------------------------------

      Code (inc. data)   RO Data    RW Data    ZI Data      Debug   Library Name

       152         14          0          0          0         88   m_ws.l
      1212         72          0          4          0        804   mc_w.l
      1408          8          0          0          0       1136   mf_w.l

    ----------------------------------------------------------------------
      2776         94          0          4          0       2028   Library Totals

    ----------------------------------------------------------------------

==============================================================================


      Code (inc. data)   RO Data    RW Data    ZI Data      Debug   

     18756       2310       1172        568       3312     495728   Grand Totals
     18756       2310       1172        216       3312     495728   ELF Image Totals (compressed)
     18756       2310       1172        216          0          0   ROM Totals

==============================================================================

    Total RO  Size (Code + RO Data)                19928 (  19.46kB)
    Total RW  Size (RW Data + ZI Data)              3880 (   3.79kB)
    Total ROM Size (Code + RO Data + RW Data)      20144 (  19.67kB)

==============================================================================

